Archive member included to satisfy reference by file (symbol)

.pio/build/genericSTM32H723ZG/liba0e/libFTServo.a(HLSCL.cpp.o)
                              .pio/build/genericSTM32H723ZG/src/main.cpp.o (HLSCL::SyncWriteSpe(unsigned char*, unsigned char, short*, unsigned char*, unsigned short*))
.pio/build/genericSTM32H723ZG/liba0e/libFTServo.a(SCS.cpp.o)
                              .pio/build/genericSTM32H723ZG/liba0e/libFTServo.a(HLSCL.cpp.o) (SCS::Host2SCS(unsigned char*, unsigned char*, unsigned short))
.pio/build/genericSTM32H723ZG/liba0e/libFTServo.a(SCSerial.cpp.o)
                              .pio/build/genericSTM32H723ZG/liba0e/libFTServo.a(HLSCL.cpp.o) (SCSerial::writeSCS(unsigned char*, int))
.pio/build/genericSTM32H723ZG/lib150/libSparkFun_BNO08x_Cortex_Based_IMU.a(SparkFun_BNO08x_Arduino_Library.cpp.o)
                              .pio/build/genericSTM32H723ZG/src/main.cpp.o (BNO08x::getRoll())
.pio/build/genericSTM32H723ZG/lib150/libSparkFun_BNO08x_Cortex_Based_IMU.a(sh2.c.o)
                              .pio/build/genericSTM32H723ZG/lib150/libSparkFun_BNO08x_Cortex_Based_IMU.a(SparkFun_BNO08x_Arduino_Library.cpp.o) (sh2_open)
.pio/build/genericSTM32H723ZG/lib150/libSparkFun_BNO08x_Cortex_Based_IMU.a(sh2_SensorValue.c.o)
                              .pio/build/genericSTM32H723ZG/lib150/libSparkFun_BNO08x_Cortex_Based_IMU.a(SparkFun_BNO08x_Arduino_Library.cpp.o) (sh2_decodeSensorEvent)
.pio/build/genericSTM32H723ZG/lib150/libSparkFun_BNO08x_Cortex_Based_IMU.a(sh2_util.c.o)
                              .pio/build/genericSTM32H723ZG/lib150/libSparkFun_BNO08x_Cortex_Based_IMU.a(sh2_SensorValue.c.o) (readu16)
.pio/build/genericSTM32H723ZG/lib150/libSparkFun_BNO08x_Cortex_Based_IMU.a(shtp.c.o)
                              .pio/build/genericSTM32H723ZG/lib150/libSparkFun_BNO08x_Cortex_Based_IMU.a(sh2.c.o) (shtp_close)
.pio/build/genericSTM32H723ZG/libff2/libforLib.a(forLib.cpp.o)
                              .pio/build/genericSTM32H723ZG/src/main.cpp.o (ID)
.pio/build/genericSTM32H723ZG/libFrameworkArduino.a(HardwareSerial.cpp.o)
                              .pio/build/genericSTM32H723ZG/libff2/libforLib.a(forLib.cpp.o) (HardwareSerial::HardwareSerial(unsigned long, unsigned long, unsigned long, unsigned long))
.pio/build/genericSTM32H723ZG/libFrameworkArduino.a(Print.cpp.o)
                              .pio/build/genericSTM32H723ZG/lib150/libSparkFun_BNO08x_Cortex_Based_IMU.a(SparkFun_BNO08x_Arduino_Library.cpp.o) (Print::print(__FlashStringHelper const*))
.pio/build/genericSTM32H723ZG/libFrameworkArduino.a(Stream.cpp.o)
                              .pio/build/genericSTM32H723ZG/libFrameworkArduino.a(HardwareSerial.cpp.o) (Stream::readBytes(char*, unsigned int))
.pio/build/genericSTM32H723ZG/libFrameworkArduino.a(WString.cpp.o)
                              .pio/build/genericSTM32H723ZG/libFrameworkArduino.a(Stream.cpp.o) (String::String(char const*))
.pio/build/genericSTM32H723ZG/libFrameworkArduino.a(dtostrf.c.o)
                              .pio/build/genericSTM32H723ZG/libFrameworkArduino.a(WString.cpp.o) (dtostrf)
.pio/build/genericSTM32H723ZG/libFrameworkArduino.a(itoa.c.o)
                              .pio/build/genericSTM32H723ZG/libFrameworkArduino.a(WString.cpp.o) (ltoa)
.pio/build/genericSTM32H723ZG/libFrameworkArduino.a(main.cpp.o)
                              c:/users/yutar/.platformio/packages/toolchain-gccarmnoneeabi/bin/../lib/gcc/arm-none-eabi/12.3.1/../../../../arm-none-eabi/lib/thumb/v7e-m+fp/hard/crt0.o (main)
.pio/build/genericSTM32H723ZG/libFrameworkArduino.a(startup_stm32yyxx.S.o)
                              (Reset_Handler)
.pio/build/genericSTM32H723ZG/libFrameworkArduino.a(wiring_analog.c.o)
                              .pio/build/genericSTM32H723ZG/libff2/libforLib.a(forLib.cpp.o) (analogRead)
.pio/build/genericSTM32H723ZG/libFrameworkArduino.a(wiring_digital.c.o)
                              .pio/build/genericSTM32H723ZG/lib150/libSparkFun_BNO08x_Cortex_Based_IMU.a(SparkFun_BNO08x_Arduino_Library.cpp.o) (pinMode)
.pio/build/genericSTM32H723ZG/libFrameworkArduino.a(wiring_time.c.o)
                              .pio/build/genericSTM32H723ZG/liba0e/libFTServo.a(SCSerial.cpp.o) (millis)
.pio/build/genericSTM32H723ZG/libFrameworkArduino.a(WSerial.cpp.o)
                              .pio/build/genericSTM32H723ZG/libFrameworkArduino.a(main.cpp.o) (serialEventRun())
.pio/build/genericSTM32H723ZG/libFrameworkArduino.a(board.c.o)
                              .pio/build/genericSTM32H723ZG/libFrameworkArduino.a(main.cpp.o) (init)
.pio/build/genericSTM32H723ZG/libFrameworkArduino.a(hooks.c.o)
                              .pio/build/genericSTM32H723ZG/libFrameworkArduino.a(wiring_time.c.o) (yield)
.pio/build/genericSTM32H723ZG/libFrameworkArduino.a(pins_arduino.c.o)
                              .pio/build/genericSTM32H723ZG/libFrameworkArduino.a(wiring_analog.c.o) (analogInputToPinName)
[...]
Memory Configuration

Name             Origin             Length             Attributes
*default*        0x00000000         0xffffffff
ITCMRAM          0x00000000         0x00010000         xrw
DTCMRAM          0x20000000         0x00020000         xrw
FLASH            0x08000000         0x00100000         xr
RAM_D1           0x24000000         0x00050000         xrw
RAM_D2           0x30000000         0x00008000         xrw
RAM_D3           0x38000000         0x00004000         xrw

Linker script and memory map

                0x24050000                        _estack = (ORIGIN (RAM_D1) + LENGTH (RAM_D1))
                0x00000200                        _Min_Heap_Size = 0x200
                0x00000400                        _Min_Stack_Size = 0x400

.isr_vector     0x08000000      0x2cc
                0x08000000                        . = ALIGN (0x4)
 *(.isr_vector)
 .isr_vector    0x08000000      0x2cc .pio/build/genericSTM32H723ZG/libFrameworkArduino.a(startup_stm32yyxx.S.o)
                0x08000000                g_pfnVectors
                0x080002cc                        . = ALIGN (0x4)

.text           0x080002d0     0xd78c
                0x080002d0                        . = ALIGN (0x4)
 *(.text)
 .text          0x080002d0      0x378 c:/users/yutar/.platformio/packages/toolchain-gccarmnoneeabi/bin/../lib/gcc/arm-none-eabi/12.3.1/thumb/v7e-m+fp/hard\libgcc.a(_arm_addsubdf3.o)
                0x080002d0                __aeabi_drsub
                0x080002d8                __aeabi_dsub
                0x080002d8                __subdf3
                0x080002dc                __aeabi_dadd
                0x080002dc                __adddf3
                0x08000554                __floatunsidf
                0x08000554                __aeabi_ui2d
                0x08000574                __floatsidf
                0x08000574                __aeabi_i2d
                0x08000598                __aeabi_f2d
                0x08000598                __extendsfdf2
                0x080005dc                __floatundidf
                0x080005dc                __aeabi_ul2d
                0x080005ec                __floatdidf
                0x080005ec                __aeabi_l2d
 .text          0x08000648      0x424 c:/users/yutar/.platformio/packages/toolchain-gccarmnoneeabi/bin/../lib/gcc/arm-none-eabi/12.3.1/thumb/v7e-m+fp/hard\libgcc.a(_arm_muldivdf3.o)
                0x08000648                __aeabi_dmul
                0x08000648                __muldf3
                0x0800089c                __divdf3
                0x0800089c                __aeabi_ddiv
 .text          0x08000a6c      0x110 c:/users/yutar/.platformio/packages/toolchain-gccarmnoneeabi/bin/../lib/gcc/arm-none-eabi/12.3.1/thumb/v7e-m+fp/hard\libgcc.a(_arm_cmpdf2.o)
                0x08000a6c                __gtdf2
                0x08000a6c                __gedf2
                0x08000a74                __ltdf2
                0x08000a74                __ledf2
                0x08000a7c                __nedf2
                0x08000a7c                __eqdf2
                0x08000a7c                __cmpdf2
                0x08000af8                __aeabi_cdrcmple
                0x08000b08                __aeabi_cdcmpeq
                0x08000b08                __aeabi_cdcmple
                0x08000b18                __aeabi_dcmpeq
                0x08000b2c                __aeabi_dcmplt
                0x08000b40                __aeabi_dcmple
                0x08000b54                __aeabi_dcmpge
                0x08000b68                __aeabi_dcmpgt
 .text          0x08000b7c       0x2c c:/users/yutar/.platformio/packages/toolchain-gccarmnoneeabi/bin/../lib/gcc/arm-none-eabi/12.3.1/thumb/v7e-m+fp/hard\libgcc.a(_arm_unorddf2.o)
                0x08000b7c                __unorddf2
                0x08000b7c                __aeabi_dcmpun
 .text          0x08000ba8       0xa0 c:/users/yutar/.platformio/packages/toolchain-gccarmnoneeabi/bin/../lib/gcc/arm-none-eabi/12.3.1/thumb/v7e-m+fp/hard\libgcc.a(_arm_truncdfsf2.o)
                0x08000ba8                __truncdfsf2
                0x08000ba8                __aeabi_d2f
 .text          0x08000c48       0x30 c:/users/yutar/.platformio/packages/toolchain-gccarmnoneeabi/bin/../lib/gcc/arm-none-eabi/12.3.1/thumb/v7e-m+fp/hard\libgcc.a(_aeabi_uldivmod.o)
                0x08000c48                __aeabi_uldivmod
 .text          0x08000c78        0x4 c:/users/yutar/.platformio/packages/toolchain-gccarmnoneeabi/bin/../lib/gcc/arm-none-eabi/12.3.1/thumb/v7e-m+fp/hard\libgcc.a(_dvmd_tls.o)
                0x08000c78                __aeabi_idiv0
                0x08000c78                __aeabi_ldiv0
 .text          0x08000c7c       0x14 c:/users/yutar/.platformio/packages/toolchain-gccarmnoneeabi/bin/../lib/gcc/arm-none-eabi/12.3.1/../../../../arm-none-eabi/lib/thumb/v7e-m+fp/hard\libc_nano.a(libc_a-strcmp.o)
                0x08000c7c                strcmp
 .text          0x08000c90       0x10 c:/users/yutar/.platformio/packages/toolchain-gccarmnoneeabi/bin/../lib/gcc/arm-none-eabi/12.3.1/../../../../arm-none-eabi/lib/thumb/v7e-m+fp/hard\libc_nano.a(libc_a-strlen.o)
                0x08000c90                strlen
 *(.text*)
 .text.__do_global_dtors_aux
                0x08000ca0       0x24 c:/users/yutar/.platformio/packages/toolchain-gccarmnoneeabi/bin/../lib/gcc/arm-none-eabi/12.3.1/thumb/v7e-m+fp/hard/crtbegin.o
 .text.frame_dummy
                0x08000cc4       0x1c c:/users/yutar/.platformio/packages/toolchain-gccarmnoneeabi/bin/../lib/gcc/arm-none-eabi/12.3.1/thumb/v7e-m+fp/hard/crtbegin.o
 .text.SystemClock_Config
                0x08000ce0      0x124 .pio/build/genericSTM32H723ZG/FrameworkArduinoVariant/generic_clock.c.o
                0x08000ce0                SystemClock_Config
 .text.HAL_MspInit
                0x08000e04        0x2 .pio/build/genericSTM32H723ZG/SrcWrapper/src/HAL/stm32yyxx_hal.c.o
                0x08000e04                HAL_MspInit
 *fill*         0x08000e06        0x2 
 .text.HAL_InitTick
                0x08000e08       0x4c .pio/build/genericSTM32H723ZG/SrcWrapper/src/HAL/stm32yyxx_hal.c.o
                0x08000e08                HAL_InitTick
 .text.HAL_Init
                0x08000e54       0x5c .pio/build/genericSTM32H723ZG/SrcWrapper/src/HAL/stm32yyxx_hal.c.o
                0x08000e54                HAL_Init
 .text.HAL_IncTick
                0x08000eb0       0x18 .pio/build/genericSTM32H723ZG/SrcWrapper/src/HAL/stm32yyxx_hal.c.o
                0x08000eb0                HAL_IncTick
 .text.HAL_GetTick
                0x08000ec8        0xc .pio/build/genericSTM32H723ZG/SrcWrapper/src/HAL/stm32yyxx_hal.c.o
                0x08000ec8                HAL_GetTick
 .text.HAL_GetREVID
                0x08000ed4        0xc .pio/build/genericSTM32H723ZG/SrcWrapper/src/HAL/stm32yyxx_hal.c.o
                0x08000ed4                HAL_GetREVID
 .text.HAL_NVIC_SetPriorityGrouping
                0x08000ee0       0x24 .pio/build/genericSTM32H723ZG/SrcWrapper/src/HAL/stm32yyxx_hal_cortex.c.o
                0x08000ee0                HAL_NVIC_SetPriorityGrouping
 .text.HAL_NVIC_SetPriority
                0x08000f04       0x64 .pio/build/genericSTM32H723ZG/SrcWrapper/src/HAL/stm32yyxx_hal_cortex.c.o
                0x08000f04                HAL_NVIC_SetPriority
 .text.HAL_NVIC_EnableIRQ
                0x08000f68       0x1c .pio/build/genericSTM32H723ZG/SrcWrapper/src/HAL/stm32yyxx_hal_cortex.c.o
                0x08000f68                HAL_NVIC_EnableIRQ
 .text.HAL_NVIC_DisableIRQ
                0x08000f84       0x24 .pio/build/genericSTM32H723ZG/SrcWrapper/src/HAL/stm32yyxx_hal_cortex.c.o
                0x08000f84                HAL_NVIC_DisableIRQ
 .text.HAL_SYSTICK_Config
                0x08000fa8       0x28 .pio/build/genericSTM32H723ZG/SrcWrapper/src/HAL/stm32yyxx_hal_cortex.c.o
                0x08000fa8                HAL_SYSTICK_Config
 .text.HAL_NVIC_ClearPendingIRQ
                0x08000fd0       0x1c .pio/build/genericSTM32H723ZG/SrcWrapper/src/HAL/stm32yyxx_hal_cortex.c.o
                0x08000fd0                HAL_NVIC_ClearPendingIRQ
 .text.HAL_SYSTICK_Callback
                0x08000fec        0x2 .pio/build/genericSTM32H723ZG/SrcWrapper/src/HAL/stm32yyxx_hal_cortex.c.o
                0x08000fec                HAL_SYSTICK_Callback
 .text.HAL_SYSTICK_IRQHandler
                0x08000fee        0x8 .pio/build/genericSTM32H723ZG/SrcWrapper/src/HAL/stm32yyxx_hal_cortex.c.o
                0x08000fee                HAL_SYSTICK_IRQHandler
 .text.HAL_CRC_MspInit
                0x08000ff6        0x2 .pio/build/genericSTM32H723ZG/SrcWrapper/src/HAL/stm32yyxx_hal_crc.c.o
                0x08000ff6                HAL_CRC_MspInit
 .text.HAL_CRC_Init
                0x08000ff8       0x74 .pio/build/genericSTM32H723ZG/SrcWrapper/src/HAL/stm32yyxx_hal_crc.c.o
                0x08000ff8                HAL_CRC_Init
 .text.HAL_CRCEx_Polynomial_Set
                0x0800106c       0x52 .pio/build/genericSTM32H723ZG/SrcWrapper/src/HAL/stm32yyxx_hal_crc_ex.c.o
                0x0800106c                HAL_CRCEx_Polynomial_Set
 .text.HAL_DAC_DeInit
                0x080010be       0x1c .pio/build/genericSTM32H723ZG/SrcWrapper/src/HAL/stm32yyxx_hal_dac.c.o
                0x080010be                HAL_DAC_DeInit
 .text.HAL_DAC_Stop
                0x080010da       0x22 .pio/build/genericSTM32H723ZG/SrcWrapper/src/HAL/stm32yyxx_hal_dac.c.o
                0x080010da                HAL_DAC_Stop
 .text.HAL_DMA_Abort
                0x080010fc      0x43c .pio/build/genericSTM32H723ZG/SrcWrapper/src/HAL/stm32yyxx_hal_dma.c.o
                0x080010fc                HAL_DMA_Abort
 .text.HAL_DMA_Abort_IT
                0x08001538      0x140 .pio/build/genericSTM32H723ZG/SrcWrapper/src/HAL/stm32yyxx_hal_dma.c.o
                0x08001538                HAL_DMA_Abort_IT
 .text.HAL_DMA_GetState
                0x08001678        0x6 .pio/build/genericSTM32H723ZG/SrcWrapper/src/HAL/stm32yyxx_hal_dma.c.o
                0x08001678                HAL_DMA_GetState
 .text.HAL_GPIO_EXTI_IRQHandler
                0x0800167e       0x18 .pio/build/genericSTM32H723ZG/SrcWrapper/src/HAL/stm32yyxx_hal_gpio.c.o
                0x0800167e                HAL_GPIO_EXTI_IRQHandler
 .text.I2C_Flush_TXDR
                0x08001696       0x1c .pio/build/genericSTM32H723ZG/SrcWrapper/src/HAL/stm32yyxx_hal_i2c.c.o
 *fill*         0x080016b2        0x2 
 .text.I2C_TransferConfig
                0x080016b4       0x2c .pio/build/genericSTM32H723ZG/SrcWrapper/src/HAL/stm32yyxx_hal_i2c.c.o
 .text.I2C_Enable_IRQ
                0x080016e0       0x88 .pio/build/genericSTM32H723ZG/SrcWrapper/src/HAL/stm32yyxx_hal_i2c.c.o
 .text.I2C_Disable_IRQ
                0x08001768       0x42 .pio/build/genericSTM32H723ZG/SrcWrapper/src/HAL/stm32yyxx_hal_i2c.c.o
 .text.I2C_IsErrorOccurred
                0x080017aa      0x116 .pio/build/genericSTM32H723ZG/SrcWrapper/src/HAL/stm32yyxx_hal_i2c.c.o
 .text.I2C_WaitOnFlagUntilTimeout
                0x080018c0       0x76 .pio/build/genericSTM32H723ZG/SrcWrapper/src/HAL/stm32yyxx_hal_i2c.c.o
 .text.I2C_ConvertOtherXferOptions
                0x08001936       0x1a .pio/build/genericSTM32H723ZG/SrcWrapper/src/HAL/stm32yyxx_hal_i2c.c.o
 .text.HAL_I2C_MspInit
                0x08001950        0x2 .pio/build/genericSTM32H723ZG/SrcWrapper/src/HAL/stm32yyxx_hal_i2c.c.o
                0x08001950                HAL_I2C_MspInit
 .text.HAL_I2C_Init
                0x08001952       0xaa .pio/build/genericSTM32H723ZG/SrcWrapper/src/HAL/stm32yyxx_hal_i2c.c.o
                0x08001952                HAL_I2C_Init
 .text.HAL_I2C_MspDeInit
                0x080019fc        0x2 .pio/build/genericSTM32H723ZG/SrcWrapper/src/HAL/stm32yyxx_hal_i2c.c.o
                0x080019fc                HAL_I2C_MspDeInit
 .text.HAL_I2C_DeInit
                0x080019fe       0x32 .pio/build/genericSTM32H723ZG/SrcWrapper/src/HAL/stm32yyxx_hal_i2c.c.o
                0x080019fe                HAL_I2C_DeInit
 .text.HAL_I2C_IsDeviceReady
                0x08001a30      0x10e .pio/build/genericSTM32H723ZG/SrcWrapper/src/HAL/stm32yyxx_hal_i2c.c.o
                0x08001a30                HAL_I2C_IsDeviceReady
 *fill*         0x08001b3e        0x2 
 .text.HAL_I2C_Master_Seq_Transmit_IT
                0x08001b40       0xe8 .pio/build/genericSTM32H723ZG/SrcWrapper/src/HAL/stm32yyxx_hal_i2c.c.o
                0x08001b40                HAL_I2C_Master_Seq_Transmit_IT
 .text.HAL_I2C_Master_Seq_Receive_IT
                0x08001c28       0xa4 .pio/build/genericSTM32H723ZG/SrcWrapper/src/HAL/stm32yyxx_hal_i2c.c.o
                0x08001c28                HAL_I2C_Master_Seq_Receive_IT
 .text.HAL_I2C_Slave_Seq_Transmit_IT
                0x08001ccc       0xc4 .pio/build/genericSTM32H723ZG/SrcWrapper/src/HAL/stm32yyxx_hal_i2c.c.o
                0x08001ccc                HAL_I2C_Slave_Seq_Transmit_IT
 .text.HAL_I2C_Slave_Seq_Receive_IT
                0x08001d90       0xc4 .pio/build/genericSTM32H723ZG/SrcWrapper/src/HAL/stm32yyxx_hal_i2c.c.o
                0x08001d90                HAL_I2C_Slave_Seq_Receive_IT
 .text.HAL_I2C_EnableListen_IT
                0x08001e54       0x28 .pio/build/genericSTM32H723ZG/SrcWrapper/src/HAL/stm32yyxx_hal_i2c.c.o
                0x08001e54                HAL_I2C_EnableListen_IT
 .text.HAL_I2C_EV_IRQHandler
                0x08001e7c        0xe .pio/build/genericSTM32H723ZG/SrcWrapper/src/HAL/stm32yyxx_hal_i2c.c.o
                0x08001e7c                HAL_I2C_EV_IRQHandler
 .text.HAL_I2C_MasterTxCpltCallback
                0x08001e8a        0x2 .pio/build/genericSTM32H723ZG/SrcWrapper/src/HAL/stm32yyxx_hal_i2c.c.o
                0x08001e8a                HAL_I2C_MasterTxCpltCallback
 .text.HAL_I2C_MasterRxCpltCallback
                0x08001e8c        0x2 .pio/build/genericSTM32H723ZG/SrcWrapper/src/HAL/stm32yyxx_hal_i2c.c.o
                0x08001e8c                HAL_I2C_MasterRxCpltCallback
 .text.I2C_ITMasterSeqCplt
                0x08001e8e       0x44 .pio/build/genericSTM32H723ZG/SrcWrapper/src/HAL/stm32yyxx_hal_i2c.c.o
 .text.I2C_ITSlaveSeqCplt
                0x08001ed2       0x6c .pio/build/genericSTM32H723ZG/SrcWrapper/src/HAL/stm32yyxx_hal_i2c.c.o
 .text.I2C_ITAddrCplt.constprop.0
                0x08001f3e       0x88 .pio/build/genericSTM32H723ZG/SrcWrapper/src/HAL/stm32yyxx_hal_i2c.c.o
 *fill*         0x08001fc6        0x2 
 .text.I2C_ITListenCplt
                0x08001fc8       0x60 .pio/build/genericSTM32H723ZG/SrcWrapper/src/HAL/stm32yyxx_hal_i2c.c.o
 .text.HAL_I2C_MemTxCpltCallback
                0x08002028        0x2 .pio/build/genericSTM32H723ZG/SrcWrapper/src/HAL/stm32yyxx_hal_i2c.c.o
                0x08002028                HAL_I2C_MemTxCpltCallback
 .text.HAL_I2C_MemRxCpltCallback
                0x0800202a        0x2 .pio/build/genericSTM32H723ZG/SrcWrapper/src/HAL/stm32yyxx_hal_i2c.c.o
                0x0800202a                HAL_I2C_MemRxCpltCallback
 .text.HAL_I2C_AbortCpltCallback
                0x0800202c        0x2 .pio/build/genericSTM32H723ZG/SrcWrapper/src/HAL/stm32yyxx_hal_i2c.c.o
                0x0800202c                HAL_I2C_AbortCpltCallback
 .text.I2C_TreatErrorCallback
                0x0800202e       0x2c .pio/build/genericSTM32H723ZG/SrcWrapper/src/HAL/stm32yyxx_hal_i2c.c.o
 *fill*         0x0800205a        0x2 
 .text.I2C_ITError
                0x0800205c      0x108 .pio/build/genericSTM32H723ZG/SrcWrapper/src/HAL/stm32yyxx_hal_i2c.c.o
 .text.I2C_ITMasterCplt
                0x08002164       0xee .pio/build/genericSTM32H723ZG/SrcWrapper/src/HAL/stm32yyxx_hal_i2c.c.o
 .text.I2C_Master_ISR_IT
                0x08002252      0x138 .pio/build/genericSTM32H723ZG/SrcWrapper/src/HAL/stm32yyxx_hal_i2c.c.o
 *fill*         0x0800238a        0x2 
 .text.I2C_Mem_ISR_DMA
                0x0800238c      0x128 .pio/build/genericSTM32H723ZG/SrcWrapper/src/HAL/stm32yyxx_hal_i2c.c.o
 .text.I2C_Master_ISR_DMA
                0x080024b4      0x104 .pio/build/genericSTM32H723ZG/SrcWrapper/src/HAL/stm32yyxx_hal_i2c.c.o
 .text.HAL_I2C_ER_IRQHandler
                0x080025b8       0x60 .pio/build/genericSTM32H723ZG/SrcWrapper/src/HAL/stm32yyxx_hal_i2c.c.o
                0x080025b8                HAL_I2C_ER_IRQHandler
 .text.I2C_ITSlaveCplt.constprop.0
                0x08002618      0x204 .pio/build/genericSTM32H723ZG/SrcWrapper/src/HAL/stm32yyxx_hal_i2c.c.o
 .text.I2C_Slave_ISR_DMA
                0x0800281c      0x1a8 .pio/build/genericSTM32H723ZG/SrcWrapper/src/HAL/stm32yyxx_hal_i2c.c.o
 .text.I2C_Slave_ISR_IT
                0x080029c4      0x112 .pio/build/genericSTM32H723ZG/SrcWrapper/src/HAL/stm32yyxx_hal_i2c.c.o
 .text.I2C_DMAAbort
                0x08002ad6       0x16 .pio/build/genericSTM32H723ZG/SrcWrapper/src/HAL/stm32yyxx_hal_i2c.c.o
 .text.HAL_I2C_GetState
                0x08002aec        0x6 .pio/build/genericSTM32H723ZG/SrcWrapper/src/HAL/stm32yyxx_hal_i2c.c.o
                0x08002aec                HAL_I2C_GetState
 .text.HAL_I2C_GetError
                0x08002af2        0x4 .pio/build/genericSTM32H723ZG/SrcWrapper/src/HAL/stm32yyxx_hal_i2c.c.o
                0x08002af2                HAL_I2C_GetError
 *fill*         0x08002af6        0x2 
 .text.HAL_PWR_EnableBkUpAccess
                0x08002af8       0x10 .pio/build/genericSTM32H723ZG/SrcWrapper/src/HAL/stm32yyxx_hal_pwr.c.o
                0x08002af8                HAL_PWR_EnableBkUpAccess
 .text.HAL_PWREx_ConfigSupply
                0x08002b08       0x48 .pio/build/genericSTM32H723ZG/SrcWrapper/src/HAL/stm32yyxx_hal_pwr_ex.c.o
                0x08002b08                HAL_PWREx_ConfigSupply
 .text.HAL_RCC_OscConfig
                0x08002b50      0x4f4 .pio/build/genericSTM32H723ZG/SrcWrapper/src/HAL/stm32yyxx_hal_rcc.c.o
                0x08002b50                HAL_RCC_OscConfig
 .text.HAL_RCC_GetSysClockFreq
                0x08003044      0x144 .pio/build/genericSTM32H723ZG/SrcWrapper/src/HAL/stm32yyxx_hal_rcc.c.o
                0x08003044                HAL_RCC_GetSysClockFreq
 .text.HAL_RCC_ClockConfig
                0x08003188      0x24c .pio/build/genericSTM32H723ZG/SrcWrapper/src/HAL/stm32yyxx_hal_rcc.c.o
                0x08003188                HAL_RCC_ClockConfig
 .text.HAL_RCC_GetHCLKFreq
                0x080033d4       0x44 .pio/build/genericSTM32H723ZG/SrcWrapper/src/HAL/stm32yyxx_hal_rcc.c.o
                0x080033d4                HAL_RCC_GetHCLKFreq
 .text.HAL_RCC_GetPCLK1Freq
                0x08003418       0x24 .pio/build/genericSTM32H723ZG/SrcWrapper/src/HAL/stm32yyxx_hal_rcc.c.o
                0x08003418                HAL_RCC_GetPCLK1Freq
 .text.HAL_RCC_GetPCLK2Freq
                0x0800343c       0x24 .pio/build/genericSTM32H723ZG/SrcWrapper/src/HAL/stm32yyxx_hal_rcc.c.o
                0x0800343c                HAL_RCC_GetPCLK2Freq
 .text.RCCEx_PLL2_Config
                0x08003460       0xf0 .pio/build/genericSTM32H723ZG/SrcWrapper/src/HAL/stm32yyxx_hal_rcc_ex.c.o
 .text.RCCEx_PLL3_Config
                0x08003550       0xf0 .pio/build/genericSTM32H723ZG/SrcWrapper/src/HAL/stm32yyxx_hal_rcc_ex.c.o
 .text.HAL_RCCEx_PeriphCLKConfig
                0x08003640      0x968 .pio/build/genericSTM32H723ZG/SrcWrapper/src/HAL/stm32yyxx_hal_rcc_ex.c.o
                0x08003640                HAL_RCCEx_PeriphCLKConfig
 .text.HAL_RCCEx_GetD3PCLK1Freq
                0x08003fa8       0x24 .pio/build/genericSTM32H723ZG/SrcWrapper/src/HAL/stm32yyxx_hal_rcc_ex.c.o
                0x08003fa8                HAL_RCCEx_GetD3PCLK1Freq
 .text.HAL_RCCEx_GetPLL2ClockFreq
                0x08003fcc      0x154 .pio/build/genericSTM32H723ZG/SrcWrapper/src/HAL/stm32yyxx_hal_rcc_ex.c.o
                0x08003fcc                HAL_RCCEx_GetPLL2ClockFreq
 .text.HAL_RCCEx_GetPLL3ClockFreq
                0x08004120      0x154 .pio/build/genericSTM32H723ZG/SrcWrapper/src/HAL/stm32yyxx_hal_rcc_ex.c.o
                0x08004120                HAL_RCCEx_GetPLL3ClockFreq
 .text.HAL_RCCEx_GetPLL1ClockFreq
                0x08004274      0x154 .pio/build/genericSTM32H723ZG/SrcWrapper/src/HAL/stm32yyxx_hal_rcc_ex.c.o
                0x08004274                HAL_RCCEx_GetPLL1ClockFreq
 .text.HAL_RCCEx_GetPeriphCLKFreq
                0x080043c8      0x2cc .pio/build/genericSTM32H723ZG/SrcWrapper/src/HAL/stm32yyxx_hal_rcc_ex.c.o
                0x080043c8                HAL_RCCEx_GetPeriphCLKFreq
 .text.HAL_RCCEx_CRSConfig
                0x08004694       0x6c .pio/build/genericSTM32H723ZG/SrcWrapper/src/HAL/stm32yyxx_hal_rcc_ex.c.o
                0x08004694                HAL_RCCEx_CRSConfig
 .text.HAL_TIM_PWM_PulseFinishedCallback
                0x08004700        0x2 .pio/build/genericSTM32H723ZG/SrcWrapper/src/HAL/stm32yyxx_hal_tim.c.o
                0x08004700                HAL_TIM_PWM_PulseFinishedCallback
 .text.HAL_TIM_TriggerCallback
                0x08004702        0x2 .pio/build/genericSTM32H723ZG/SrcWrapper/src/HAL/stm32yyxx_hal_tim.c.o
                0x08004702                HAL_TIM_TriggerCallback
 .text.HAL_TIM_IRQHandler
                0x08004704      0x140 .pio/build/genericSTM32H723ZG/SrcWrapper/src/HAL/stm32yyxx_hal_tim.c.o
                0x08004704                HAL_TIM_IRQHandler
 .text.TIM_Base_SetConfig
                0x08004844       0xbc .pio/build/genericSTM32H723ZG/SrcWrapper/src/HAL/stm32yyxx_hal_tim.c.o
                0x08004844                TIM_Base_SetConfig
 .text.HAL_TIM_Base_Init
                0x08004900       0x60 .pio/build/genericSTM32H723ZG/SrcWrapper/src/HAL/stm32yyxx_hal_tim.c.o
                0x08004900                HAL_TIM_Base_Init
 .text.HAL_TIMEx_CommutCallback
                0x08004960        0x2 .pio/build/genericSTM32H723ZG/SrcWrapper/src/HAL/stm32yyxx_hal_tim_ex.c.o
                0x08004960                HAL_TIMEx_CommutCallback
 .text.HAL_TIMEx_BreakCallback
                0x08004962        0x2 .pio/build/genericSTM32H723ZG/SrcWrapper/src/HAL/stm32yyxx_hal_tim_ex.c.o
                0x08004962                HAL_TIMEx_BreakCallback
 .text.HAL_TIMEx_Break2Callback
                0x08004964        0x2 .pio/build/genericSTM32H723ZG/SrcWrapper/src/HAL/stm32yyxx_hal_tim_ex.c.o
                0x08004964                HAL_TIMEx_Break2Callback
 *fill*         0x08004966        0x2 
 .text.UART_EndRxTransfer
                0x08004968       0x58 .pio/build/genericSTM32H723ZG/SrcWrapper/src/HAL/stm32yyxx_hal_uart.c.o
 .text.UART_TxISR_8BIT.part.0
                0x080049c0       0x26 .pio/build/genericSTM32H723ZG/SrcWrapper/src/HAL/stm32yyxx_hal_uart.c.o
 .text.UART_TxISR_8BIT
                0x080049e6       0x30 .pio/build/genericSTM32H723ZG/SrcWrapper/src/HAL/stm32yyxx_hal_uart.c.o
 .text.UART_TxISR_16BIT
                0x08004a16       0x34 .pio/build/genericSTM32H723ZG/SrcWrapper/src/HAL/stm32yyxx_hal_uart.c.o
 .text.UART_TxISR_8BIT_FIFOEN
                0x08004a4a       0x66 .pio/build/genericSTM32H723ZG/SrcWrapper/src/HAL/stm32yyxx_hal_uart.c.o
 .text.UART_TxISR_16BIT_FIFOEN
                0x08004ab0       0x6a .pio/build/genericSTM32H723ZG/SrcWrapper/src/HAL/stm32yyxx_hal_uart.c.o
 .text.HAL_UART_MspInit
                0x08004b1a        0x2 .pio/build/genericSTM32H723ZG/SrcWrapper/src/HAL/stm32yyxx_hal_uart.c.o
                0x08004b1a                HAL_UART_MspInit
 .text.HAL_UART_Transmit_IT
                0x08004b1c       0xac .pio/build/genericSTM32H723ZG/SrcWrapper/src/HAL/stm32yyxx_hal_uart.c.o
                0x08004b1c                HAL_UART_Transmit_IT
 .text.UART_DMAAbortOnError
                0x08004bc8       0x10 .pio/build/genericSTM32H723ZG/SrcWrapper/src/HAL/stm32yyxx_hal_uart.c.o
 .text.HAL_UARTEx_RxEventCallback
                0x08004bd8        0x2 .pio/build/genericSTM32H723ZG/SrcWrapper/src/HAL/stm32yyxx_hal_uart.c.o
                0x08004bd8                HAL_UARTEx_RxEventCallback
 *fill*         0x08004bda        0x2 
 .text.HAL_UART_IRQHandler
                0x08004bdc      0x354 .pio/build/genericSTM32H723ZG/SrcWrapper/src/HAL/stm32yyxx_hal_uart.c.o
                0x08004bdc                HAL_UART_IRQHandler
 .text.UART_RxISR_8BIT
                0x08004f30       0xcc .pio/build/genericSTM32H723ZG/SrcWrapper/src/HAL/stm32yyxx_hal_uart.c.o
 .text.UART_RxISR_16BIT
                0x08004ffc       0xc4 .pio/build/genericSTM32H723ZG/SrcWrapper/src/HAL/stm32yyxx_hal_uart.c.o
 .text.UART_RxISR_8BIT_FIFOEN
                0x080050c0      0x1a0 .pio/build/genericSTM32H723ZG/SrcWrapper/src/HAL/stm32yyxx_hal_uart.c.o
 .text.UART_RxISR_16BIT_FIFOEN
                0x08005260      0x198 .pio/build/genericSTM32H723ZG/SrcWrapper/src/HAL/stm32yyxx_hal_uart.c.o
 .text.HAL_HalfDuplex_EnableTransmitter
                0x080053f8       0x4c .pio/build/genericSTM32H723ZG/SrcWrapper/src/HAL/stm32yyxx_hal_uart.c.o
                0x080053f8                HAL_HalfDuplex_EnableTransmitter
 .text.HAL_HalfDuplex_EnableReceiver
                0x08005444       0x4c .pio/build/genericSTM32H723ZG/SrcWrapper/src/HAL/stm32yyxx_hal_uart.c.o
                0x08005444                HAL_HalfDuplex_EnableReceiver
 .text.HAL_UART_GetState
                0x08005490        0xc .pio/build/genericSTM32H723ZG/SrcWrapper/src/HAL/stm32yyxx_hal_uart.c.o
                0x08005490                HAL_UART_GetState
 .text.UART_SetConfig
                0x0800549c      0x2cc .pio/build/genericSTM32H723ZG/SrcWrapper/src/HAL/stm32yyxx_hal_uart.c.o
                0x0800549c                UART_SetConfig
 .text.UART_AdvFeatureConfig
                0x08005768       0xaa .pio/build/genericSTM32H723ZG/SrcWrapper/src/HAL/stm32yyxx_hal_uart.c.o
                0x08005768                UART_AdvFeatureConfig
 .text.UART_WaitOnFlagUntilTimeout
                0x08005812       0x90 .pio/build/genericSTM32H723ZG/SrcWrapper/src/HAL/stm32yyxx_hal_uart.c.o
                0x08005812                UART_WaitOnFlagUntilTimeout
 .text.UART_CheckIdleState
                0x080058a2       0xb6 .pio/build/genericSTM32H723ZG/SrcWrapper/src/HAL/stm32yyxx_hal_uart.c.o
                0x080058a2                UART_CheckIdleState
 .text.HAL_UART_Init
                0x08005958       0x60 .pio/build/genericSTM32H723ZG/SrcWrapper/src/HAL/stm32yyxx_hal_uart.c.o
                0x08005958                HAL_UART_Init
 .text.HAL_HalfDuplex_Init
                0x080059b8       0x68 .pio/build/genericSTM32H723ZG/SrcWrapper/src/HAL/stm32yyxx_hal_uart.c.o
                0x080059b8                HAL_HalfDuplex_Init
 .text.UART_Start_Receive_IT
                0x08005a20      0x114 .pio/build/genericSTM32H723ZG/SrcWrapper/src/HAL/stm32yyxx_hal_uart.c.o
                0x08005a20                UART_Start_Receive_IT
 .text.HAL_UART_Receive_IT
                0x08005b34       0x44 .pio/build/genericSTM32H723ZG/SrcWrapper/src/HAL/stm32yyxx_hal_uart.c.o
                0x08005b34                HAL_UART_Receive_IT
 .text.HAL_UARTEx_RxFifoFullCallback
                0x08005b78        0x2 .pio/build/genericSTM32H723ZG/SrcWrapper/src/HAL/stm32yyxx_hal_uart_ex.c.o
                0x08005b78                HAL_UARTEx_RxFifoFullCallback
 .text.HAL_UARTEx_TxFifoEmptyCallback
                0x08005b7a        0x2 .pio/build/genericSTM32H723ZG/SrcWrapper/src/HAL/stm32yyxx_hal_uart_ex.c.o
                0x08005b7a                HAL_UARTEx_TxFifoEmptyCallback
 .text.HAL_UARTEx_EnableStopMode
                0x08005b7c       0x2c .pio/build/genericSTM32H723ZG/SrcWrapper/src/HAL/stm32yyxx_hal_uart_ex.c.o
                0x08005b7c                HAL_UARTEx_EnableStopMode
 .text.HAL_UARTEx_DisableStopMode
                0x08005ba8       0x2c .pio/build/genericSTM32H723ZG/SrcWrapper/src/HAL/stm32yyxx_hal_uart_ex.c.o
                0x08005ba8                HAL_UARTEx_DisableStopMode
 .text._ZNSt8functionIFvvEEaSEDn.isra.0
                0x08005bd4       0x16 .pio/build/genericSTM32H723ZG/SrcWrapper/src/HardwareTimer.cpp.o
 .text._ZNSt14_Function_baseD2Ev
                0x08005bea       0x12 .pio/build/genericSTM32H723ZG/SrcWrapper/src/HardwareTimer.cpp.o
                0x08005bea                std::_Function_base::~_Function_base()
                0x08005bea                std::_Function_base::~_Function_base()
 .text._Z15get_timer_indexP11TIM_TypeDef
                0x08005bfc       0xbc .pio/build/genericSTM32H723ZG/SrcWrapper/src/HardwareTimer.cpp.o
                0x08005bfc                get_timer_index(TIM_TypeDef*)
 .text._ZN13HardwareTimerD2Ev
                0x08005cb8       0x40 .pio/build/genericSTM32H723ZG/SrcWrapper/src/HardwareTimer.cpp.o
                0x08005cb8                HardwareTimer::~HardwareTimer()
                0x08005cb8                HardwareTimer::~HardwareTimer()
 .text._ZN13HardwareTimer5setupEP11TIM_TypeDef
                0x08005cf8       0x98 .pio/build/genericSTM32H723ZG/SrcWrapper/src/HardwareTimer.cpp.o
                0x08005cf8                HardwareTimer::setup(TIM_TypeDef*)
 .text.TIM1_UP_IRQHandler
                0x08005d90       0x14 .pio/build/genericSTM32H723ZG/SrcWrapper/src/HardwareTimer.cpp.o
                0x08005d90                TIM1_UP_IRQHandler
 .text.TIM1_CC_IRQHandler
                0x08005da4        0x4 .pio/build/genericSTM32H723ZG/SrcWrapper/src/HardwareTimer.cpp.o
                0x08005da4                TIM1_CC_IRQHandler
 .text.TIM2_IRQHandler
                0x08005da8       0x14 .pio/build/genericSTM32H723ZG/SrcWrapper/src/HardwareTimer.cpp.o
                0x08005da8                TIM2_IRQHandler
 .text.TIM3_IRQHandler
                0x08005dbc       0x14 .pio/build/genericSTM32H723ZG/SrcWrapper/src/HardwareTimer.cpp.o
                0x08005dbc                TIM3_IRQHandler
 .text.TIM4_IRQHandler
                0x08005dd0       0x14 .pio/build/genericSTM32H723ZG/SrcWrapper/src/HardwareTimer.cpp.o
                0x08005dd0                TIM4_IRQHandler
 .text.TIM5_IRQHandler
                0x08005de4       0x14 .pio/build/genericSTM32H723ZG/SrcWrapper/src/HardwareTimer.cpp.o
                0x08005de4                TIM5_IRQHandler
 .text.TIM6_DAC_IRQHandler
                0x08005df8       0x14 .pio/build/genericSTM32H723ZG/SrcWrapper/src/HardwareTimer.cpp.o
                0x08005df8                TIM6_DAC_IRQHandler
 .text.TIM7_IRQHandler
                0x08005e0c       0x14 .pio/build/genericSTM32H723ZG/SrcWrapper/src/HardwareTimer.cpp.o
                0x08005e0c                TIM7_IRQHandler
 .text.TIM8_UP_TIM13_IRQHandler
                0x08005e20       0x24 .pio/build/genericSTM32H723ZG/SrcWrapper/src/HardwareTimer.cpp.o
                0x08005e20                TIM8_UP_TIM13_IRQHandler
 .text.TIM8_CC_IRQHandler
                0x08005e44       0x14 .pio/build/genericSTM32H723ZG/SrcWrapper/src/HardwareTimer.cpp.o
                0x08005e44                TIM8_CC_IRQHandler
 .text.TIM8_BRK_TIM12_IRQHandler
                0x08005e58       0x14 .pio/build/genericSTM32H723ZG/SrcWrapper/src/HardwareTimer.cpp.o
                0x08005e58                TIM8_BRK_TIM12_IRQHandler
 .text.TIM8_TRG_COM_TIM14_IRQHandler
                0x08005e6c       0x14 .pio/build/genericSTM32H723ZG/SrcWrapper/src/HardwareTimer.cpp.o
                0x08005e6c                TIM8_TRG_COM_TIM14_IRQHandler
 .text.TIM15_IRQHandler
                0x08005e80       0x14 .pio/build/genericSTM32H723ZG/SrcWrapper/src/HardwareTimer.cpp.o
                0x08005e80                TIM15_IRQHandler
 .text.TIM16_IRQHandler
                0x08005e94       0x14 .pio/build/genericSTM32H723ZG/SrcWrapper/src/HardwareTimer.cpp.o
                0x08005e94                TIM16_IRQHandler
 .text.TIM17_IRQHandler
                0x08005ea8       0x14 .pio/build/genericSTM32H723ZG/SrcWrapper/src/HardwareTimer.cpp.o
                0x08005ea8                TIM17_IRQHandler
 .text._ZNSt8functionIFvvEEC2Ev
                0x08005ebc        0xc .pio/build/genericSTM32H723ZG/SrcWrapper/src/HardwareTimer.cpp.o
                0x08005ebc                std::function<void ()>::function()
                0x08005ebc                std::function<void ()>::function()
 .text._ZN13HardwareTimerC2EP11TIM_TypeDef
                0x08005ec8       0x2a .pio/build/genericSTM32H723ZG/SrcWrapper/src/HardwareTimer.cpp.o
                0x08005ec8                HardwareTimer::HardwareTimer(TIM_TypeDef*)
                0x08005ec8                HardwareTimer::HardwareTimer(TIM_TypeDef*)
 .text._ZNKSt8functionIFvvEEclEv
                0x08005ef2       0x12 .pio/build/genericSTM32H723ZG/SrcWrapper/src/HardwareTimer.cpp.o
                0x08005ef2                std::function<void ()>::operator()() const
 .text._ZN13HardwareTimer14updateCallbackEP17TIM_HandleTypeDef
                0x08005f04       0x18 .pio/build/genericSTM32H723ZG/SrcWrapper/src/HardwareTimer.cpp.o
                0x08005f04                HardwareTimer::updateCallback(TIM_HandleTypeDef*)
 .text.HAL_TIM_PeriodElapsedCallback
                0x08005f1c        0x4 .pio/build/genericSTM32H723ZG/SrcWrapper/src/HardwareTimer.cpp.o
                0x08005f1c                HAL_TIM_PeriodElapsedCallback
 .text._ZN13HardwareTimer22captureCompareCallbackEP17TIM_HandleTypeDef
                0x08005f20       0x3e .pio/build/genericSTM32H723ZG/SrcWrapper/src/HardwareTimer.cpp.o
                0x08005f20                HardwareTimer::captureCompareCallback(TIM_HandleTypeDef*)
 .text.HAL_TIM_OC_DelayElapsedCallback
                0x08005f5e        0x4 .pio/build/genericSTM32H723ZG/SrcWrapper/src/HardwareTimer.cpp.o
                0x08005f5e                HAL_TIM_OC_DelayElapsedCallback
 .text.HAL_TIM_IC_CaptureCallback
                0x08005f62        0x4 .pio/build/genericSTM32H723ZG/SrcWrapper/src/HardwareTimer.cpp.o
                0x08005f62                HAL_TIM_IC_CaptureCallback
 .text._Znwj    0x08005f66        0x4 .pio/build/genericSTM32H723ZG/SrcWrapper/src/new.cpp.o
                0x08005f66                operator new(unsigned int)
 .text._ZdlPvj  0x08005f6a        0x4 .pio/build/genericSTM32H723ZG/SrcWrapper/src/new.cpp.o
                0x08005f6a                operator delete(void*, unsigned int)
 *fill*         0x08005f6e        0x2 
 .text.set_GPIO_Port_Clock
                0x08005f70      0x174 .pio/build/genericSTM32H723ZG/SrcWrapper/src/stm32/PortNames.c.o
                0x08005f70                set_GPIO_Port_Clock
 .text.get_dac_channel
                0x080060e4       0x24 .pio/build/genericSTM32H723ZG/SrcWrapper/src/stm32/analog.cpp.o
                0x080060e4                get_dac_channel
 .text.HAL_DAC_MspDeInit
                0x08006108       0x48 .pio/build/genericSTM32H723ZG/SrcWrapper/src/stm32/analog.cpp.o
                0x08006108                HAL_DAC_MspDeInit
 .text.dac_stop
                0x08006150       0x34 .pio/build/genericSTM32H723ZG/SrcWrapper/src/stm32/analog.cpp.o
                0x08006150                dac_stop
 .text.pwm_stop
                0x08006184       0x5c .pio/build/genericSTM32H723ZG/SrcWrapper/src/stm32/analog.cpp.o
                0x08006184                pwm_stop
 .text.getCurrentMillis
                0x080061e0        0x4 .pio/build/genericSTM32H723ZG/SrcWrapper/src/stm32/clock.c.o
                0x080061e0                getCurrentMillis
 .text.noOsSystickHandler
                0x080061e4        0x2 .pio/build/genericSTM32H723ZG/SrcWrapper/src/stm32/clock.c.o
                0x080061e4                osSystickHandler
                0x080061e4                noOsSystickHandler
 .text.SysTick_Handler
                0x080061e6       0x10 .pio/build/genericSTM32H723ZG/SrcWrapper/src/stm32/clock.c.o
                0x080061e6                SysTick_Handler
 *fill*         0x080061f6        0x2 
 .text.enableClock
                0x080061f8       0xbc .pio/build/genericSTM32H723ZG/SrcWrapper/src/stm32/clock.c.o
                0x080061f8                enableClock
 .text.configHSECapacitorTuning
                0x080062b4        0x2 .pio/build/genericSTM32H723ZG/SrcWrapper/src/stm32/clock.c.o
                0x080062b4                configHSECapacitorTuning
 *fill*         0x080062b6        0x2 
 .text.configIPClock
                0x080062b8       0x54 .pio/build/genericSTM32H723ZG/SrcWrapper/src/stm32/clock.c.o
                0x080062b8                configIPClock
 .text.dwt_access
                0x0800630c       0x28 .pio/build/genericSTM32H723ZG/SrcWrapper/src/stm32/dwt.c.o
                0x0800630c                dwt_access
 .text.dwt_init
                0x08006334       0x44 .pio/build/genericSTM32H723ZG/SrcWrapper/src/stm32/dwt.c.o
                0x08006334                dwt_init
 .text.hw_config_init
                0x08006378       0x24 .pio/build/genericSTM32H723ZG/SrcWrapper/src/stm32/hw_config.c.o
                0x08006378                hw_config_init
 .text.startup._ZNSt8functionIFvvEEC2EDn.constprop.0.isra.0
                0x0800639c        0xc .pio/build/genericSTM32H723ZG/SrcWrapper/src/stm32/interrupt.cpp.o
 .text.HAL_GPIO_EXTI_Callback
                0x080063a8       0x2c .pio/build/genericSTM32H723ZG/SrcWrapper/src/stm32/interrupt.cpp.o
                0x080063a8                HAL_GPIO_EXTI_Callback
 .text.EXTI0_IRQHandler
                0x080063d4        0x6 .pio/build/genericSTM32H723ZG/SrcWrapper/src/stm32/interrupt.cpp.o
                0x080063d4                EXTI0_IRQHandler
 .text.EXTI1_IRQHandler
                0x080063da        0x6 .pio/build/genericSTM32H723ZG/SrcWrapper/src/stm32/interrupt.cpp.o
                0x080063da                EXTI1_IRQHandler
 .text.EXTI2_IRQHandler
                0x080063e0        0x6 .pio/build/genericSTM32H723ZG/SrcWrapper/src/stm32/interrupt.cpp.o
                0x080063e0                EXTI2_IRQHandler
 .text.EXTI3_IRQHandler
                0x080063e6        0x6 .pio/build/genericSTM32H723ZG/SrcWrapper/src/stm32/interrupt.cpp.o
                0x080063e6                EXTI3_IRQHandler
 .text.EXTI4_IRQHandler
                0x080063ec        0x6 .pio/build/genericSTM32H723ZG/SrcWrapper/src/stm32/interrupt.cpp.o
                0x080063ec                EXTI4_IRQHandler
 .text.EXTI9_5_IRQHandler
                0x080063f2       0x16 .pio/build/genericSTM32H723ZG/SrcWrapper/src/stm32/interrupt.cpp.o
                0x080063f2                EXTI9_5_IRQHandler
 .text.EXTI15_10_IRQHandler
                0x08006408       0x18 .pio/build/genericSTM32H723ZG/SrcWrapper/src/stm32/interrupt.cpp.o
                0x08006408                EXTI15_10_IRQHandler
 .text.startup._GLOBAL__sub_I__Z22stm32_interrupt_enable7PinNameSt8functionIFvvEEm
                0x08006420       0xd4 .pio/build/genericSTM32H723ZG/SrcWrapper/src/stm32/interrupt.cpp.o
 .text.exit._GLOBAL__sub_D__Z22stm32_interrupt_enable7PinNameSt8functionIFvvEEm
                0x080064f4       0x1c .pio/build/genericSTM32H723ZG/SrcWrapper/src/stm32/interrupt.cpp.o
 .text.configure_dualpad_switch
                0x08006510       0x24 .pio/build/genericSTM32H723ZG/SrcWrapper/src/stm32/pinmap.c.o
 .text.pin_in_pinmap
                0x08006534       0x1e .pio/build/genericSTM32H723ZG/SrcWrapper/src/stm32/pinmap.c.o
                0x08006534                pin_in_pinmap
 *fill*         0x08006552        0x2 
 .text.pin_function
                0x08006554      0x120 .pio/build/genericSTM32H723ZG/SrcWrapper/src/stm32/pinmap.c.o
                0x08006554                pin_function
 .text.pinmap_pinout
                0x08006674       0x1a .pio/build/genericSTM32H723ZG/SrcWrapper/src/stm32/pinmap.c.o
                0x08006674                pinmap_pinout
 .text.pinmap_find_peripheral
                0x0800668e       0x16 .pio/build/genericSTM32H723ZG/SrcWrapper/src/stm32/pinmap.c.o
                0x0800668e                pinmap_find_peripheral
 .text.pinmap_peripheral
                0x080066a4        0xc .pio/build/genericSTM32H723ZG/SrcWrapper/src/stm32/pinmap.c.o
                0x080066a4                pinmap_peripheral
 .text.pinmap_find_pin
                0x080066b0       0x16 .pio/build/genericSTM32H723ZG/SrcWrapper/src/stm32/pinmap.c.o
                0x080066b0                pinmap_find_pin
 .text.pinmap_pin
                0x080066c6        0xc .pio/build/genericSTM32H723ZG/SrcWrapper/src/stm32/pinmap.c.o
                0x080066c6                pinmap_pin
 .text.pinmap_find_function
                0x080066d2       0x16 .pio/build/genericSTM32H723ZG/SrcWrapper/src/stm32/pinmap.c.o
                0x080066d2                pinmap_find_function
 .text.pinmap_function
                0x080066e8        0xa .pio/build/genericSTM32H723ZG/SrcWrapper/src/stm32/pinmap.c.o
                0x080066e8                pinmap_function
 .text.pinmap_merge_peripheral
                0x080066f2       0x14 .pio/build/genericSTM32H723ZG/SrcWrapper/src/stm32/pinmap.c.o
                0x080066f2                pinmap_merge_peripheral
 *fill*         0x08006706        0x2 
 .text.SystemInit
                0x08006708       0xd0 .pio/build/genericSTM32H723ZG/SrcWrapper/src/stm32/system_stm32yyxx.c.o
                0x08006708                SystemInit
 .text.ExitRun0Mode
                0x080067d8        0x2 .pio/build/genericSTM32H723ZG/SrcWrapper/src/stm32/system_stm32yyxx.c.o
                0x080067d8                ExitRun0Mode
 .text.get_timer_obj
                0x080067da        0x4 .pio/build/genericSTM32H723ZG/SrcWrapper/src/stm32/timer.c.o
                0x080067da                get_timer_obj
 *fill*         0x080067de        0x2 
 .text.enableTimerClock
                0x080067e0      0x21c .pio/build/genericSTM32H723ZG/SrcWrapper/src/stm32/timer.c.o
                0x080067e0                enableTimerClock
 .text.disableTimerClock
                0x080069fc      0x13c .pio/build/genericSTM32H723ZG/SrcWrapper/src/stm32/timer.c.o
                0x080069fc                disableTimerClock
 .text.getTimerUpIrq
                0x08006b38       0xc0 .pio/build/genericSTM32H723ZG/SrcWrapper/src/stm32/timer.c.o
                0x08006b38                getTimerUpIrq
 .text.getTimerCCIrq
                0x08006bf8       0xc4 .pio/build/genericSTM32H723ZG/SrcWrapper/src/stm32/timer.c.o
                0x08006bf8                getTimerCCIrq
 .text.HAL_TIM_Base_MspInit
                0x08006cbc       0x4e .pio/build/genericSTM32H723ZG/SrcWrapper/src/stm32/timer.c.o
                0x08006cbc                HAL_TIM_Base_MspInit
 *fill*         0x08006d0a        0x2 
 .text.serial_rx_active
                0x08006d0c       0x24 .pio/build/genericSTM32H723ZG/SrcWrapper/src/stm32/uart.c.o
                0x08006d0c                serial_rx_active
 .text.serial_tx_active
                0x08006d30       0x24 .pio/build/genericSTM32H723ZG/SrcWrapper/src/stm32/uart.c.o
                0x08006d30                serial_tx_active
 .text.uart_getc
                0x08006d54       0x38 .pio/build/genericSTM32H723ZG/SrcWrapper/src/stm32/uart.c.o
                0x08006d54                uart_getc
 .text.uart_attach_rx_callback
                0x08006d8c       0x40 .pio/build/genericSTM32H723ZG/SrcWrapper/src/stm32/uart.c.o
                0x08006d8c                uart_attach_rx_callback
 .text.uart_attach_tx_callback
                0x08006dcc       0x44 .pio/build/genericSTM32H723ZG/SrcWrapper/src/stm32/uart.c.o
                0x08006dcc                uart_attach_tx_callback
 .text.uart_enable_tx
                0x08006e10       0x20 .pio/build/genericSTM32H723ZG/SrcWrapper/src/stm32/uart.c.o
                0x08006e10                uart_enable_tx
 .text.uart_enable_rx
                0x08006e30       0x20 .pio/build/genericSTM32H723ZG/SrcWrapper/src/stm32/uart.c.o
                0x08006e30                uart_enable_rx
 .text.HAL_UART_RxCpltCallback
                0x08006e50        0x8 .pio/build/genericSTM32H723ZG/SrcWrapper/src/stm32/uart.c.o
                0x08006e50                HAL_UART_RxCpltCallback
 .text.HAL_UART_TxCpltCallback
                0x08006e58        0x8 .pio/build/genericSTM32H723ZG/SrcWrapper/src/stm32/uart.c.o
                0x08006e58                HAL_UART_TxCpltCallback
 .text.HAL_UART_ErrorCallback
                0x08006e60       0x48 .pio/build/genericSTM32H723ZG/SrcWrapper/src/stm32/uart.c.o
                0x08006e60                HAL_UART_ErrorCallback
 .text.USART1_IRQHandler
                0x08006ea8       0x18 .pio/build/genericSTM32H723ZG/SrcWrapper/src/stm32/uart.c.o
                0x08006ea8                USART1_IRQHandler
 .text.USART2_IRQHandler
                0x08006ec0       0x1c .pio/build/genericSTM32H723ZG/SrcWrapper/src/stm32/uart.c.o
                0x08006ec0                USART2_IRQHandler
 .text.USART3_IRQHandler
                0x08006edc       0x1c .pio/build/genericSTM32H723ZG/SrcWrapper/src/stm32/uart.c.o
                0x08006edc                USART3_IRQHandler
 .text.UART4_IRQHandler
                0x08006ef8       0x18 .pio/build/genericSTM32H723ZG/SrcWrapper/src/stm32/uart.c.o
                0x08006ef8                UART4_IRQHandler
 .text.UART5_IRQHandler
                0x08006f10       0x18 .pio/build/genericSTM32H723ZG/SrcWrapper/src/stm32/uart.c.o
                0x08006f10                UART5_IRQHandler
 .text.USART6_IRQHandler
                0x08006f28       0x18 .pio/build/genericSTM32H723ZG/SrcWrapper/src/stm32/uart.c.o
                0x08006f28                USART6_IRQHandler
 .text.LPUART1_IRQHandler
                0x08006f40       0x18 .pio/build/genericSTM32H723ZG/SrcWrapper/src/stm32/uart.c.o
                0x08006f40                LPUART1_IRQHandler
 .text.UART7_IRQHandler
                0x08006f58       0x18 .pio/build/genericSTM32H723ZG/SrcWrapper/src/stm32/uart.c.o
                0x08006f58                UART7_IRQHandler
 .text.UART8_IRQHandler
                0x08006f70       0x18 .pio/build/genericSTM32H723ZG/SrcWrapper/src/stm32/uart.c.o
                0x08006f70                UART8_IRQHandler
 .text.UART9_IRQHandler
                0x08006f88       0x18 .pio/build/genericSTM32H723ZG/SrcWrapper/src/stm32/uart.c.o
                0x08006f88                UART9_IRQHandler
 .text.USART10_IRQHandler
                0x08006fa0       0x18 .pio/build/genericSTM32H723ZG/SrcWrapper/src/stm32/uart.c.o
                0x08006fa0                USART10_IRQHandler
 .text.HAL_UARTEx_WakeupCallback
                0x08006fb8        0xa .pio/build/genericSTM32H723ZG/SrcWrapper/src/stm32/uart.c.o
                0x08006fb8                HAL_UARTEx_WakeupCallback
 *fill*         0x08006fc2        0x2 
 .text.uart_get_clock_source_freq
                0x08006fc4       0xc0 .pio/build/genericSTM32H723ZG/SrcWrapper/src/stm32/uart.c.o
                0x08006fc4                uart_get_clock_source_freq
 .text.uart_compute_prescaler
                0x08007084       0xac .pio/build/genericSTM32H723ZG/SrcWrapper/src/stm32/uart.c.o
                0x08007084                uart_compute_prescaler
 .text.uart_init
                0x08007130      0x668 .pio/build/genericSTM32H723ZG/SrcWrapper/src/stm32/uart.c.o
                0x08007130                uart_init
 .text._sbrk    0x08007798       0x3c .pio/build/genericSTM32H723ZG/SrcWrapper/src/syscalls.c.o
                0x08007798                _sbrk
 .text._exit    0x080077d4        0x2 .pio/build/genericSTM32H723ZG/SrcWrapper/src/syscalls.c.o
                0x080077d4                _exit
 *fill*         0x080077d6        0x2 
 .text._kill    0x080077d8       0x10 .pio/build/genericSTM32H723ZG/SrcWrapper/src/syscalls.c.o
                0x080077d8                _kill
 .text._getpid  0x080077e8        0x4 .pio/build/genericSTM32H723ZG/SrcWrapper/src/syscalls.c.o
                0x080077e8                _getpid
 .text._Z10setReportsv
                0x080077ec       0x2c .pio/build/genericSTM32H723ZG/src/main.cpp.o
                0x080077ec                setReports()
 .text.setup    0x08007818       0x58 .pio/build/genericSTM32H723ZG/src/main.cpp.o
                0x08007818                setup
 .text.loop     0x08007870       0x8c .pio/build/genericSTM32H723ZG/src/main.cpp.o
                0x08007870                loop
 .text._ZN5HLSCLC2Ev
                0x080078fc       0x18 .pio/build/genericSTM32H723ZG/liba0e/libFTServo.a(HLSCL.cpp.o)
                0x080078fc                HLSCL::HLSCL()
                0x080078fc                HLSCL::HLSCL()
 .text._ZN5HLSCL12SyncWriteSpeEPhhPsS0_Pt
                0x08007914       0xa0 .pio/build/genericSTM32H723ZG/liba0e/libFTServo.a(HLSCL.cpp.o)
                0x08007914                HLSCL::SyncWriteSpe(unsigned char*, unsigned char, short*, unsigned char*, unsigned short*)
 .text._ZN5HLSCL9WheelModeEh
                0x080079b4        0x8 .pio/build/genericSTM32H723ZG/liba0e/libFTServo.a(HLSCL.cpp.o)
                0x080079b4                HLSCL::WheelMode(unsigned char)
 .text._ZN3SCSC2Ev
                0x080079bc       0x14 .pio/build/genericSTM32H723ZG/liba0e/libFTServo.a(SCS.cpp.o)
                0x080079bc                SCS::SCS()
                0x080079bc                SCS::SCS()
 .text._ZN3SCS8Host2SCSEPhS0_t
                0x080079d0       0x16 .pio/build/genericSTM32H723ZG/liba0e/libFTServo.a(SCS.cpp.o)
                0x080079d0                SCS::Host2SCS(unsigned char*, unsigned char*, unsigned short)
 .text._ZN3SCS8writeBufEhhPhhh
                0x080079e6       0x92 .pio/build/genericSTM32H723ZG/liba0e/libFTServo.a(SCS.cpp.o)
                0x080079e6                SCS::writeBuf(unsigned char, unsigned char, unsigned char*, unsigned char, unsigned char)
 .text._ZN3SCS9syncWriteEPhhhS0_h
                0x08007a78       0xa8 .pio/build/genericSTM32H723ZG/liba0e/libFTServo.a(SCS.cpp.o)
                0x08007a78                SCS::syncWrite(unsigned char*, unsigned char, unsigned char, unsigned char*, unsigned char)
 .text._ZN3SCS9checkHeadEv
                0x08007b20       0x38 .pio/build/genericSTM32H723ZG/liba0e/libFTServo.a(SCS.cpp.o)
                0x08007b20                SCS::checkHead()
 .text._ZN3SCS3AckEh
                0x08007b58       0x6c .pio/build/genericSTM32H723ZG/liba0e/libFTServo.a(SCS.cpp.o)
                0x08007b58                SCS::Ack(unsigned char)
 .text._ZN3SCS9writeByteEhhh
                0x08007bc4       0x3c .pio/build/genericSTM32H723ZG/liba0e/libFTServo.a(SCS.cpp.o)
                0x08007bc4                SCS::writeByte(unsigned char, unsigned char, unsigned char)
 .text._ZN8SCSerial8writeSCSEPhi
                0x08007c00       0x10 .pio/build/genericSTM32H723ZG/liba0e/libFTServo.a(SCSerial.cpp.o)
                0x08007c00                SCSerial::writeSCS(unsigned char*, int)
 .text._ZN8SCSerial8writeSCSEh
                0x08007c10       0x1a .pio/build/genericSTM32H723ZG/liba0e/libFTServo.a(SCSerial.cpp.o)
                0x08007c10                SCSerial::writeSCS(unsigned char)
 .text._ZN8SCSerial9rFlushSCSEv
                0x08007c2a       0x12 .pio/build/genericSTM32H723ZG/liba0e/libFTServo.a(SCSerial.cpp.o)
                0x08007c2a                SCSerial::rFlushSCS()
 .text._ZN8SCSerial9wFlushSCSEv
                0x08007c3c        0x2 .pio/build/genericSTM32H723ZG/liba0e/libFTServo.a(SCSerial.cpp.o)
                0x08007c3c                SCSerial::wFlushSCS()
 .text._ZN8SCSerial7readSCSEPhim
                0x08007c3e       0x3c .pio/build/genericSTM32H723ZG/liba0e/libFTServo.a(SCSerial.cpp.o)
                0x08007c3e                SCSerial::readSCS(unsigned char*, int, unsigned long)
 .text._ZN8SCSerial7readSCSEPhi
                0x08007c7a       0x40 .pio/build/genericSTM32H723ZG/liba0e/libFTServo.a(SCSerial.cpp.o)
                0x08007c7a                SCSerial::readSCS(unsigned char*, int)
 *fill*         0x08007cba        0x2 
 .text._ZN8SCSerialC2Ev
                0x08007cbc       0x1c .pio/build/genericSTM32H723ZG/liba0e/libFTServo.a(SCSerial.cpp.o)
                0x08007cbc                SCSerial::SCSerial()
                0x08007cbc                SCSerial::SCSerial()
 .text._ZL12i2chal_closeP9sh2_Hal_s
                0x08007cd8        0x2 .pio/build/genericSTM32H723ZG/lib150/libSparkFun_BNO08x_Cortex_Based_IMU.a(SparkFun_BNO08x_Arduino_Library.cpp.o)
 *fill*         0x08007cda        0x2 
 .text._ZL12hal_callbackPvP14sh2_AsyncEvent
                0x08007cdc       0x10 .pio/build/genericSTM32H723ZG/lib150/libSparkFun_BNO08x_Cortex_Based_IMU.a(SparkFun_BNO08x_Arduino_Library.cpp.o)
 .text._ZL13hal_getTimeUsP9sh2_Hal_s
                0x08007cec        0xe .pio/build/genericSTM32H723ZG/lib150/libSparkFun_BNO08x_Cortex_Based_IMU.a(SparkFun_BNO08x_Arduino_Library.cpp.o)
 *fill*         0x08007cfa        0x2 
 .text._ZL17hal_hardwareResetv
                0x08007cfc       0x4c .pio/build/genericSTM32H723ZG/lib150/libSparkFun_BNO08x_Cortex_Based_IMU.a(SparkFun_BNO08x_Arduino_Library.cpp.o)
 .text._ZL16hal_wait_for_intv
                0x08007d48       0x2c .pio/build/genericSTM32H723ZG/lib150/libSparkFun_BNO08x_Cortex_Based_IMU.a(SparkFun_BNO08x_Arduino_Library.cpp.o)
 .text._ZL13sensorHandlerPvP15sh2_SensorEvent
                0x08007d74       0x1c .pio/build/genericSTM32H723ZG/lib150/libSparkFun_BNO08x_Cortex_Based_IMU.a(SparkFun_BNO08x_Arduino_Library.cpp.o)
 .text._ZN6BNO08x5_initEl
                0x08007d90       0x44 .pio/build/genericSTM32H723ZG/lib150/libSparkFun_BNO08x_Cortex_Based_IMU.a(SparkFun_BNO08x_Arduino_Library.cpp.o)
                0x08007d90                BNO08x::_init(long)
 .text._ZL8i2c_readPhjb.constprop.0
                0x08007dd4       0x74 .pio/build/genericSTM32H723ZG/lib150/libSparkFun_BNO08x_Cortex_Based_IMU.a(SparkFun_BNO08x_Arduino_Library.cpp.o)
 .text._ZL11i2chal_readP9sh2_Hal_sPhjPm
                0x08007e48       0xc4 .pio/build/genericSTM32H723ZG/lib150/libSparkFun_BNO08x_Cortex_Based_IMU.a(SparkFun_BNO08x_Arduino_Library.cpp.o)
 .text._ZL9i2c_writePKhjbS0_j.constprop.0
                0x08007f0c       0x4c .pio/build/genericSTM32H723ZG/lib150/libSparkFun_BNO08x_Cortex_Based_IMU.a(SparkFun_BNO08x_Arduino_Library.cpp.o)
 .text._ZL12i2chal_writeP9sh2_Hal_sPhj
                0x08007f58       0x40 .pio/build/genericSTM32H723ZG/lib150/libSparkFun_BNO08x_Cortex_Based_IMU.a(SparkFun_BNO08x_Arduino_Library.cpp.o)
 .text._ZL11i2chal_openP9sh2_Hal_s
                0x08007f98       0x54 .pio/build/genericSTM32H723ZG/lib150/libSparkFun_BNO08x_Cortex_Based_IMU.a(SparkFun_BNO08x_Arduino_Library.cpp.o)
 *fill*         0x08007fec        0x4 
 .text._ZN6BNO08x8qToFloatEsh.constprop.0
                0x08007ff0       0x50 .pio/build/genericSTM32H723ZG/lib150/libSparkFun_BNO08x_Cortex_Based_IMU.a(SparkFun_BNO08x_Arduino_Library.cpp.o)
 .text._ZN6BNO08x8getQuatJEv
                0x08008040       0xa0 .pio/build/genericSTM32H723ZG/lib150/libSparkFun_BNO08x_Cortex_Based_IMU.a(SparkFun_BNO08x_Arduino_Library.cpp.o)
                0x08008040                BNO08x::getQuatJ()
 .text._ZN6BNO08x8getQuatKEv
                0x080080e0       0xa0 .pio/build/genericSTM32H723ZG/lib150/libSparkFun_BNO08x_Cortex_Based_IMU.a(SparkFun_BNO08x_Arduino_Library.cpp.o)
                0x080080e0                BNO08x::getQuatK()
 .text._ZN6BNO08x7getRollEv
                0x08008180       0x9c .pio/build/genericSTM32H723ZG/lib150/libSparkFun_BNO08x_Cortex_Based_IMU.a(SparkFun_BNO08x_Arduino_Library.cpp.o)
                0x08008180                BNO08x::getRoll()
 .text._ZN6BNO08x8getPitchEv
                0x0800821c       0x8c .pio/build/genericSTM32H723ZG/lib150/libSparkFun_BNO08x_Cortex_Based_IMU.a(SparkFun_BNO08x_Arduino_Library.cpp.o)
                0x0800821c                BNO08x::getPitch()
 .text._ZN6BNO08x6getYawEv
                0x080082a8       0x9c .pio/build/genericSTM32H723ZG/lib150/libSparkFun_BNO08x_Cortex_Based_IMU.a(SparkFun_BNO08x_Arduino_Library.cpp.o)
                0x080082a8                BNO08x::getYaw()
 .text._ZN6BNO08x8wasResetEv
                0x08008344       0x10 .pio/build/genericSTM32H723ZG/lib150/libSparkFun_BNO08x_Cortex_Based_IMU.a(SparkFun_BNO08x_Arduino_Library.cpp.o)
                0x08008344                BNO08x::wasReset()
 .text._ZN6BNO08x14getSensorEventEv
                0x08008354       0x34 .pio/build/genericSTM32H723ZG/lib150/libSparkFun_BNO08x_Cortex_Based_IMU.a(SparkFun_BNO08x_Arduino_Library.cpp.o)
                0x08008354                BNO08x::getSensorEvent()
 .text._ZN6BNO08x12enableReportEhmm
                0x08008388       0x40 .pio/build/genericSTM32H723ZG/lib150/libSparkFun_BNO08x_Cortex_Based_IMU.a(SparkFun_BNO08x_Arduino_Library.cpp.o)
                0x08008388                BNO08x::enableReport(unsigned char, unsigned long, unsigned long)
 .text._ZN6BNO08x20enableRotationVectorEt
                0x080083c8       0x14 .pio/build/genericSTM32H723ZG/lib150/libSparkFun_BNO08x_Cortex_Based_IMU.a(SparkFun_BNO08x_Arduino_Library.cpp.o)
                0x080083c8                BNO08x::enableRotationVector(unsigned short)
 .text._ZN6BNO08x16getSensorEventIDEv
                0x080083dc        0xc .pio/build/genericSTM32H723ZG/lib150/libSparkFun_BNO08x_Cortex_Based_IMU.a(SparkFun_BNO08x_Arduino_Library.cpp.o)
                0x080083dc                BNO08x::getSensorEventID()
 .text._ZN6BNO08x11isConnectedEv
                0x080083e8       0x24 .pio/build/genericSTM32H723ZG/lib150/libSparkFun_BNO08x_Cortex_Based_IMU.a(SparkFun_BNO08x_Arduino_Library.cpp.o)
                0x080083e8                BNO08x::isConnected()
 .text._ZN6BNO08x5beginEhR7TwoWireaa
                0x0800840c       0xa8 .pio/build/genericSTM32H723ZG/lib150/libSparkFun_BNO08x_Cortex_Based_IMU.a(SparkFun_BNO08x_Arduino_Library.cpp.o)
                0x0800840c                BNO08x::begin(unsigned char, TwoWire&, signed char, signed char)
 .text.opRx     0x080084b4        0xe .pio/build/genericSTM32H723ZG/lib150/libSparkFun_BNO08x_Cortex_Based_IMU.a(sh2.c.o)
 .text.executableAdvertHdlr
                0x080084c2        0x2 .pio/build/genericSTM32H723ZG/lib150/libSparkFun_BNO08x_Cortex_Based_IMU.a(sh2.c.o)
 .text.shtpEventCallback
                0x080084c4       0x24 .pio/build/genericSTM32H723ZG/lib150/libSparkFun_BNO08x_Cortex_Based_IMU.a(sh2.c.o)
 .text.sendCtrl
                0x080084e8        0xc .pio/build/genericSTM32H723ZG/lib150/libSparkFun_BNO08x_Cortex_Based_IMU.a(sh2.c.o)
 .text.getProdIdStart
                0x080084f4       0x1e .pio/build/genericSTM32H723ZG/lib150/libSparkFun_BNO08x_Cortex_Based_IMU.a(sh2.c.o)
 .text.setSensorConfigStart
                0x08008512       0x76 .pio/build/genericSTM32H723ZG/lib150/libSparkFun_BNO08x_Cortex_Based_IMU.a(sh2.c.o)
 .text.sensorhubInputGyroRvHdlr
                0x08008588       0x6e .pio/build/genericSTM32H723ZG/lib150/libSparkFun_BNO08x_Cortex_Based_IMU.a(sh2.c.o)
 *fill*         0x080085f6        0x2 
 .text.sensorhubAdvertHdlr
                0x080085f8       0x80 .pio/build/genericSTM32H723ZG/lib150/libSparkFun_BNO08x_Cortex_Based_IMU.a(sh2.c.o)
 .text.sensorhubControlHdlr
                0x08008678       0xc4 .pio/build/genericSTM32H723ZG/lib150/libSparkFun_BNO08x_Cortex_Based_IMU.a(sh2.c.o)
 .text.executableDeviceHdlr
                0x0800873c       0x30 .pio/build/genericSTM32H723ZG/lib150/libSparkFun_BNO08x_Cortex_Based_IMU.a(sh2.c.o)
 .text.getProdIdRx
                0x0800876c       0x78 .pio/build/genericSTM32H723ZG/lib150/libSparkFun_BNO08x_Cortex_Based_IMU.a(sh2.c.o)
 .text.opProcess.constprop.0
                0x080087e4       0x64 .pio/build/genericSTM32H723ZG/lib150/libSparkFun_BNO08x_Cortex_Based_IMU.a(sh2.c.o)
 .text.sensorhubInputHdlr
                0x08008848       0xe8 .pio/build/genericSTM32H723ZG/lib150/libSparkFun_BNO08x_Cortex_Based_IMU.a(sh2.c.o)
 .text.sensorhubInputNormalHdlr
                0x08008930        0x4 .pio/build/genericSTM32H723ZG/lib150/libSparkFun_BNO08x_Cortex_Based_IMU.a(sh2.c.o)
 .text.sensorhubInputWakeHdlr
                0x08008934        0x4 .pio/build/genericSTM32H723ZG/lib150/libSparkFun_BNO08x_Cortex_Based_IMU.a(sh2.c.o)
 .text.sh2_open
                0x08008938      0x104 .pio/build/genericSTM32H723ZG/lib150/libSparkFun_BNO08x_Cortex_Based_IMU.a(sh2.c.o)
                0x08008938                sh2_open
 .text.sh2_service
                0x08008a3c        0xc .pio/build/genericSTM32H723ZG/lib150/libSparkFun_BNO08x_Cortex_Based_IMU.a(sh2.c.o)
                0x08008a3c                sh2_service
 .text.sh2_setSensorCallback
                0x08008a48       0x10 .pio/build/genericSTM32H723ZG/lib150/libSparkFun_BNO08x_Cortex_Based_IMU.a(sh2.c.o)
                0x08008a48                sh2_setSensorCallback
 .text.sh2_getProdIds
                0x08008a58       0x1c .pio/build/genericSTM32H723ZG/lib150/libSparkFun_BNO08x_Cortex_Based_IMU.a(sh2.c.o)
                0x08008a58                sh2_getProdIds
 .text.sh2_setSensorConfig
                0x08008a74       0x20 .pio/build/genericSTM32H723ZG/lib150/libSparkFun_BNO08x_Cortex_Based_IMU.a(sh2.c.o)
                0x08008a74                sh2_setSensorConfig
 .text.decodeAccelerometer
                0x08008a94       0x64 .pio/build/genericSTM32H723ZG/lib150/libSparkFun_BNO08x_Cortex_Based_IMU.a(sh2_SensorValue.c.o)
 .text.decodeRotationVector
                0x08008af8       0x90 .pio/build/genericSTM32H723ZG/lib150/libSparkFun_BNO08x_Cortex_Based_IMU.a(sh2_SensorValue.c.o)
 .text.decodeGameRotationVector
                0x08008b88       0x7c .pio/build/genericSTM32H723ZG/lib150/libSparkFun_BNO08x_Cortex_Based_IMU.a(sh2_SensorValue.c.o)
 .text.decodeRawAccelerometer
                0x08008c04       0x32 .pio/build/genericSTM32H723ZG/lib150/libSparkFun_BNO08x_Cortex_Based_IMU.a(sh2_SensorValue.c.o)
 *fill*         0x08008c36        0x2 
 .text.sh2_decodeSensorEvent
                0x08008c38      0x3fc .pio/build/genericSTM32H723ZG/lib150/libSparkFun_BNO08x_Cortex_Based_IMU.a(sh2_SensorValue.c.o)
                0x08008c38                sh2_decodeSensorEvent
 .text.readu8   0x08009034        0x4 .pio/build/genericSTM32H723ZG/lib150/libSparkFun_BNO08x_Cortex_Based_IMU.a(sh2_util.c.o)
                0x08009034                readu8
 .text.readu16  0x08009038        0x4 .pio/build/genericSTM32H723ZG/lib150/libSparkFun_BNO08x_Cortex_Based_IMU.a(sh2_util.c.o)
                0x08009038                readu16
 .text.readu32  0x0800903c        0x4 .pio/build/genericSTM32H723ZG/lib150/libSparkFun_BNO08x_Cortex_Based_IMU.a(sh2_util.c.o)
                0x0800903c                readu32
 .text.read16   0x08009040        0x6 .pio/build/genericSTM32H723ZG/lib150/libSparkFun_BNO08x_Cortex_Based_IMU.a(sh2_util.c.o)
                0x08009040                read16
 .text.read32   0x08009046        0x4 .pio/build/genericSTM32H723ZG/lib150/libSparkFun_BNO08x_Cortex_Based_IMU.a(sh2_util.c.o)
                0x08009046                read32
 .text.callAdvertHandler
                0x0800904a       0x38 .pio/build/genericSTM32H723ZG/lib150/libSparkFun_BNO08x_Cortex_Based_IMU.a(shtp.c.o)
 .text.updateCallbacks
                0x08009082       0x66 .pio/build/genericSTM32H723ZG/lib150/libSparkFun_BNO08x_Cortex_Based_IMU.a(shtp.c.o)
 .text.addApp   0x080090e8       0x50 .pio/build/genericSTM32H723ZG/lib150/libSparkFun_BNO08x_Cortex_Based_IMU.a(shtp.c.o)
 .text.shtpAdvertHdlr
                0x08009138       0x24 .pio/build/genericSTM32H723ZG/lib150/libSparkFun_BNO08x_Cortex_Based_IMU.a(shtp.c.o)
 .text.shtpCmdListener
                0x0800915c      0x1b8 .pio/build/genericSTM32H723ZG/lib150/libSparkFun_BNO08x_Cortex_Based_IMU.a(shtp.c.o)
 .text.shtp_setEventCallback
                0x08009314        0x6 .pio/build/genericSTM32H723ZG/lib150/libSparkFun_BNO08x_Cortex_Based_IMU.a(shtp.c.o)
                0x08009314                shtp_setEventCallback
 .text.shtp_listenChan
                0x0800931a       0x50 .pio/build/genericSTM32H723ZG/lib150/libSparkFun_BNO08x_Cortex_Based_IMU.a(shtp.c.o)
                0x0800931a                shtp_listenChan
 .text.shtp_listenAdvert
                0x0800936a       0x34 .pio/build/genericSTM32H723ZG/lib150/libSparkFun_BNO08x_Cortex_Based_IMU.a(shtp.c.o)
                0x0800936a                shtp_listenAdvert
 *fill*         0x0800939e        0x2 
 .text.shtp_open
                0x080093a0       0xa8 .pio/build/genericSTM32H723ZG/lib150/libSparkFun_BNO08x_Cortex_Based_IMU.a(shtp.c.o)
                0x080093a0                shtp_open
 .text.shtp_chanNo
                0x08009448       0x60 .pio/build/genericSTM32H723ZG/lib150/libSparkFun_BNO08x_Cortex_Based_IMU.a(shtp.c.o)
                0x08009448                shtp_chanNo
 .text.shtp_service
                0x080094a8      0x154 .pio/build/genericSTM32H723ZG/lib150/libSparkFun_BNO08x_Cortex_Based_IMU.a(shtp.c.o)
                0x080094a8                shtp_service
 .text.shtp_send
                0x080095fc       0xb4 .pio/build/genericSTM32H723ZG/lib150/libSparkFun_BNO08x_Cortex_Based_IMU.a(shtp.c.o)
                0x080095fc                shtp_send
 .text.startup._GLOBAL__sub_I_S9706
                0x080096b0       0xbc .pio/build/genericSTM32H723ZG/libff2/libforLib.a(forLib.cpp.o)
 .text.exit._GLOBAL__sub_D_S9706
                0x0800976c       0x24 .pio/build/genericSTM32H723ZG/libff2/libforLib.a(forLib.cpp.o)
 .text._ZN6forLib9ToFSelectEh
                0x08009790       0x2c .pio/build/genericSTM32H723ZG/libff2/libforLib.a(forLib.cpp.o)
                0x08009790                forLib::ToFSelect(unsigned char)
 .text._ZN6forLib5beginEv
                0x080097bc      0x15c .pio/build/genericSTM32H723ZG/libff2/libforLib.a(forLib.cpp.o)
                0x080097bc                forLib::begin()
 .text._ZN14HardwareSerial9availableEv
                0x08009918       0x10 .pio/build/genericSTM32H723ZG/libFrameworkArduino.a(HardwareSerial.cpp.o)
                0x08009918                HardwareSerial::available()
 .text._ZN14HardwareSerial4peekEv
                0x08009928       0x1a .pio/build/genericSTM32H723ZG/libFrameworkArduino.a(HardwareSerial.cpp.o)
                0x08009928                HardwareSerial::peek()
 .text._ZN14HardwareSerial17availableForWriteEv
                0x08009942       0x1c .pio/build/genericSTM32H723ZG/libFrameworkArduino.a(HardwareSerial.cpp.o)
                0x08009942                HardwareSerial::availableForWrite()
 .text._ZN14HardwareSerial5writeEh
                0x0800995e       0x18 .pio/build/genericSTM32H723ZG/libFrameworkArduino.a(HardwareSerial.cpp.o)
                0x0800995e                HardwareSerial::write(unsigned char)
 .text._ZN14HardwareSerial16_rx_complete_irqEP8serial_s
                0x08009976       0x38 .pio/build/genericSTM32H723ZG/libFrameworkArduino.a(HardwareSerial.cpp.o)
                0x08009976                HardwareSerial::_rx_complete_irq(serial_s*)
 *fill*         0x080099ae        0x2 
 .text._ZN14HardwareSerial16_tx_complete_irqEP8serial_s
                0x080099b0       0x64 .pio/build/genericSTM32H723ZG/libFrameworkArduino.a(HardwareSerial.cpp.o)
                0x080099b0                HardwareSerial::_tx_complete_irq(serial_s*)
 .text._ZN14HardwareSerial5writeEPKhj
                0x08009a14       0xe4 .pio/build/genericSTM32H723ZG/libFrameworkArduino.a(HardwareSerial.cpp.o)
                0x08009a14                HardwareSerial::write(unsigned char const*, unsigned int)
 .text._ZN14HardwareSerial4initE7PinNameS0_S0_S0_
                0x08009af8       0x32 .pio/build/genericSTM32H723ZG/libFrameworkArduino.a(HardwareSerial.cpp.o)
                0x08009af8                HardwareSerial::init(PinName, PinName, PinName, PinName)
 *fill*         0x08009b2a        0x2 
 .text._ZN14HardwareSerialC2Emmmm
                0x08009b2c      0x110 .pio/build/genericSTM32H723ZG/libFrameworkArduino.a(HardwareSerial.cpp.o)
                0x08009b2c                HardwareSerial::HardwareSerial(unsigned long, unsigned long, unsigned long, unsigned long)
                0x08009b2c                HardwareSerial::HardwareSerial(unsigned long, unsigned long, unsigned long, unsigned long)
 .text._ZN14HardwareSerial5flushEm
                0x08009c3c       0x36 .pio/build/genericSTM32H723ZG/libFrameworkArduino.a(HardwareSerial.cpp.o)
                0x08009c3c                HardwareSerial::flush(unsigned long)
 .text._ZN14HardwareSerial5flushEv
                0x08009c72        0x6 .pio/build/genericSTM32H723ZG/libFrameworkArduino.a(HardwareSerial.cpp.o)
                0x08009c72                HardwareSerial::flush()
 .text._ZN14HardwareSerial5setRxEm
                0x08009c78       0x48 .pio/build/genericSTM32H723ZG/libFrameworkArduino.a(HardwareSerial.cpp.o)
                0x08009c78                HardwareSerial::setRx(unsigned long)
 .text._ZN14HardwareSerial5setTxEm
                0x08009cc0       0x48 .pio/build/genericSTM32H723ZG/libFrameworkArduino.a(HardwareSerial.cpp.o)
                0x08009cc0                HardwareSerial::setTx(unsigned long)
 .text._ZN14HardwareSerialC2EPv16HalfDuplexMode_t
                0x08009d08       0x9c .pio/build/genericSTM32H723ZG/libFrameworkArduino.a(HardwareSerial.cpp.o)
                0x08009d08                HardwareSerial::HardwareSerial(void*, HalfDuplexMode_t)
                0x08009d08                HardwareSerial::HardwareSerial(void*, HalfDuplexMode_t)
 .text._ZN14HardwareSerial18enableHalfDuplexRxEv
                0x08009da4       0x2c .pio/build/genericSTM32H723ZG/libFrameworkArduino.a(HardwareSerial.cpp.o)
                0x08009da4                HardwareSerial::enableHalfDuplexRx()
 .text._ZN14HardwareSerial5beginEmh
                0x08009dd0       0x90 .pio/build/genericSTM32H723ZG/libFrameworkArduino.a(HardwareSerial.cpp.o)
                0x08009dd0                HardwareSerial::begin(unsigned long, unsigned char)
 .text._ZN14HardwareSerial4readEv
                0x08009e60       0x2e .pio/build/genericSTM32H723ZG/libFrameworkArduino.a(HardwareSerial.cpp.o)
                0x08009e60                HardwareSerial::read()
 *fill*         0x08009e8e        0x2 
 .text.startup._GLOBAL__sub_I_Serial4
                0x08009e90       0x14 .pio/build/genericSTM32H723ZG/libFrameworkArduino.a(HardwareSerial.cpp.o)
 .text._ZN5Print17availableForWriteEv
                0x08009ea4        0x4 .pio/build/genericSTM32H723ZG/libFrameworkArduino.a(Print.cpp.o)
                0x08009ea4                Print::availableForWrite()
 .text._ZN5Print5writeEPKc
                0x08009ea8       0x20 .pio/build/genericSTM32H723ZG/libFrameworkArduino.a(Print.cpp.o)
                0x08009ea8                Print::write(char const*)
 .text._ZN5Print5printEPK19__FlashStringHelper
                0x08009ec8        0x8 .pio/build/genericSTM32H723ZG/libFrameworkArduino.a(Print.cpp.o)
                0x08009ec8                Print::print(__FlashStringHelper const*)
 .text._ZN5Print5printEc
                0x08009ed0        0x6 .pio/build/genericSTM32H723ZG/libFrameworkArduino.a(Print.cpp.o)
                0x08009ed0                Print::print(char)
 *fill*         0x08009ed6        0x2 
 .text._ZN5Print7printlnEv
                0x08009ed8       0x10 .pio/build/genericSTM32H723ZG/libFrameworkArduino.a(Print.cpp.o)
                0x08009ed8                Print::println()
 .text._ZN5Print7printlnEPK19__FlashStringHelper
                0x08009ee8       0x14 .pio/build/genericSTM32H723ZG/libFrameworkArduino.a(Print.cpp.o)
                0x08009ee8                Print::println(__FlashStringHelper const*)
 .text._ZN5Print11printNumberEmh
                0x08009efc       0x3e .pio/build/genericSTM32H723ZG/libFrameworkArduino.a(Print.cpp.o)
                0x08009efc                Print::printNumber(unsigned long, unsigned char)
 .text._ZN5Print5printEli
                0x08009f3a       0x44 .pio/build/genericSTM32H723ZG/libFrameworkArduino.a(Print.cpp.o)
                0x08009f3a                Print::print(long, int)
 .text._ZN5Print5printEii
                0x08009f7e        0x4 .pio/build/genericSTM32H723ZG/libFrameworkArduino.a(Print.cpp.o)
                0x08009f7e                Print::print(int, int)
 .text._ZN5Print7printlnEii
                0x08009f82       0x14 .pio/build/genericSTM32H723ZG/libFrameworkArduino.a(Print.cpp.o)
                0x08009f82                Print::println(int, int)
 *fill*         0x08009f96        0x2 
 .text._ZN5Print10printFloatIfEEjT_h
                0x08009f98      0x104 .pio/build/genericSTM32H723ZG/libFrameworkArduino.a(Print.cpp.o)
                0x08009f98                unsigned int Print::printFloat<float>(float, unsigned char)
 .text._ZN5Print5printEfi
                0x0800a09c        0xa .pio/build/genericSTM32H723ZG/libFrameworkArduino.a(Print.cpp.o)
                0x0800a09c                Print::print(float, int)
 .text._ZN6Stream9timedReadEv
                0x0800a0a6       0x2a .pio/build/genericSTM32H723ZG/libFrameworkArduino.a(Stream.cpp.o)
                0x0800a0a6                Stream::timedRead()
 .text._ZN6Stream9readBytesEPcj
                0x0800a0d0       0x22 .pio/build/genericSTM32H723ZG/libFrameworkArduino.a(Stream.cpp.o)
                0x0800a0d0                Stream::readBytes(char*, unsigned int)
 .text._ZN6Stream14readBytesUntilEcPcj
                0x0800a0f2       0x30 .pio/build/genericSTM32H723ZG/libFrameworkArduino.a(Stream.cpp.o)
                0x0800a0f2                Stream::readBytesUntil(char, char*, unsigned int)
 *fill*         0x0800a122        0x2 
 .text.startup._Z7premainv
                0x0800a124       0x94 .pio/build/genericSTM32H723ZG/libFrameworkArduino.a(main.cpp.o)
                0x0800a124                premain()
 .text.startup.main
                0x0800a1b8       0x14 .pio/build/genericSTM32H723ZG/libFrameworkArduino.a(main.cpp.o)
                0x0800a1b8                main
 .text.Reset_Handler
                0x0800a1cc       0x54 .pio/build/genericSTM32H723ZG/libFrameworkArduino.a(startup_stm32yyxx.S.o)
                0x0800a1cc                Reset_Handler
 .text.Default_Handler
                0x0800a220        0x2 .pio/build/genericSTM32H723ZG/libFrameworkArduino.a(startup_stm32yyxx.S.o)
                0x0800a220                RTC_Alarm_IRQHandler
                0x0800a220                DebugMon_Handler
                0x0800a220                SPI4_IRQHandler
                0x0800a220                FDCAN3_IT0_IRQHandler
                0x0800a220                BDMA_Channel6_IRQHandler
                0x0800a220                DMA2_Stream5_IRQHandler
                0x0800a220                HardFault_Handler
                0x0800a220                DMA1_Stream5_IRQHandler
                0x0800a220                CORDIC_IRQHandler
                0x0800a220                BDMA_Channel1_IRQHandler
                0x0800a220                TAMP_STAMP_IRQHandler
                0x0800a220                PendSV_Handler
                0x0800a220                NMI_Handler
                0x0800a220                LPTIM4_IRQHandler
                0x0800a220                LPTIM2_IRQHandler
                0x0800a220                DFSDM1_FLT1_IRQHandler
                0x0800a220                DMAMUX2_OVR_IRQHandler
                0x0800a220                DFSDM1_FLT2_IRQHandler
                0x0800a220                MDMA_IRQHandler
                0x0800a220                LPTIM3_IRQHandler
                0x0800a220                HSEM1_IRQHandler
                0x0800a220                DMA1_Stream2_IRQHandler
                0x0800a220                FPU_IRQHandler
                0x0800a220                OTG_HS_WKUP_IRQHandler
                0x0800a220                FDCAN1_IT1_IRQHandler
                0x0800a220                UsageFault_Handler
                0x0800a220                LTDC_ER_IRQHandler
                0x0800a220                DMA2_Stream2_IRQHandler
                0x0800a220                SPI1_IRQHandler
                0x0800a220                OCTOSPI1_IRQHandler
                0x0800a220                DMA2_Stream3_IRQHandler
                0x0800a220                OCTOSPI2_IRQHandler
                0x0800a220                DFSDM1_FLT3_IRQHandler
                0x0800a220                TIM23_IRQHandler
                0x0800a220                BDMA_Channel7_IRQHandler
                0x0800a220                LPTIM5_IRQHandler
                0x0800a220                ADC3_IRQHandler
                0x0800a220                DMA2_Stream0_IRQHandler
                0x0800a220                BDMA_Channel2_IRQHandler
                0x0800a220                DMA1_Stream6_IRQHandler
                0x0800a220                DMAMUX1_OVR_IRQHandler
                0x0800a220                DMA1_Stream1_IRQHandler
                0x0800a220                BDMA_Channel5_IRQHandler
                0x0800a220                RCC_IRQHandler
                0x0800a220                TIM1_TRG_COM_IRQHandler
                0x0800a220                Default_Handler
                0x0800a220                ECC_IRQHandler
                0x0800a220                FMAC_IRQHandler
                0x0800a220                CEC_IRQHandler
                0x0800a220                BDMA_Channel0_IRQHandler
                0x0800a220                ADC_IRQHandler
                0x0800a220                DMA1_Stream7_IRQHandler
                0x0800a220                SPI5_IRQHandler
                0x0800a220                FDCAN3_IT1_IRQHandler
                0x0800a220                SDMMC1_IRQHandler
                0x0800a220                DMA2_Stream7_IRQHandler
                0x0800a220                PVD_AVD_IRQHandler
                0x0800a220                RTC_WKUP_IRQHandler
                0x0800a220                LTDC_IRQHandler
                0x0800a220                ETH_WKUP_IRQHandler
                0x0800a220                SPDIF_RX_IRQHandler
                0x0800a220                SPI2_IRQHandler
                0x0800a220                OTG_HS_EP1_IN_IRQHandler
                0x0800a220                MemManage_Handler
                0x0800a220                DMA1_Stream0_IRQHandler
                0x0800a220                TIM24_IRQHandler
                0x0800a220                SVC_Handler
                0x0800a220                CRS_IRQHandler
                0x0800a220                RNG_IRQHandler
                0x0800a220                FDCAN2_IT1_IRQHandler
                0x0800a220                ETH_IRQHandler
                0x0800a220                BDMA_Channel4_IRQHandler
                0x0800a220                OTG_HS_EP1_OUT_IRQHandler
                0x0800a220                WWDG_IRQHandler
                0x0800a220                SPI6_IRQHandler
                0x0800a220                MDIOS_IRQHandler
                0x0800a220                FDCAN2_IT0_IRQHandler
                0x0800a220                FDCAN1_IT0_IRQHandler
                0x0800a220                OTG_HS_IRQHandler
                0x0800a220                DMA2D_IRQHandler
                0x0800a220                TIM1_BRK_IRQHandler
                0x0800a220                SDMMC2_IRQHandler
                0x0800a220                BDMA_Channel3_IRQHandler
                0x0800a220                DTS_IRQHandler
                0x0800a220                MDIOS_WKUP_IRQHandler
                0x0800a220                DFSDM1_FLT0_IRQHandler
                0x0800a220                SAI4_IRQHandler
                0x0800a220                DMA2_Stream1_IRQHandler
                0x0800a220                FLASH_IRQHandler
                0x0800a220                DMA2_Stream4_IRQHandler
                0x0800a220                BusFault_Handler
                0x0800a220                SPI3_IRQHandler
                0x0800a220                WAKEUP_PIN_IRQHandler
                0x0800a220                DMA1_Stream4_IRQHandler
                0x0800a220                FMC_IRQHandler
                0x0800a220                FDCAN_CAL_IRQHandler
                0x0800a220                SWPMI1_IRQHandler
                0x0800a220                COMP1_IRQHandler
                0x0800a220                LPTIM1_IRQHandler
                0x0800a220                DCMI_PSSI_IRQHandler
                0x0800a220                DMA2_Stream6_IRQHandler
                0x0800a220                SAI1_IRQHandler
                0x0800a220                DMA1_Stream3_IRQHandler
 *fill*         0x0800a222        0x2 
 .text.pinMode  0x0800a224       0xd4 .pio/build/genericSTM32H723ZG/libFrameworkArduino.a(wiring_digital.c.o)
                0x0800a224                pinMode
 .text.digitalWrite
                0x0800a2f8       0x6c .pio/build/genericSTM32H723ZG/libFrameworkArduino.a(wiring_digital.c.o)
                0x0800a2f8                digitalWrite
 .text.digitalRead
                0x0800a364       0x78 .pio/build/genericSTM32H723ZG/libFrameworkArduino.a(wiring_digital.c.o)
                0x0800a364                digitalRead
 .text.millis   0x0800a3dc        0x4 .pio/build/genericSTM32H723ZG/libFrameworkArduino.a(wiring_time.c.o)
                0x0800a3dc                millis
 .text.delay    0x0800a3e0       0x1c .pio/build/genericSTM32H723ZG/libFrameworkArduino.a(wiring_time.c.o)
                0x0800a3e0                delay
 .text._Z14serialEventRunv
                0x0800a3fc       0x1c .pio/build/genericSTM32H723ZG/libFrameworkArduino.a(WSerial.cpp.o)
                0x0800a3fc                serialEventRun()
 .text.init     0x0800a418        0x4 .pio/build/genericSTM32H723ZG/libFrameworkArduino.a(board.c.o)
                0x0800a418                init
 .text.__empty  0x0800a41c        0x2 .pio/build/genericSTM32H723ZG/libFrameworkArduino.a(hooks.c.o)
                0x0800a41c                yield
 *fill*         0x0800a41e        0x2 
 .text.pinNametoDigitalPin
                0x0800a420       0x34 .pio/build/genericSTM32H723ZG/libFrameworkArduino.a(pins_arduino.c.o)
                0x0800a420                pinNametoDigitalPin
 .text.__udivmoddi4
                0x0800a454      0x2bc c:/users/yutar/.platformio/packages/toolchain-gccarmnoneeabi/bin/../lib/gcc/arm-none-eabi/12.3.1/thumb/v7e-m+fp/hard\libgcc.a(_udivmoddi4.o)
                0x0800a454                __udivmoddi4
 .text.unlikely._ZSt25__throw_bad_function_callv
                0x0800a710        0x6 c:/users/yutar/.platformio/packages/toolchain-gccarmnoneeabi/bin/../lib/gcc/arm-none-eabi/12.3.1/../../../../arm-none-eabi/lib/thumb/v7e-m+fp/hard\libstdc++_nano.a(functional.o)
                0x0800a710                std::__throw_bad_function_call()
 .text._ZN5Color5beginEhhhh
                0x0800a716       0x64 .pio/build/genericSTM32H723ZG/libc1f/libColor.a(Color.cpp.o)
                0x0800a716                Color::begin(unsigned char, unsigned char, unsigned char, unsigned char)
 .text._ZN17Adafruit_NeoPixelD2Ev
                0x0800a77a       0x1c .pio/build/genericSTM32H723ZG/lib4b1/libAdafruit_NeoPixel.a(Adafruit_NeoPixel.cpp.o)
                0x0800a77a                Adafruit_NeoPixel::~Adafruit_NeoPixel()
                0x0800a77a                Adafruit_NeoPixel::~Adafruit_NeoPixel()
 .text._ZN17Adafruit_NeoPixel12updateLengthEt
                0x0800a796       0x3c .pio/build/genericSTM32H723ZG/lib4b1/libAdafruit_NeoPixel.a(Adafruit_NeoPixel.cpp.o)
                0x0800a796                Adafruit_NeoPixel::updateLength(unsigned short)
 .text._ZN17Adafruit_NeoPixel10updateTypeEt
                0x0800a7d2       0x48 .pio/build/genericSTM32H723ZG/lib4b1/libAdafruit_NeoPixel.a(Adafruit_NeoPixel.cpp.o)
                0x0800a7d2                Adafruit_NeoPixel::updateType(unsigned short)
 *fill*         0x0800a81a        0x2 
 .text._ZN17Adafruit_NeoPixel6setPinEs
                0x0800a81c       0x9c .pio/build/genericSTM32H723ZG/lib4b1/libAdafruit_NeoPixel.a(Adafruit_NeoPixel.cpp.o)
                0x0800a81c                Adafruit_NeoPixel::setPin(short)
 .text._ZN17Adafruit_NeoPixelC2Etst
                0x0800a8b8       0x2c .pio/build/genericSTM32H723ZG/lib4b1/libAdafruit_NeoPixel.a(Adafruit_NeoPixel.cpp.o)
                0x0800a8b8                Adafruit_NeoPixel::Adafruit_NeoPixel(unsigned short, short, unsigned short)
                0x0800a8b8                Adafruit_NeoPixel::Adafruit_NeoPixel(unsigned short, short, unsigned short)
 .text._ZN8SPIClassC2Emmmm
                0x0800a8e4      0x134 .pio/build/genericSTM32H723ZG/lib7e1/libSPI.a(SPI.cpp.o)
                0x0800a8e4                SPIClass::SPIClass(unsigned long, unsigned long, unsigned long, unsigned long)
                0x0800a8e4                SPIClass::SPIClass(unsigned long, unsigned long, unsigned long, unsigned long)
 .text.startup._GLOBAL__sub_I_SPI
                0x0800aa18       0x1c .pio/build/genericSTM32H723ZG/lib7e1/libSPI.a(SPI.cpp.o)
 .text._ZN7TwoWire9availableEv
                0x0800aa34        0x8 .pio/build/genericSTM32H723ZG/lib6c9/libWire.a(Wire.cpp.o)
                0x0800aa34                TwoWire::available()
 .text._ZN7TwoWire4readEv
                0x0800aa3c       0x1a .pio/build/genericSTM32H723ZG/lib6c9/libWire.a(Wire.cpp.o)
                0x0800aa3c                TwoWire::read()
 .text._ZN7TwoWire4peekEv
                0x0800aa56       0x12 .pio/build/genericSTM32H723ZG/lib6c9/libWire.a(Wire.cpp.o)
                0x0800aa56                TwoWire::peek()
 .text._ZN7TwoWire16onRequestServiceEP5i2c_s
                0x0800aa68       0x16 .pio/build/genericSTM32H723ZG/lib6c9/libWire.a(Wire.cpp.o)
                0x0800aa68                TwoWire::onRequestService(i2c_s*)
 *fill*         0x0800aa7e        0x2 
 .text._ZN7TwoWireC2Emm
                0x0800aa80       0xcc .pio/build/genericSTM32H723ZG/lib6c9/libWire.a(Wire.cpp.o)
                0x0800aa80                TwoWire::TwoWire(unsigned long, unsigned long)
                0x0800aa80                TwoWire::TwoWire(unsigned long, unsigned long)
 .text._ZN7TwoWire3endEv
                0x0800ab4c       0x28 .pio/build/genericSTM32H723ZG/lib6c9/libWire.a(Wire.cpp.o)
                0x0800ab4c                TwoWire::end()
 .text._ZN7TwoWireD2Ev
                0x0800ab74       0x28 .pio/build/genericSTM32H723ZG/lib6c9/libWire.a(Wire.cpp.o)
                0x0800ab74                TwoWire::~TwoWire()
                0x0800ab74                TwoWire::~TwoWire()
 .text._ZN7TwoWire8setClockEm
                0x0800ab9c       0x34 .pio/build/genericSTM32H723ZG/lib6c9/libWire.a(Wire.cpp.o)
                0x0800ab9c                TwoWire::setClock(unsigned long)
 .text._ZN7TwoWire17beginTransmissionEh
                0x0800abd0       0x10 .pio/build/genericSTM32H723ZG/lib6c9/libWire.a(Wire.cpp.o)
                0x0800abd0                TwoWire::beginTransmission(unsigned char)
 .text._ZN7TwoWire17beginTransmissionEi
                0x0800abe0       0x10 .pio/build/genericSTM32H723ZG/lib6c9/libWire.a(Wire.cpp.o)
                0x0800abe0                TwoWire::beginTransmission(int)
 .text._ZN7TwoWire16allocateRxBufferEj
                0x0800abf0       0x24 .pio/build/genericSTM32H723ZG/lib6c9/libWire.a(Wire.cpp.o)
                0x0800abf0                TwoWire::allocateRxBuffer(unsigned int)
 .text._ZN7TwoWire16onReceiveServiceEP5i2c_s
                0x0800ac14       0x4c .pio/build/genericSTM32H723ZG/lib6c9/libWire.a(Wire.cpp.o)
                0x0800ac14                TwoWire::onReceiveService(i2c_s*)
 .text._ZN7TwoWire16allocateTxBufferEj
                0x0800ac60       0x32 .pio/build/genericSTM32H723ZG/lib6c9/libWire.a(Wire.cpp.o)
                0x0800ac60                TwoWire::allocateTxBuffer(unsigned int)
 .text._ZN7TwoWire5writeEh
                0x0800ac92       0x42 .pio/build/genericSTM32H723ZG/lib6c9/libWire.a(Wire.cpp.o)
                0x0800ac92                TwoWire::write(unsigned char)
 .text._ZN7TwoWire5writeEPKhj
                0x0800acd4       0x42 .pio/build/genericSTM32H723ZG/lib6c9/libWire.a(Wire.cpp.o)
                0x0800acd4                TwoWire::write(unsigned char const*, unsigned int)
 .text._ZN7TwoWire13resetRxBufferEv
                0x0800ad16       0x10 .pio/build/genericSTM32H723ZG/lib6c9/libWire.a(Wire.cpp.o)
                0x0800ad16                TwoWire::resetRxBuffer()
 .text._ZN7TwoWire13resetTxBufferEv
                0x0800ad26       0x10 .pio/build/genericSTM32H723ZG/lib6c9/libWire.a(Wire.cpp.o)
                0x0800ad26                TwoWire::resetTxBuffer()
 .text._ZN7TwoWire15endTransmissionEh
                0x0800ad36       0x44 .pio/build/genericSTM32H723ZG/lib6c9/libWire.a(Wire.cpp.o)
                0x0800ad36                TwoWire::endTransmission(unsigned char)
 .text._ZN7TwoWire11requestFromEhhmhh
                0x0800ad7a       0x96 .pio/build/genericSTM32H723ZG/lib6c9/libWire.a(Wire.cpp.o)
                0x0800ad7a                TwoWire::requestFrom(unsigned char, unsigned char, unsigned long, unsigned char, unsigned char)
 .text._ZN7TwoWire11requestFromEhhh
                0x0800ae10       0x12 .pio/build/genericSTM32H723ZG/lib6c9/libWire.a(Wire.cpp.o)
                0x0800ae10                TwoWire::requestFrom(unsigned char, unsigned char, unsigned char)
 .text._ZN7TwoWire11requestFromEhh
                0x0800ae22        0x6 .pio/build/genericSTM32H723ZG/lib6c9/libWire.a(Wire.cpp.o)
                0x0800ae22                TwoWire::requestFrom(unsigned char, unsigned char)
 .text._ZN7TwoWire15endTransmissionEv
                0x0800ae28        0x6 .pio/build/genericSTM32H723ZG/lib6c9/libWire.a(Wire.cpp.o)
                0x0800ae28                TwoWire::endTransmission()
 .text._ZN7TwoWire5flushEv
                0x0800ae2e       0x18 .pio/build/genericSTM32H723ZG/lib6c9/libWire.a(Wire.cpp.o)
                0x0800ae2e                TwoWire::flush()
 *fill*         0x0800ae46        0x2 
 .text._ZN7TwoWire10recoverBusEv
                0x0800ae48       0xcc .pio/build/genericSTM32H723ZG/lib6c9/libWire.a(Wire.cpp.o)
                0x0800ae48                TwoWire::recoverBus()
 .text._ZN7TwoWire5beginEhbb
                0x0800af14       0x9c .pio/build/genericSTM32H723ZG/lib6c9/libWire.a(Wire.cpp.o)
                0x0800af14                TwoWire::begin(unsigned char, bool, bool)
 .text._ZN7TwoWire5beginEb
                0x0800afb0        0xa .pio/build/genericSTM32H723ZG/lib6c9/libWire.a(Wire.cpp.o)
                0x0800afb0                TwoWire::begin(bool)
 *fill*         0x0800afba        0x2 
 .text.startup._GLOBAL__sub_I__ZN7TwoWireC2Emm
                0x0800afbc       0x10 .pio/build/genericSTM32H723ZG/lib6c9/libWire.a(Wire.cpp.o)
 .text.exit._GLOBAL__sub_D__ZN7TwoWireC2Emm
                0x0800afcc        0xc .pio/build/genericSTM32H723ZG/lib6c9/libWire.a(Wire.cpp.o)
 .text.i2c_getClkFreq
                0x0800afd8      0x15c .pio/build/genericSTM32H723ZG/lib6c9/libWire.a(twi.c.o)
 .text.i2c_computeTiming
                0x0800b134      0x23c .pio/build/genericSTM32H723ZG/lib6c9/libWire.a(twi.c.o)
 .text.i2c_getTiming
                0x0800b370       0x48 .pio/build/genericSTM32H723ZG/lib6c9/libWire.a(twi.c.o)
 .text.i2c_init
                0x0800b3b8      0x250 .pio/build/genericSTM32H723ZG/lib6c9/libWire.a(twi.c.o)
                0x0800b3b8                i2c_init
 .text.i2c_deinit
                0x0800b608      0x120 .pio/build/genericSTM32H723ZG/lib6c9/libWire.a(twi.c.o)
                0x0800b608                i2c_deinit
 .text.i2c_setTiming
                0x0800b728       0x26 .pio/build/genericSTM32H723ZG/lib6c9/libWire.a(twi.c.o)
                0x0800b728                i2c_setTiming
 .text.i2c_slave_write_IT
                0x0800b74e       0x34 .pio/build/genericSTM32H723ZG/lib6c9/libWire.a(twi.c.o)
                0x0800b74e                i2c_slave_write_IT
 .text.i2c_master_read
                0x0800b782       0x8e .pio/build/genericSTM32H723ZG/lib6c9/libWire.a(twi.c.o)
                0x0800b782                i2c_master_read
 .text.i2c_IsDeviceReady
                0x0800b810       0x40 .pio/build/genericSTM32H723ZG/lib6c9/libWire.a(twi.c.o)
                0x0800b810                i2c_IsDeviceReady
 .text.i2c_master_write
                0x0800b850       0xa2 .pio/build/genericSTM32H723ZG/lib6c9/libWire.a(twi.c.o)
                0x0800b850                i2c_master_write
 .text.i2c_attachSlaveRxEvent
                0x0800b8f2        0xe .pio/build/genericSTM32H723ZG/lib6c9/libWire.a(twi.c.o)
                0x0800b8f2                i2c_attachSlaveRxEvent
 .text.i2c_attachSlaveTxEvent
                0x0800b900        0xe .pio/build/genericSTM32H723ZG/lib6c9/libWire.a(twi.c.o)
                0x0800b900                i2c_attachSlaveTxEvent
 .text.HAL_I2C_AddrCallback
                0x0800b90e       0x6e .pio/build/genericSTM32H723ZG/lib6c9/libWire.a(twi.c.o)
                0x0800b90e                HAL_I2C_AddrCallback
 .text.HAL_I2C_ListenCpltCallback
                0x0800b97c       0x2a .pio/build/genericSTM32H723ZG/lib6c9/libWire.a(twi.c.o)
                0x0800b97c                HAL_I2C_ListenCpltCallback
 .text.HAL_I2C_SlaveRxCpltCallback
                0x0800b9a6       0x26 .pio/build/genericSTM32H723ZG/lib6c9/libWire.a(twi.c.o)
                0x0800b9a6                HAL_I2C_SlaveRxCpltCallback
 .text.HAL_I2C_SlaveTxCpltCallback
                0x0800b9cc        0x8 .pio/build/genericSTM32H723ZG/lib6c9/libWire.a(twi.c.o)
                0x0800b9cc                HAL_I2C_SlaveTxCpltCallback
 .text.HAL_I2C_ErrorCallback
                0x0800b9d4        0xc .pio/build/genericSTM32H723ZG/lib6c9/libWire.a(twi.c.o)
                0x0800b9d4                HAL_I2C_ErrorCallback
 .text.I2C1_EV_IRQHandler
                0x0800b9e0        0xc .pio/build/genericSTM32H723ZG/lib6c9/libWire.a(twi.c.o)
                0x0800b9e0                I2C1_EV_IRQHandler
 .text.I2C1_ER_IRQHandler
                0x0800b9ec        0xc .pio/build/genericSTM32H723ZG/lib6c9/libWire.a(twi.c.o)
                0x0800b9ec                I2C1_ER_IRQHandler
 .text.I2C2_EV_IRQHandler
                0x0800b9f8        0xc .pio/build/genericSTM32H723ZG/lib6c9/libWire.a(twi.c.o)
                0x0800b9f8                I2C2_EV_IRQHandler
 .text.I2C2_ER_IRQHandler
                0x0800ba04        0xc .pio/build/genericSTM32H723ZG/lib6c9/libWire.a(twi.c.o)
                0x0800ba04                I2C2_ER_IRQHandler
 .text.I2C3_EV_IRQHandler
                0x0800ba10        0xc .pio/build/genericSTM32H723ZG/lib6c9/libWire.a(twi.c.o)
                0x0800ba10                I2C3_EV_IRQHandler
 .text.I2C3_ER_IRQHandler
                0x0800ba1c        0xc .pio/build/genericSTM32H723ZG/lib6c9/libWire.a(twi.c.o)
                0x0800ba1c                I2C3_ER_IRQHandler
 .text.I2C4_EV_IRQHandler
                0x0800ba28       0x1c .pio/build/genericSTM32H723ZG/lib6c9/libWire.a(twi.c.o)