Archive member included to satisfy reference by file (symbol)

.pio/build/genericSTM32H723ZG/liba0e/libFTServo.a(HLSCL.cpp.o)
                              .pio/build/genericSTM32H723ZG/src/main.cpp.o (HLSCL::SyncWriteSpe(unsigned char*, unsigned char, short*, unsigned char*, unsigned short*))
.pio/build/genericSTM32H723ZG/liba0e/libFTServo.a(SCS.cpp.o)
                              .pio/build/genericSTM32H723ZG/liba0e/libFTServo.a(HLSCL.cpp.o) (SCS::Host2SCS(unsigned char*, unsigned char*, unsigned short))
.pio/build/genericSTM32H723ZG/liba0e/libFTServo.a(SCSerial.cpp.o)
                              .pio/build/genericSTM32H723ZG/liba0e/libFTServo.a(HLSCL.cpp.o) (SCSerial::writeSCS(unsigned char*, int))
.pio/build/genericSTM32H723ZG/libff2/libforLib.a(forLib.cpp.o)
                              .pio/build/genericSTM32H723ZG/src/main.cpp.o (forLib::begin())
.pio/build/genericSTM32H723ZG/libFrameworkArduino.a(HardwareSerial.cpp.o)
                              .pio/build/genericSTM32H723ZG/libff2/libforLib.a(forLib.cpp.o) (HardwareSerial::HardwareSerial(unsigned long, unsigned long, unsigned long, unsigned long))
.pio/build/genericSTM32H723ZG/libFrameworkArduino.a(Stream.cpp.o)
                              .pio/build/genericSTM32H723ZG/libFrameworkArduino.a(HardwareSerial.cpp.o) (Stream::readBytes(char*, unsigned int))
.pio/build/genericSTM32H723ZG/libFrameworkArduino.a(WString.cpp.o)
                              .pio/build/genericSTM32H723ZG/libFrameworkArduino.a(Stream.cpp.o) (String::String(char const*))
.pio/build/genericSTM32H723ZG/libFrameworkArduino.a(dtostrf.c.o)
                              .pio/build/genericSTM32H723ZG/libFrameworkArduino.a(WString.cpp.o) (dtostrf)
.pio/build/genericSTM32H723ZG/libFrameworkArduino.a(itoa.c.o)
                              .pio/build/genericSTM32H723ZG/libFrameworkArduino.a(WString.cpp.o) (ltoa)
.pio/build/genericSTM32H723ZG/libFrameworkArduino.a(main.cpp.o)
                              c:/users/yutar/.platformio/packages/toolchain-gccarmnoneeabi/bin/../lib/gcc/arm-none-eabi/12.3.1/../../../../arm-none-eabi/lib/thumb/v7e-m+fp/hard/crt0.o (main)
.pio/build/genericSTM32H723ZG/libFrameworkArduino.a(startup_stm32yyxx.S.o)
                              (Reset_Handler)
.pio/build/genericSTM32H723ZG/libFrameworkArduino.a(wiring_analog.c.o)
                              .pio/build/genericSTM32H723ZG/src/main.cpp.o (analogRead)
.pio/build/genericSTM32H723ZG/libFrameworkArduino.a(wiring_digital.c.o)
                              .pio/build/genericSTM32H723ZG/libff2/libforLib.a(forLib.cpp.o) (pinMode)
.pio/build/genericSTM32H723ZG/libFrameworkArduino.a(wiring_time.c.o)
                              .pio/build/genericSTM32H723ZG/liba0e/libFTServo.a(SCSerial.cpp.o) (millis)
.pio/build/genericSTM32H723ZG/libFrameworkArduino.a(Print.cpp.o)
                              .pio/build/genericSTM32H723ZG/libFrameworkArduino.a(Stream.cpp.o) (Print::write(unsigned char const*, unsigned int))
.pio/build/genericSTM32H723ZG/libFrameworkArduino.a(WSerial.cpp.o)
                              .pio/build/genericSTM32H723ZG/libFrameworkArduino.a(main.cpp.o) (serialEventRun())
.pio/build/genericSTM32H723ZG/libFrameworkArduino.a(board.c.o)
                              .pio/build/genericSTM32H723ZG/libFrameworkArduino.a(main.cpp.o) (init)
.pio/build/genericSTM32H723ZG/libFrameworkArduino.a(hooks.c.o)
                              .pio/build/genericSTM32H723ZG/libFrameworkArduino.a(wiring_time.c.o) (yield)
.pio/build/genericSTM32H723ZG/libFrameworkArduino.a(pins_arduino.c.o)
                              .pio/build/genericSTM32H723ZG/libFrameworkArduino.a(wiring_analog.c.o) (analogInputToPinName)
c:/users/yutar/.platformio/packages/toolchain-gccarmnoneeabi/bin/../lib/gcc/arm-none-eabi/12.3.1/thumb/v7e-m+fp/hard\libgcc.a(_arm_muldf3.o)
                              .pio/build/genericSTM32H723ZG/SrcWrapper/src/HardwareTimer.cpp.o (__aeabi_dmul)
c:/users/yutar/.platformio/packages/toolchain-gccarmnoneeabi/bin/../lib/gcc/arm-none-eabi/12.3.1/thumb/v7e-m+fp/hard\libgcc.a(_arm_addsubdf3.o)
                              .pio/build/genericSTM32H723ZG/src/main.cpp.o (__aeabi_dsub)
c:/users/yutar/.platformio/packages/toolchain-gccarmnoneeabi/bin/../lib/gcc/arm-none-eabi/12.3.1/thumb/v7e-m+fp/hard\libgcc.a(_arm_muldivdf3.o)
                              .pio/build/genericSTM32H723ZG/SrcWrapper/src/HardwareTimer.cpp.o (__aeabi_ddiv)
c:/users/yutar/.platformio/packages/toolchain-gccarmnoneeabi/bin/../lib/gcc/arm-none-eabi/12.3.1/thumb/v7e-m+fp/hard\libgcc.a(_arm_cmpdf2.o)
                              .pio/build/genericSTM32H723ZG/libFrameworkArduino.a(dtostrf.c.o) (__aeabi_dcmplt)
c:/users/yutar/.platformio/packages/toolchain-gccarmnoneeabi/bin/../lib/gcc/arm-none-eabi/12.3.1/thumb/v7e-m+fp/hard\libgcc.a(_arm_unorddf2.o)
                              .pio/build/genericSTM32H723ZG/libFrameworkArduino.a(Print.cpp.o) (__aeabi_dcmpun)
[...]
Memory Configuration

Name             Origin             Length             Attributes
*default*        0x00000000         0xffffffff
ITCMRAM          0x00000000         0x00010000         xrw
DTCMRAM          0x20000000         0x00020000         xrw
FLASH            0x08000000         0x00100000         xr
RAM_D1           0x24000000         0x00050000         xrw
RAM_D2           0x30000000         0x00008000         xrw
RAM_D3           0x38000000         0x00004000         xrw

Linker script and memory map

                0x24050000                        _estack = (ORIGIN (RAM_D1) + LENGTH (RAM_D1))
                0x00000200                        _Min_Heap_Size = 0x200
                0x00000400                        _Min_Stack_Size = 0x400

.isr_vector     0x08000000      0x2cc
                0x08000000                        . = ALIGN (0x4)
 *(.isr_vector)
 .isr_vector    0x08000000      0x2cc .pio/build/genericSTM32H723ZG/libFrameworkArduino.a(startup_stm32yyxx.S.o)
                0x08000000                g_pfnVectors
                0x080002cc                        . = ALIGN (0x4)

.text           0x080002cc     0xa864
                0x080002cc                        . = ALIGN (0x4)
 *(.text)
 .text          0x080002cc      0x378 c:/users/yutar/.platformio/packages/toolchain-gccarmnoneeabi/bin/../lib/gcc/arm-none-eabi/12.3.1/thumb/v7e-m+fp/hard\libgcc.a(_arm_addsubdf3.o)
                0x080002cc                __aeabi_drsub
                0x080002d4                __aeabi_dsub
                0x080002d4                __subdf3
                0x080002d8                __aeabi_dadd
                0x080002d8                __adddf3
                0x08000550                __floatunsidf
                0x08000550                __aeabi_ui2d
                0x08000570                __floatsidf
                0x08000570                __aeabi_i2d
                0x08000594                __aeabi_f2d
                0x08000594                __extendsfdf2
                0x080005d8                __floatundidf
                0x080005d8                __aeabi_ul2d
                0x080005e8                __floatdidf
                0x080005e8                __aeabi_l2d
 .text          0x08000644      0x424 c:/users/yutar/.platformio/packages/toolchain-gccarmnoneeabi/bin/../lib/gcc/arm-none-eabi/12.3.1/thumb/v7e-m+fp/hard\libgcc.a(_arm_muldivdf3.o)
                0x08000644                __aeabi_dmul
                0x08000644                __muldf3
                0x08000898                __divdf3
                0x08000898                __aeabi_ddiv
 .text          0x08000a68       0x50 c:/users/yutar/.platformio/packages/toolchain-gccarmnoneeabi/bin/../lib/gcc/arm-none-eabi/12.3.1/thumb/v7e-m+fp/hard\libgcc.a(_arm_fixdfsi.o)
                0x08000a68                __aeabi_d2iz
                0x08000a68                __fixdfsi
 .text          0x08000ab8       0x30 c:/users/yutar/.platformio/packages/toolchain-gccarmnoneeabi/bin/../lib/gcc/arm-none-eabi/12.3.1/thumb/v7e-m+fp/hard\libgcc.a(_aeabi_uldivmod.o)
                0x08000ab8                __aeabi_uldivmod
 .text          0x08000ae8        0x4 c:/users/yutar/.platformio/packages/toolchain-gccarmnoneeabi/bin/../lib/gcc/arm-none-eabi/12.3.1/thumb/v7e-m+fp/hard\libgcc.a(_dvmd_tls.o)
                0x08000ae8                __aeabi_idiv0
                0x08000ae8                __aeabi_ldiv0
 *(.text*)
 .text.__do_global_dtors_aux
                0x08000aec       0x24 c:/users/yutar/.platformio/packages/toolchain-gccarmnoneeabi/bin/../lib/gcc/arm-none-eabi/12.3.1/thumb/v7e-m+fp/hard/crtbegin.o
 .text.frame_dummy
                0x08000b10       0x1c c:/users/yutar/.platformio/packages/toolchain-gccarmnoneeabi/bin/../lib/gcc/arm-none-eabi/12.3.1/thumb/v7e-m+fp/hard/crtbegin.o
 .text.SystemClock_Config
                0x08000b2c      0x124 .pio/build/genericSTM32H723ZG/FrameworkArduinoVariant/generic_clock.c.o
                0x08000b2c                SystemClock_Config
 .text.HAL_MspInit
                0x08000c50        0x2 .pio/build/genericSTM32H723ZG/SrcWrapper/src/HAL/stm32yyxx_hal.c.o
                0x08000c50                HAL_MspInit
 *fill*         0x08000c52        0x2 
 .text.HAL_InitTick
                0x08000c54       0x4c .pio/build/genericSTM32H723ZG/SrcWrapper/src/HAL/stm32yyxx_hal.c.o
                0x08000c54                HAL_InitTick
 .text.HAL_Init
                0x08000ca0       0x5c .pio/build/genericSTM32H723ZG/SrcWrapper/src/HAL/stm32yyxx_hal.c.o
                0x08000ca0                HAL_Init
 .text.HAL_IncTick
                0x08000cfc       0x18 .pio/build/genericSTM32H723ZG/SrcWrapper/src/HAL/stm32yyxx_hal.c.o
                0x08000cfc                HAL_IncTick
 .text.HAL_GetTick
                0x08000d14        0xc .pio/build/genericSTM32H723ZG/SrcWrapper/src/HAL/stm32yyxx_hal.c.o
                0x08000d14                HAL_GetTick
 .text.HAL_GetREVID
                0x08000d20        0xc .pio/build/genericSTM32H723ZG/SrcWrapper/src/HAL/stm32yyxx_hal.c.o
                0x08000d20                HAL_GetREVID
 .text.LL_ADC_IsEnabled
                0x08000d2c        0x8 .pio/build/genericSTM32H723ZG/SrcWrapper/src/HAL/stm32yyxx_hal_adc.c.o
 .text.LL_ADC_REG_IsConversionOngoing
                0x08000d34        0x8 .pio/build/genericSTM32H723ZG/SrcWrapper/src/HAL/stm32yyxx_hal_adc.c.o
 .text.HAL_ADC_PollForConversion
                0x08000d3c      0x11c .pio/build/genericSTM32H723ZG/SrcWrapper/src/HAL/stm32yyxx_hal_adc.c.o
                0x08000d3c                HAL_ADC_PollForConversion
 .text.HAL_ADC_GetValue
                0x08000e58        0x6 .pio/build/genericSTM32H723ZG/SrcWrapper/src/HAL/stm32yyxx_hal_adc.c.o
                0x08000e58                HAL_ADC_GetValue
 *fill*         0x08000e5e        0x2 
 .text.HAL_ADC_ConfigChannel
                0x08000e60      0x664 .pio/build/genericSTM32H723ZG/SrcWrapper/src/HAL/stm32yyxx_hal_adc.c.o
                0x08000e60                HAL_ADC_ConfigChannel
 .text.HAL_ADC_GetState
                0x080014c4        0x4 .pio/build/genericSTM32H723ZG/SrcWrapper/src/HAL/stm32yyxx_hal_adc.c.o
                0x080014c4                HAL_ADC_GetState
 .text.ADC_ConversionStop
                0x080014c8      0x100 .pio/build/genericSTM32H723ZG/SrcWrapper/src/HAL/stm32yyxx_hal_adc.c.o
                0x080014c8                ADC_ConversionStop
 .text.ADC_Enable
                0x080015c8       0xac .pio/build/genericSTM32H723ZG/SrcWrapper/src/HAL/stm32yyxx_hal_adc.c.o
                0x080015c8                ADC_Enable
 .text.HAL_ADC_Start
                0x08001674       0xfc .pio/build/genericSTM32H723ZG/SrcWrapper/src/HAL/stm32yyxx_hal_adc.c.o
                0x08001674                HAL_ADC_Start
 .text.ADC_Disable
                0x08001770       0x70 .pio/build/genericSTM32H723ZG/SrcWrapper/src/HAL/stm32yyxx_hal_adc.c.o
                0x08001770                ADC_Disable
 .text.HAL_ADC_DeInit
                0x080017e0      0x1f0 .pio/build/genericSTM32H723ZG/SrcWrapper/src/HAL/stm32yyxx_hal_adc.c.o
                0x080017e0                HAL_ADC_DeInit
 .text.HAL_ADC_Stop
                0x080019d0       0x3e .pio/build/genericSTM32H723ZG/SrcWrapper/src/HAL/stm32yyxx_hal_adc.c.o
                0x080019d0                HAL_ADC_Stop
 *fill*         0x08001a0e        0x2 
 .text.ADC_ConfigureBoostMode
                0x08001a10      0x11c .pio/build/genericSTM32H723ZG/SrcWrapper/src/HAL/stm32yyxx_hal_adc.c.o
                0x08001a10                ADC_ConfigureBoostMode
 .text.HAL_ADC_Init
                0x08001b2c      0x298 .pio/build/genericSTM32H723ZG/SrcWrapper/src/HAL/stm32yyxx_hal_adc.c.o
                0x08001b2c                HAL_ADC_Init
 .text.HAL_ADCEx_Calibration_Start
                0x08001dc4       0xa0 .pio/build/genericSTM32H723ZG/SrcWrapper/src/HAL/stm32yyxx_hal_adc_ex.c.o
                0x08001dc4                HAL_ADCEx_Calibration_Start
 .text.HAL_NVIC_SetPriorityGrouping
                0x08001e64       0x24 .pio/build/genericSTM32H723ZG/SrcWrapper/src/HAL/stm32yyxx_hal_cortex.c.o
                0x08001e64                HAL_NVIC_SetPriorityGrouping
 .text.HAL_NVIC_SetPriority
                0x08001e88       0x64 .pio/build/genericSTM32H723ZG/SrcWrapper/src/HAL/stm32yyxx_hal_cortex.c.o
                0x08001e88                HAL_NVIC_SetPriority
 .text.HAL_NVIC_EnableIRQ
                0x08001eec       0x1c .pio/build/genericSTM32H723ZG/SrcWrapper/src/HAL/stm32yyxx_hal_cortex.c.o
                0x08001eec                HAL_NVIC_EnableIRQ
 .text.HAL_NVIC_DisableIRQ
                0x08001f08       0x24 .pio/build/genericSTM32H723ZG/SrcWrapper/src/HAL/stm32yyxx_hal_cortex.c.o
                0x08001f08                HAL_NVIC_DisableIRQ
 .text.HAL_SYSTICK_Config
                0x08001f2c       0x28 .pio/build/genericSTM32H723ZG/SrcWrapper/src/HAL/stm32yyxx_hal_cortex.c.o
                0x08001f2c                HAL_SYSTICK_Config
 .text.HAL_NVIC_ClearPendingIRQ
                0x08001f54       0x1c .pio/build/genericSTM32H723ZG/SrcWrapper/src/HAL/stm32yyxx_hal_cortex.c.o
                0x08001f54                HAL_NVIC_ClearPendingIRQ
 .text.HAL_SYSTICK_Callback
                0x08001f70        0x2 .pio/build/genericSTM32H723ZG/SrcWrapper/src/HAL/stm32yyxx_hal_cortex.c.o
                0x08001f70                HAL_SYSTICK_Callback
 .text.HAL_SYSTICK_IRQHandler
                0x08001f72        0x8 .pio/build/genericSTM32H723ZG/SrcWrapper/src/HAL/stm32yyxx_hal_cortex.c.o
                0x08001f72                HAL_SYSTICK_IRQHandler
 .text.HAL_CRC_MspInit
                0x08001f7a        0x2 .pio/build/genericSTM32H723ZG/SrcWrapper/src/HAL/stm32yyxx_hal_crc.c.o
                0x08001f7a                HAL_CRC_MspInit
 .text.HAL_CRC_Init
                0x08001f7c       0x74 .pio/build/genericSTM32H723ZG/SrcWrapper/src/HAL/stm32yyxx_hal_crc.c.o
                0x08001f7c                HAL_CRC_Init
 .text.HAL_CRCEx_Polynomial_Set
                0x08001ff0       0x52 .pio/build/genericSTM32H723ZG/SrcWrapper/src/HAL/stm32yyxx_hal_crc_ex.c.o
                0x08001ff0                HAL_CRCEx_Polynomial_Set
 .text.HAL_DAC_DeInit
                0x08002042       0x1c .pio/build/genericSTM32H723ZG/SrcWrapper/src/HAL/stm32yyxx_hal_dac.c.o
                0x08002042                HAL_DAC_DeInit
 .text.HAL_DAC_Stop
                0x0800205e       0x22 .pio/build/genericSTM32H723ZG/SrcWrapper/src/HAL/stm32yyxx_hal_dac.c.o
                0x0800205e                HAL_DAC_Stop
 .text.HAL_DMA_Abort
                0x08002080      0x43c .pio/build/genericSTM32H723ZG/SrcWrapper/src/HAL/stm32yyxx_hal_dma.c.o
                0x08002080                HAL_DMA_Abort
 .text.HAL_DMA_Abort_IT
                0x080024bc      0x140 .pio/build/genericSTM32H723ZG/SrcWrapper/src/HAL/stm32yyxx_hal_dma.c.o
                0x080024bc                HAL_DMA_Abort_IT
 .text.HAL_DMA_GetState
                0x080025fc        0x6 .pio/build/genericSTM32H723ZG/SrcWrapper/src/HAL/stm32yyxx_hal_dma.c.o
                0x080025fc                HAL_DMA_GetState
 .text.HAL_GPIO_EXTI_IRQHandler
                0x08002602       0x18 .pio/build/genericSTM32H723ZG/SrcWrapper/src/HAL/stm32yyxx_hal_gpio.c.o
                0x08002602                HAL_GPIO_EXTI_IRQHandler
 .text.I2C_Flush_TXDR
                0x0800261a       0x1c .pio/build/genericSTM32H723ZG/SrcWrapper/src/HAL/stm32yyxx_hal_i2c.c.o
 *fill*         0x08002636        0x2 
 .text.I2C_TransferConfig
                0x08002638       0x2c .pio/build/genericSTM32H723ZG/SrcWrapper/src/HAL/stm32yyxx_hal_i2c.c.o
 .text.I2C_Enable_IRQ
                0x08002664       0x88 .pio/build/genericSTM32H723ZG/SrcWrapper/src/HAL/stm32yyxx_hal_i2c.c.o
 .text.I2C_Disable_IRQ
                0x080026ec       0x42 .pio/build/genericSTM32H723ZG/SrcWrapper/src/HAL/stm32yyxx_hal_i2c.c.o
 .text.HAL_I2C_MspInit
                0x0800272e        0x2 .pio/build/genericSTM32H723ZG/SrcWrapper/src/HAL/stm32yyxx_hal_i2c.c.o
                0x0800272e                HAL_I2C_MspInit
 .text.HAL_I2C_Init
                0x08002730       0xaa .pio/build/genericSTM32H723ZG/SrcWrapper/src/HAL/stm32yyxx_hal_i2c.c.o
                0x08002730                HAL_I2C_Init
 .text.HAL_I2C_MspDeInit
                0x080027da        0x2 .pio/build/genericSTM32H723ZG/SrcWrapper/src/HAL/stm32yyxx_hal_i2c.c.o
                0x080027da                HAL_I2C_MspDeInit
 .text.HAL_I2C_DeInit
                0x080027dc       0x32 .pio/build/genericSTM32H723ZG/SrcWrapper/src/HAL/stm32yyxx_hal_i2c.c.o
                0x080027dc                HAL_I2C_DeInit
 *fill*         0x0800280e        0x2 
 .text.HAL_I2C_Slave_Seq_Transmit_IT
                0x08002810       0xc4 .pio/build/genericSTM32H723ZG/SrcWrapper/src/HAL/stm32yyxx_hal_i2c.c.o
                0x08002810                HAL_I2C_Slave_Seq_Transmit_IT
 .text.HAL_I2C_Slave_Seq_Receive_IT
                0x080028d4       0xc4 .pio/build/genericSTM32H723ZG/SrcWrapper/src/HAL/stm32yyxx_hal_i2c.c.o
                0x080028d4                HAL_I2C_Slave_Seq_Receive_IT
 .text.HAL_I2C_EnableListen_IT
                0x08002998       0x28 .pio/build/genericSTM32H723ZG/SrcWrapper/src/HAL/stm32yyxx_hal_i2c.c.o
                0x08002998                HAL_I2C_EnableListen_IT
 .text.HAL_I2C_EV_IRQHandler
                0x080029c0        0xe .pio/build/genericSTM32H723ZG/SrcWrapper/src/HAL/stm32yyxx_hal_i2c.c.o
                0x080029c0                HAL_I2C_EV_IRQHandler
 .text.HAL_I2C_MasterTxCpltCallback
                0x080029ce        0x2 .pio/build/genericSTM32H723ZG/SrcWrapper/src/HAL/stm32yyxx_hal_i2c.c.o
                0x080029ce                HAL_I2C_MasterTxCpltCallback
 .text.HAL_I2C_MasterRxCpltCallback
                0x080029d0        0x2 .pio/build/genericSTM32H723ZG/SrcWrapper/src/HAL/stm32yyxx_hal_i2c.c.o
                0x080029d0                HAL_I2C_MasterRxCpltCallback
 .text.I2C_ITMasterSeqCplt
                0x080029d2       0x44 .pio/build/genericSTM32H723ZG/SrcWrapper/src/HAL/stm32yyxx_hal_i2c.c.o
 .text.I2C_ITSlaveSeqCplt
                0x08002a16       0x6c .pio/build/genericSTM32H723ZG/SrcWrapper/src/HAL/stm32yyxx_hal_i2c.c.o
 .text.I2C_ITAddrCplt.constprop.0
                0x08002a82       0x88 .pio/build/genericSTM32H723ZG/SrcWrapper/src/HAL/stm32yyxx_hal_i2c.c.o
 *fill*         0x08002b0a        0x2 
 .text.I2C_ITListenCplt
                0x08002b0c       0x60 .pio/build/genericSTM32H723ZG/SrcWrapper/src/HAL/stm32yyxx_hal_i2c.c.o
 .text.HAL_I2C_MemTxCpltCallback
                0x08002b6c        0x2 .pio/build/genericSTM32H723ZG/SrcWrapper/src/HAL/stm32yyxx_hal_i2c.c.o
                0x08002b6c                HAL_I2C_MemTxCpltCallback
 .text.HAL_I2C_MemRxCpltCallback
                0x08002b6e        0x2 .pio/build/genericSTM32H723ZG/SrcWrapper/src/HAL/stm32yyxx_hal_i2c.c.o
                0x08002b6e                HAL_I2C_MemRxCpltCallback
 .text.HAL_I2C_AbortCpltCallback
                0x08002b70        0x2 .pio/build/genericSTM32H723ZG/SrcWrapper/src/HAL/stm32yyxx_hal_i2c.c.o
                0x08002b70                HAL_I2C_AbortCpltCallback
 .text.I2C_TreatErrorCallback
                0x08002b72       0x2c .pio/build/genericSTM32H723ZG/SrcWrapper/src/HAL/stm32yyxx_hal_i2c.c.o
 *fill*         0x08002b9e        0x2 
 .text.I2C_ITError
                0x08002ba0      0x108 .pio/build/genericSTM32H723ZG/SrcWrapper/src/HAL/stm32yyxx_hal_i2c.c.o
 .text.I2C_ITMasterCplt
                0x08002ca8       0xee .pio/build/genericSTM32H723ZG/SrcWrapper/src/HAL/stm32yyxx_hal_i2c.c.o
 *fill*         0x08002d96        0x2 
 .text.I2C_Mem_ISR_DMA
                0x08002d98      0x128 .pio/build/genericSTM32H723ZG/SrcWrapper/src/HAL/stm32yyxx_hal_i2c.c.o
 .text.I2C_Master_ISR_DMA
                0x08002ec0      0x104 .pio/build/genericSTM32H723ZG/SrcWrapper/src/HAL/stm32yyxx_hal_i2c.c.o
 .text.HAL_I2C_ER_IRQHandler
                0x08002fc4       0x60 .pio/build/genericSTM32H723ZG/SrcWrapper/src/HAL/stm32yyxx_hal_i2c.c.o
                0x08002fc4                HAL_I2C_ER_IRQHandler
 .text.I2C_ITSlaveCplt.constprop.0
                0x08003024      0x204 .pio/build/genericSTM32H723ZG/SrcWrapper/src/HAL/stm32yyxx_hal_i2c.c.o
 .text.I2C_Slave_ISR_DMA
                0x08003228      0x1a8 .pio/build/genericSTM32H723ZG/SrcWrapper/src/HAL/stm32yyxx_hal_i2c.c.o
 .text.I2C_Slave_ISR_IT
                0x080033d0      0x112 .pio/build/genericSTM32H723ZG/SrcWrapper/src/HAL/stm32yyxx_hal_i2c.c.o
 .text.I2C_DMAAbort
                0x080034e2       0x16 .pio/build/genericSTM32H723ZG/SrcWrapper/src/HAL/stm32yyxx_hal_i2c.c.o
 .text.HAL_PWR_EnableBkUpAccess
                0x080034f8       0x10 .pio/build/genericSTM32H723ZG/SrcWrapper/src/HAL/stm32yyxx_hal_pwr.c.o
                0x080034f8                HAL_PWR_EnableBkUpAccess
 .text.HAL_PWREx_ConfigSupply
                0x08003508       0x48 .pio/build/genericSTM32H723ZG/SrcWrapper/src/HAL/stm32yyxx_hal_pwr_ex.c.o
                0x08003508                HAL_PWREx_ConfigSupply
 .text.HAL_RCC_OscConfig
                0x08003550      0x4f4 .pio/build/genericSTM32H723ZG/SrcWrapper/src/HAL/stm32yyxx_hal_rcc.c.o
                0x08003550                HAL_RCC_OscConfig
 .text.HAL_RCC_GetSysClockFreq
                0x08003a44      0x144 .pio/build/genericSTM32H723ZG/SrcWrapper/src/HAL/stm32yyxx_hal_rcc.c.o
                0x08003a44                HAL_RCC_GetSysClockFreq
 .text.HAL_RCC_ClockConfig
                0x08003b88      0x24c .pio/build/genericSTM32H723ZG/SrcWrapper/src/HAL/stm32yyxx_hal_rcc.c.o
                0x08003b88                HAL_RCC_ClockConfig
 .text.HAL_RCC_GetHCLKFreq
                0x08003dd4       0x44 .pio/build/genericSTM32H723ZG/SrcWrapper/src/HAL/stm32yyxx_hal_rcc.c.o
                0x08003dd4                HAL_RCC_GetHCLKFreq
 .text.HAL_RCC_GetPCLK1Freq
                0x08003e18       0x24 .pio/build/genericSTM32H723ZG/SrcWrapper/src/HAL/stm32yyxx_hal_rcc.c.o
                0x08003e18                HAL_RCC_GetPCLK1Freq
 .text.HAL_RCC_GetPCLK2Freq
                0x08003e3c       0x24 .pio/build/genericSTM32H723ZG/SrcWrapper/src/HAL/stm32yyxx_hal_rcc.c.o
                0x08003e3c                HAL_RCC_GetPCLK2Freq
 .text.RCCEx_PLL2_Config
                0x08003e60       0xf0 .pio/build/genericSTM32H723ZG/SrcWrapper/src/HAL/stm32yyxx_hal_rcc_ex.c.o
 .text.RCCEx_PLL3_Config
                0x08003f50       0xf0 .pio/build/genericSTM32H723ZG/SrcWrapper/src/HAL/stm32yyxx_hal_rcc_ex.c.o
 .text.HAL_RCCEx_PeriphCLKConfig
                0x08004040      0x968 .pio/build/genericSTM32H723ZG/SrcWrapper/src/HAL/stm32yyxx_hal_rcc_ex.c.o
                0x08004040                HAL_RCCEx_PeriphCLKConfig
 .text.HAL_RCCEx_GetD3PCLK1Freq
                0x080049a8       0x24 .pio/build/genericSTM32H723ZG/SrcWrapper/src/HAL/stm32yyxx_hal_rcc_ex.c.o
                0x080049a8                HAL_RCCEx_GetD3PCLK1Freq
 .text.HAL_RCCEx_GetPLL2ClockFreq
                0x080049cc      0x154 .pio/build/genericSTM32H723ZG/SrcWrapper/src/HAL/stm32yyxx_hal_rcc_ex.c.o
                0x080049cc                HAL_RCCEx_GetPLL2ClockFreq
 .text.HAL_RCCEx_GetPLL3ClockFreq
                0x08004b20      0x154 .pio/build/genericSTM32H723ZG/SrcWrapper/src/HAL/stm32yyxx_hal_rcc_ex.c.o
                0x08004b20                HAL_RCCEx_GetPLL3ClockFreq
 .text.HAL_RCCEx_GetPLL1ClockFreq
                0x08004c74      0x154 .pio/build/genericSTM32H723ZG/SrcWrapper/src/HAL/stm32yyxx_hal_rcc_ex.c.o
                0x08004c74                HAL_RCCEx_GetPLL1ClockFreq
 .text.HAL_RCCEx_GetPeriphCLKFreq
                0x08004dc8      0x2cc .pio/build/genericSTM32H723ZG/SrcWrapper/src/HAL/stm32yyxx_hal_rcc_ex.c.o
                0x08004dc8                HAL_RCCEx_GetPeriphCLKFreq
 .text.HAL_RCCEx_CRSConfig
                0x08005094       0x6c .pio/build/genericSTM32H723ZG/SrcWrapper/src/HAL/stm32yyxx_hal_rcc_ex.c.o
                0x08005094                HAL_RCCEx_CRSConfig
 .text.HAL_TIM_PWM_PulseFinishedCallback
                0x08005100        0x2 .pio/build/genericSTM32H723ZG/SrcWrapper/src/HAL/stm32yyxx_hal_tim.c.o
                0x08005100                HAL_TIM_PWM_PulseFinishedCallback
 .text.HAL_TIM_TriggerCallback
                0x08005102        0x2 .pio/build/genericSTM32H723ZG/SrcWrapper/src/HAL/stm32yyxx_hal_tim.c.o
                0x08005102                HAL_TIM_TriggerCallback
 .text.HAL_TIM_IRQHandler
                0x08005104      0x140 .pio/build/genericSTM32H723ZG/SrcWrapper/src/HAL/stm32yyxx_hal_tim.c.o
                0x08005104                HAL_TIM_IRQHandler
 .text.TIM_Base_SetConfig
                0x08005244       0xbc .pio/build/genericSTM32H723ZG/SrcWrapper/src/HAL/stm32yyxx_hal_tim.c.o
                0x08005244                TIM_Base_SetConfig
 .text.HAL_TIM_Base_Init
                0x08005300       0x60 .pio/build/genericSTM32H723ZG/SrcWrapper/src/HAL/stm32yyxx_hal_tim.c.o
                0x08005300                HAL_TIM_Base_Init
 .text.HAL_TIMEx_CommutCallback
                0x08005360        0x2 .pio/build/genericSTM32H723ZG/SrcWrapper/src/HAL/stm32yyxx_hal_tim_ex.c.o
                0x08005360                HAL_TIMEx_CommutCallback
 .text.HAL_TIMEx_BreakCallback
                0x08005362        0x2 .pio/build/genericSTM32H723ZG/SrcWrapper/src/HAL/stm32yyxx_hal_tim_ex.c.o
                0x08005362                HAL_TIMEx_BreakCallback
 .text.HAL_TIMEx_Break2Callback
                0x08005364        0x2 .pio/build/genericSTM32H723ZG/SrcWrapper/src/HAL/stm32yyxx_hal_tim_ex.c.o
                0x08005364                HAL_TIMEx_Break2Callback
 *fill*         0x08005366        0x2 
 .text.UART_EndRxTransfer
                0x08005368       0x58 .pio/build/genericSTM32H723ZG/SrcWrapper/src/HAL/stm32yyxx_hal_uart.c.o
 .text.UART_TxISR_8BIT.part.0
                0x080053c0       0x26 .pio/build/genericSTM32H723ZG/SrcWrapper/src/HAL/stm32yyxx_hal_uart.c.o
 .text.UART_TxISR_8BIT
                0x080053e6       0x30 .pio/build/genericSTM32H723ZG/SrcWrapper/src/HAL/stm32yyxx_hal_uart.c.o
 .text.UART_TxISR_16BIT
                0x08005416       0x34 .pio/build/genericSTM32H723ZG/SrcWrapper/src/HAL/stm32yyxx_hal_uart.c.o
 .text.UART_TxISR_8BIT_FIFOEN
                0x0800544a       0x66 .pio/build/genericSTM32H723ZG/SrcWrapper/src/HAL/stm32yyxx_hal_uart.c.o
 .text.UART_TxISR_16BIT_FIFOEN
                0x080054b0       0x6a .pio/build/genericSTM32H723ZG/SrcWrapper/src/HAL/stm32yyxx_hal_uart.c.o
 .text.HAL_UART_MspInit
                0x0800551a        0x2 .pio/build/genericSTM32H723ZG/SrcWrapper/src/HAL/stm32yyxx_hal_uart.c.o
                0x0800551a                HAL_UART_MspInit
 .text.HAL_UART_Transmit_IT
                0x0800551c       0xac .pio/build/genericSTM32H723ZG/SrcWrapper/src/HAL/stm32yyxx_hal_uart.c.o
                0x0800551c                HAL_UART_Transmit_IT
 .text.UART_DMAAbortOnError
                0x080055c8       0x10 .pio/build/genericSTM32H723ZG/SrcWrapper/src/HAL/stm32yyxx_hal_uart.c.o
 .text.HAL_UARTEx_RxEventCallback
                0x080055d8        0x2 .pio/build/genericSTM32H723ZG/SrcWrapper/src/HAL/stm32yyxx_hal_uart.c.o
                0x080055d8                HAL_UARTEx_RxEventCallback
 *fill*         0x080055da        0x2 
 .text.HAL_UART_IRQHandler
                0x080055dc      0x354 .pio/build/genericSTM32H723ZG/SrcWrapper/src/HAL/stm32yyxx_hal_uart.c.o
                0x080055dc                HAL_UART_IRQHandler
 .text.UART_RxISR_8BIT
                0x08005930       0xcc .pio/build/genericSTM32H723ZG/SrcWrapper/src/HAL/stm32yyxx_hal_uart.c.o
 .text.UART_RxISR_16BIT
                0x080059fc       0xc4 .pio/build/genericSTM32H723ZG/SrcWrapper/src/HAL/stm32yyxx_hal_uart.c.o
 .text.UART_RxISR_8BIT_FIFOEN
                0x08005ac0      0x1a0 .pio/build/genericSTM32H723ZG/SrcWrapper/src/HAL/stm32yyxx_hal_uart.c.o
 .text.UART_RxISR_16BIT_FIFOEN
                0x08005c60      0x198 .pio/build/genericSTM32H723ZG/SrcWrapper/src/HAL/stm32yyxx_hal_uart.c.o
 .text.HAL_HalfDuplex_EnableTransmitter
                0x08005df8       0x4c .pio/build/genericSTM32H723ZG/SrcWrapper/src/HAL/stm32yyxx_hal_uart.c.o
                0x08005df8                HAL_HalfDuplex_EnableTransmitter
 .text.HAL_HalfDuplex_EnableReceiver
                0x08005e44       0x4c .pio/build/genericSTM32H723ZG/SrcWrapper/src/HAL/stm32yyxx_hal_uart.c.o
                0x08005e44                HAL_HalfDuplex_EnableReceiver
 .text.HAL_UART_GetState
                0x08005e90        0xc .pio/build/genericSTM32H723ZG/SrcWrapper/src/HAL/stm32yyxx_hal_uart.c.o
                0x08005e90                HAL_UART_GetState
 .text.UART_SetConfig
                0x08005e9c      0x2cc .pio/build/genericSTM32H723ZG/SrcWrapper/src/HAL/stm32yyxx_hal_uart.c.o
                0x08005e9c                UART_SetConfig
 .text.UART_AdvFeatureConfig
                0x08006168       0xaa .pio/build/genericSTM32H723ZG/SrcWrapper/src/HAL/stm32yyxx_hal_uart.c.o
                0x08006168                UART_AdvFeatureConfig
 .text.UART_WaitOnFlagUntilTimeout
                0x08006212       0x90 .pio/build/genericSTM32H723ZG/SrcWrapper/src/HAL/stm32yyxx_hal_uart.c.o
                0x08006212                UART_WaitOnFlagUntilTimeout
 .text.UART_CheckIdleState
                0x080062a2       0xb6 .pio/build/genericSTM32H723ZG/SrcWrapper/src/HAL/stm32yyxx_hal_uart.c.o
                0x080062a2                UART_CheckIdleState
 .text.HAL_UART_Init
                0x08006358       0x60 .pio/build/genericSTM32H723ZG/SrcWrapper/src/HAL/stm32yyxx_hal_uart.c.o
                0x08006358                HAL_UART_Init
 .text.HAL_HalfDuplex_Init
                0x080063b8       0x68 .pio/build/genericSTM32H723ZG/SrcWrapper/src/HAL/stm32yyxx_hal_uart.c.o
                0x080063b8                HAL_HalfDuplex_Init
 .text.UART_Start_Receive_IT
                0x08006420      0x114 .pio/build/genericSTM32H723ZG/SrcWrapper/src/HAL/stm32yyxx_hal_uart.c.o
                0x08006420                UART_Start_Receive_IT
 .text.HAL_UART_Receive_IT
                0x08006534       0x44 .pio/build/genericSTM32H723ZG/SrcWrapper/src/HAL/stm32yyxx_hal_uart.c.o
                0x08006534                HAL_UART_Receive_IT
 .text.HAL_UARTEx_RxFifoFullCallback
                0x08006578        0x2 .pio/build/genericSTM32H723ZG/SrcWrapper/src/HAL/stm32yyxx_hal_uart_ex.c.o
                0x08006578                HAL_UARTEx_RxFifoFullCallback
 .text.HAL_UARTEx_TxFifoEmptyCallback
                0x0800657a        0x2 .pio/build/genericSTM32H723ZG/SrcWrapper/src/HAL/stm32yyxx_hal_uart_ex.c.o
                0x0800657a                HAL_UARTEx_TxFifoEmptyCallback
 .text.HAL_UARTEx_EnableStopMode
                0x0800657c       0x2c .pio/build/genericSTM32H723ZG/SrcWrapper/src/HAL/stm32yyxx_hal_uart_ex.c.o
                0x0800657c                HAL_UARTEx_EnableStopMode
 .text.HAL_UARTEx_DisableStopMode
                0x080065a8       0x2c .pio/build/genericSTM32H723ZG/SrcWrapper/src/HAL/stm32yyxx_hal_uart_ex.c.o
                0x080065a8                HAL_UARTEx_DisableStopMode
 .text._ZNSt8functionIFvvEEaSEDn.isra.0
                0x080065d4       0x16 .pio/build/genericSTM32H723ZG/SrcWrapper/src/HardwareTimer.cpp.o
 .text._ZNSt14_Function_baseD2Ev
                0x080065ea       0x12 .pio/build/genericSTM32H723ZG/SrcWrapper/src/HardwareTimer.cpp.o
                0x080065ea                std::_Function_base::~_Function_base()
                0x080065ea                std::_Function_base::~_Function_base()
 .text._Z15get_timer_indexP11TIM_TypeDef
                0x080065fc       0xbc .pio/build/genericSTM32H723ZG/SrcWrapper/src/HardwareTimer.cpp.o
                0x080065fc                get_timer_index(TIM_TypeDef*)
 .text._ZN13HardwareTimerD2Ev
                0x080066b8       0x40 .pio/build/genericSTM32H723ZG/SrcWrapper/src/HardwareTimer.cpp.o
                0x080066b8                HardwareTimer::~HardwareTimer()
                0x080066b8                HardwareTimer::~HardwareTimer()
 .text._ZN13HardwareTimer5setupEP11TIM_TypeDef
                0x080066f8       0x98 .pio/build/genericSTM32H723ZG/SrcWrapper/src/HardwareTimer.cpp.o
                0x080066f8                HardwareTimer::setup(TIM_TypeDef*)
 .text.TIM1_UP_IRQHandler
                0x08006790       0x14 .pio/build/genericSTM32H723ZG/SrcWrapper/src/HardwareTimer.cpp.o
                0x08006790                TIM1_UP_IRQHandler
 .text.TIM1_CC_IRQHandler
                0x080067a4        0x4 .pio/build/genericSTM32H723ZG/SrcWrapper/src/HardwareTimer.cpp.o
                0x080067a4                TIM1_CC_IRQHandler
 .text.TIM2_IRQHandler
                0x080067a8       0x14 .pio/build/genericSTM32H723ZG/SrcWrapper/src/HardwareTimer.cpp.o
                0x080067a8                TIM2_IRQHandler
 .text.TIM3_IRQHandler
                0x080067bc       0x14 .pio/build/genericSTM32H723ZG/SrcWrapper/src/HardwareTimer.cpp.o
                0x080067bc                TIM3_IRQHandler
 .text.TIM4_IRQHandler
                0x080067d0       0x14 .pio/build/genericSTM32H723ZG/SrcWrapper/src/HardwareTimer.cpp.o
                0x080067d0                TIM4_IRQHandler
 .text.TIM5_IRQHandler
                0x080067e4       0x14 .pio/build/genericSTM32H723ZG/SrcWrapper/src/HardwareTimer.cpp.o
                0x080067e4                TIM5_IRQHandler
 .text.TIM6_DAC_IRQHandler
                0x080067f8       0x14 .pio/build/genericSTM32H723ZG/SrcWrapper/src/HardwareTimer.cpp.o
                0x080067f8                TIM6_DAC_IRQHandler
 .text.TIM7_IRQHandler
                0x0800680c       0x14 .pio/build/genericSTM32H723ZG/SrcWrapper/src/HardwareTimer.cpp.o
                0x0800680c                TIM7_IRQHandler
 .text.TIM8_UP_TIM13_IRQHandler
                0x08006820       0x24 .pio/build/genericSTM32H723ZG/SrcWrapper/src/HardwareTimer.cpp.o
                0x08006820                TIM8_UP_TIM13_IRQHandler
 .text.TIM8_CC_IRQHandler
                0x08006844       0x14 .pio/build/genericSTM32H723ZG/SrcWrapper/src/HardwareTimer.cpp.o
                0x08006844                TIM8_CC_IRQHandler
 .text.TIM8_BRK_TIM12_IRQHandler
                0x08006858       0x14 .pio/build/genericSTM32H723ZG/SrcWrapper/src/HardwareTimer.cpp.o
                0x08006858                TIM8_BRK_TIM12_IRQHandler
 .text.TIM8_TRG_COM_TIM14_IRQHandler
                0x0800686c       0x14 .pio/build/genericSTM32H723ZG/SrcWrapper/src/HardwareTimer.cpp.o
                0x0800686c                TIM8_TRG_COM_TIM14_IRQHandler
 .text.TIM15_IRQHandler
                0x08006880       0x14 .pio/build/genericSTM32H723ZG/SrcWrapper/src/HardwareTimer.cpp.o
                0x08006880                TIM15_IRQHandler
 .text.TIM16_IRQHandler
                0x08006894       0x14 .pio/build/genericSTM32H723ZG/SrcWrapper/src/HardwareTimer.cpp.o
                0x08006894                TIM16_IRQHandler
 .text.TIM17_IRQHandler
                0x080068a8       0x14 .pio/build/genericSTM32H723ZG/SrcWrapper/src/HardwareTimer.cpp.o
                0x080068a8                TIM17_IRQHandler
 .text._ZNSt8functionIFvvEEC2Ev
                0x080068bc        0xc .pio/build/genericSTM32H723ZG/SrcWrapper/src/HardwareTimer.cpp.o
                0x080068bc                std::function<void ()>::function()
                0x080068bc                std::function<void ()>::function()
 .text._ZN13HardwareTimerC2EP11TIM_TypeDef
                0x080068c8       0x2a .pio/build/genericSTM32H723ZG/SrcWrapper/src/HardwareTimer.cpp.o
                0x080068c8                HardwareTimer::HardwareTimer(TIM_TypeDef*)
                0x080068c8                HardwareTimer::HardwareTimer(TIM_TypeDef*)
 .text._ZNKSt8functionIFvvEEclEv
                0x080068f2       0x12 .pio/build/genericSTM32H723ZG/SrcWrapper/src/HardwareTimer.cpp.o
                0x080068f2                std::function<void ()>::operator()() const
 .text._ZN13HardwareTimer14updateCallbackEP17TIM_HandleTypeDef
                0x08006904       0x18 .pio/build/genericSTM32H723ZG/SrcWrapper/src/HardwareTimer.cpp.o
                0x08006904                HardwareTimer::updateCallback(TIM_HandleTypeDef*)
 .text.HAL_TIM_PeriodElapsedCallback
                0x0800691c        0x4 .pio/build/genericSTM32H723ZG/SrcWrapper/src/HardwareTimer.cpp.o
                0x0800691c                HAL_TIM_PeriodElapsedCallback
 .text._ZN13HardwareTimer22captureCompareCallbackEP17TIM_HandleTypeDef
                0x08006920       0x3e .pio/build/genericSTM32H723ZG/SrcWrapper/src/HardwareTimer.cpp.o
                0x08006920                HardwareTimer::captureCompareCallback(TIM_HandleTypeDef*)
 .text.HAL_TIM_OC_DelayElapsedCallback
                0x0800695e        0x4 .pio/build/genericSTM32H723ZG/SrcWrapper/src/HardwareTimer.cpp.o
                0x0800695e                HAL_TIM_OC_DelayElapsedCallback
 .text.HAL_TIM_IC_CaptureCallback
                0x08006962        0x4 .pio/build/genericSTM32H723ZG/SrcWrapper/src/HardwareTimer.cpp.o
                0x08006962                HAL_TIM_IC_CaptureCallback
 .text._Znwj    0x08006966        0x4 .pio/build/genericSTM32H723ZG/SrcWrapper/src/new.cpp.o
                0x08006966                operator new(unsigned int)
 .text._ZdlPvj  0x0800696a        0x4 .pio/build/genericSTM32H723ZG/SrcWrapper/src/new.cpp.o
                0x0800696a                operator delete(void*, unsigned int)
 *fill*         0x0800696e        0x2 
 .text.set_GPIO_Port_Clock
                0x08006970      0x174 .pio/build/genericSTM32H723ZG/SrcWrapper/src/stm32/PortNames.c.o
                0x08006970                set_GPIO_Port_Clock
 .text.get_adc_channel
                0x08006ae4       0x24 .pio/build/genericSTM32H723ZG/SrcWrapper/src/stm32/analog.cpp.o
                0x08006ae4                get_adc_channel
 .text.get_adc_internal_channel
                0x08006b08       0x18 .pio/build/genericSTM32H723ZG/SrcWrapper/src/stm32/analog.cpp.o
                0x08006b08                get_adc_internal_channel
 .text.get_dac_channel
                0x08006b20       0x24 .pio/build/genericSTM32H723ZG/SrcWrapper/src/stm32/analog.cpp.o
                0x08006b20                get_dac_channel
 .text.HAL_DAC_MspDeInit
                0x08006b44       0x48 .pio/build/genericSTM32H723ZG/SrcWrapper/src/stm32/analog.cpp.o
                0x08006b44                HAL_DAC_MspDeInit
 .text.dac_stop
                0x08006b8c       0x34 .pio/build/genericSTM32H723ZG/SrcWrapper/src/stm32/analog.cpp.o
                0x08006b8c                dac_stop
 .text.HAL_ADC_MspInit
                0x08006bc0       0x94 .pio/build/genericSTM32H723ZG/SrcWrapper/src/stm32/analog.cpp.o
                0x08006bc0                HAL_ADC_MspInit
 .text.HAL_ADC_MspDeInit
                0x08006c54       0x90 .pio/build/genericSTM32H723ZG/SrcWrapper/src/stm32/analog.cpp.o
                0x08006c54                HAL_ADC_MspDeInit
 .text.adc_read_value
                0x08006ce4      0x280 .pio/build/genericSTM32H723ZG/SrcWrapper/src/stm32/analog.cpp.o
                0x08006ce4                adc_read_value
 .text.pwm_stop
                0x08006f64       0x5c .pio/build/genericSTM32H723ZG/SrcWrapper/src/stm32/analog.cpp.o
                0x08006f64                pwm_stop
 .text.getCurrentMillis
                0x08006fc0        0x4 .pio/build/genericSTM32H723ZG/SrcWrapper/src/stm32/clock.c.o
                0x08006fc0                getCurrentMillis
 .text.noOsSystickHandler
                0x08006fc4        0x2 .pio/build/genericSTM32H723ZG/SrcWrapper/src/stm32/clock.c.o
                0x08006fc4                osSystickHandler
                0x08006fc4                noOsSystickHandler
 .text.SysTick_Handler
                0x08006fc6       0x10 .pio/build/genericSTM32H723ZG/SrcWrapper/src/stm32/clock.c.o
                0x08006fc6                SysTick_Handler
 *fill*         0x08006fd6        0x2 
 .text.enableClock
                0x08006fd8       0xbc .pio/build/genericSTM32H723ZG/SrcWrapper/src/stm32/clock.c.o
                0x08006fd8                enableClock
 .text.configHSECapacitorTuning
                0x08007094        0x2 .pio/build/genericSTM32H723ZG/SrcWrapper/src/stm32/clock.c.o
                0x08007094                configHSECapacitorTuning
 *fill*         0x08007096        0x2 
 .text.configIPClock
                0x08007098       0x54 .pio/build/genericSTM32H723ZG/SrcWrapper/src/stm32/clock.c.o
                0x08007098                configIPClock
 .text.dwt_access
                0x080070ec       0x28 .pio/build/genericSTM32H723ZG/SrcWrapper/src/stm32/dwt.c.o
                0x080070ec                dwt_access
 .text.dwt_init
                0x08007114       0x44 .pio/build/genericSTM32H723ZG/SrcWrapper/src/stm32/dwt.c.o
                0x08007114                dwt_init
 .text.hw_config_init
                0x08007158       0x24 .pio/build/genericSTM32H723ZG/SrcWrapper/src/stm32/hw_config.c.o
                0x08007158                hw_config_init
 .text.startup._ZNSt8functionIFvvEEC2EDn.constprop.0.isra.0
                0x0800717c        0xc .pio/build/genericSTM32H723ZG/SrcWrapper/src/stm32/interrupt.cpp.o
 .text.HAL_GPIO_EXTI_Callback
                0x08007188       0x2c .pio/build/genericSTM32H723ZG/SrcWrapper/src/stm32/interrupt.cpp.o
                0x08007188                HAL_GPIO_EXTI_Callback
 .text.EXTI0_IRQHandler
                0x080071b4        0x6 .pio/build/genericSTM32H723ZG/SrcWrapper/src/stm32/interrupt.cpp.o
                0x080071b4                EXTI0_IRQHandler
 .text.EXTI1_IRQHandler
                0x080071ba        0x6 .pio/build/genericSTM32H723ZG/SrcWrapper/src/stm32/interrupt.cpp.o
                0x080071ba                EXTI1_IRQHandler
 .text.EXTI2_IRQHandler
                0x080071c0        0x6 .pio/build/genericSTM32H723ZG/SrcWrapper/src/stm32/interrupt.cpp.o
                0x080071c0                EXTI2_IRQHandler
 .text.EXTI3_IRQHandler
                0x080071c6        0x6 .pio/build/genericSTM32H723ZG/SrcWrapper/src/stm32/interrupt.cpp.o
                0x080071c6                EXTI3_IRQHandler
 .text.EXTI4_IRQHandler
                0x080071cc        0x6 .pio/build/genericSTM32H723ZG/SrcWrapper/src/stm32/interrupt.cpp.o
                0x080071cc                EXTI4_IRQHandler
 .text.EXTI9_5_IRQHandler
                0x080071d2       0x16 .pio/build/genericSTM32H723ZG/SrcWrapper/src/stm32/interrupt.cpp.o
                0x080071d2                EXTI9_5_IRQHandler
 .text.EXTI15_10_IRQHandler
                0x080071e8       0x18 .pio/build/genericSTM32H723ZG/SrcWrapper/src/stm32/interrupt.cpp.o
                0x080071e8                EXTI15_10_IRQHandler
 .text.startup._GLOBAL__sub_I__Z22stm32_interrupt_enable7PinNameSt8functionIFvvEEm
                0x08007200       0xd4 .pio/build/genericSTM32H723ZG/SrcWrapper/src/stm32/interrupt.cpp.o
 .text.exit._GLOBAL__sub_D__Z22stm32_interrupt_enable7PinNameSt8functionIFvvEEm
                0x080072d4       0x1c .pio/build/genericSTM32H723ZG/SrcWrapper/src/stm32/interrupt.cpp.o
 .text.configure_dualpad_switch
                0x080072f0       0x24 .pio/build/genericSTM32H723ZG/SrcWrapper/src/stm32/pinmap.c.o
 .text.pin_in_pinmap
                0x08007314       0x1e .pio/build/genericSTM32H723ZG/SrcWrapper/src/stm32/pinmap.c.o
                0x08007314                pin_in_pinmap
 *fill*         0x08007332        0x2 
 .text.pin_function
                0x08007334      0x120 .pio/build/genericSTM32H723ZG/SrcWrapper/src/stm32/pinmap.c.o
                0x08007334                pin_function
 .text.pinmap_pinout
                0x08007454       0x1a .pio/build/genericSTM32H723ZG/SrcWrapper/src/stm32/pinmap.c.o
                0x08007454                pinmap_pinout
 .text.pinmap_find_peripheral
                0x0800746e       0x16 .pio/build/genericSTM32H723ZG/SrcWrapper/src/stm32/pinmap.c.o
                0x0800746e                pinmap_find_peripheral
 .text.pinmap_peripheral
                0x08007484        0xc .pio/build/genericSTM32H723ZG/SrcWrapper/src/stm32/pinmap.c.o
                0x08007484                pinmap_peripheral
 .text.pinmap_find_pin
                0x08007490       0x16 .pio/build/genericSTM32H723ZG/SrcWrapper/src/stm32/pinmap.c.o
                0x08007490                pinmap_find_pin
 .text.pinmap_pin
                0x080074a6        0xc .pio/build/genericSTM32H723ZG/SrcWrapper/src/stm32/pinmap.c.o
                0x080074a6                pinmap_pin
 .text.pinmap_find_function
                0x080074b2       0x16 .pio/build/genericSTM32H723ZG/SrcWrapper/src/stm32/pinmap.c.o
                0x080074b2                pinmap_find_function
 .text.pinmap_function
                0x080074c8        0xa .pio/build/genericSTM32H723ZG/SrcWrapper/src/stm32/pinmap.c.o
                0x080074c8                pinmap_function
 .text.pinmap_merge_peripheral
                0x080074d2       0x14 .pio/build/genericSTM32H723ZG/SrcWrapper/src/stm32/pinmap.c.o
                0x080074d2                pinmap_merge_peripheral
 *fill*         0x080074e6        0x2 
 .text.SystemInit
                0x080074e8       0xd0 .pio/build/genericSTM32H723ZG/SrcWrapper/src/stm32/system_stm32yyxx.c.o
                0x080074e8                SystemInit
 .text.ExitRun0Mode
                0x080075b8        0x2 .pio/build/genericSTM32H723ZG/SrcWrapper/src/stm32/system_stm32yyxx.c.o
                0x080075b8                ExitRun0Mode
 .text.get_timer_obj
                0x080075ba        0x4 .pio/build/genericSTM32H723ZG/SrcWrapper/src/stm32/timer.c.o
                0x080075ba                get_timer_obj
 *fill*         0x080075be        0x2 
 .text.enableTimerClock
                0x080075c0      0x21c .pio/build/genericSTM32H723ZG/SrcWrapper/src/stm32/timer.c.o
                0x080075c0                enableTimerClock
 .text.disableTimerClock
                0x080077dc      0x13c .pio/build/genericSTM32H723ZG/SrcWrapper/src/stm32/timer.c.o
                0x080077dc                disableTimerClock
 .text.getTimerUpIrq
                0x08007918       0xc0 .pio/build/genericSTM32H723ZG/SrcWrapper/src/stm32/timer.c.o
                0x08007918                getTimerUpIrq
 .text.getTimerCCIrq
                0x080079d8       0xc4 .pio/build/genericSTM32H723ZG/SrcWrapper/src/stm32/timer.c.o
                0x080079d8                getTimerCCIrq
 .text.HAL_TIM_Base_MspInit
                0x08007a9c       0x4e .pio/build/genericSTM32H723ZG/SrcWrapper/src/stm32/timer.c.o
                0x08007a9c                HAL_TIM_Base_MspInit
 *fill*         0x08007aea        0x2 
 .text.serial_rx_active
                0x08007aec       0x24 .pio/build/genericSTM32H723ZG/SrcWrapper/src/stm32/uart.c.o
                0x08007aec                serial_rx_active
 .text.serial_tx_active
                0x08007b10       0x24 .pio/build/genericSTM32H723ZG/SrcWrapper/src/stm32/uart.c.o
                0x08007b10                serial_tx_active
 .text.uart_getc
                0x08007b34       0x38 .pio/build/genericSTM32H723ZG/SrcWrapper/src/stm32/uart.c.o
                0x08007b34                uart_getc
 .text.uart_attach_rx_callback
                0x08007b6c       0x40 .pio/build/genericSTM32H723ZG/SrcWrapper/src/stm32/uart.c.o
                0x08007b6c                uart_attach_rx_callback
 .text.uart_attach_tx_callback
                0x08007bac       0x44 .pio/build/genericSTM32H723ZG/SrcWrapper/src/stm32/uart.c.o
                0x08007bac                uart_attach_tx_callback
 .text.uart_enable_tx
                0x08007bf0       0x20 .pio/build/genericSTM32H723ZG/SrcWrapper/src/stm32/uart.c.o
                0x08007bf0                uart_enable_tx
 .text.uart_enable_rx
                0x08007c10       0x20 .pio/build/genericSTM32H723ZG/SrcWrapper/src/stm32/uart.c.o
                0x08007c10                uart_enable_rx
 .text.HAL_UART_RxCpltCallback
                0x08007c30        0x8 .pio/build/genericSTM32H723ZG/SrcWrapper/src/stm32/uart.c.o
                0x08007c30                HAL_UART_RxCpltCallback
 .text.HAL_UART_TxCpltCallback
                0x08007c38        0x8 .pio/build/genericSTM32H723ZG/SrcWrapper/src/stm32/uart.c.o
                0x08007c38                HAL_UART_TxCpltCallback
 .text.HAL_UART_ErrorCallback
                0x08007c40       0x48 .pio/build/genericSTM32H723ZG/SrcWrapper/src/stm32/uart.c.o
                0x08007c40                HAL_UART_ErrorCallback
 .text.USART1_IRQHandler
                0x08007c88       0x18 .pio/build/genericSTM32H723ZG/SrcWrapper/src/stm32/uart.c.o
                0x08007c88                USART1_IRQHandler
 .text.USART2_IRQHandler
                0x08007ca0       0x1c .pio/build/genericSTM32H723ZG/SrcWrapper/src/stm32/uart.c.o
                0x08007ca0                USART2_IRQHandler
 .text.USART3_IRQHandler
                0x08007cbc       0x1c .pio/build/genericSTM32H723ZG/SrcWrapper/src/stm32/uart.c.o
                0x08007cbc                USART3_IRQHandler
 .text.UART4_IRQHandler
                0x08007cd8       0x18 .pio/build/genericSTM32H723ZG/SrcWrapper/src/stm32/uart.c.o
                0x08007cd8                UART4_IRQHandler
 .text.UART5_IRQHandler
                0x08007cf0       0x18 .pio/build/genericSTM32H723ZG/SrcWrapper/src/stm32/uart.c.o
                0x08007cf0                UART5_IRQHandler
 .text.USART6_IRQHandler
                0x08007d08       0x18 .pio/build/genericSTM32H723ZG/SrcWrapper/src/stm32/uart.c.o
                0x08007d08                USART6_IRQHandler
 .text.LPUART1_IRQHandler
                0x08007d20       0x18 .pio/build/genericSTM32H723ZG/SrcWrapper/src/stm32/uart.c.o
                0x08007d20                LPUART1_IRQHandler
 .text.UART7_IRQHandler
                0x08007d38       0x18 .pio/build/genericSTM32H723ZG/SrcWrapper/src/stm32/uart.c.o
                0x08007d38                UART7_IRQHandler
 .text.UART8_IRQHandler
                0x08007d50       0x18 .pio/build/genericSTM32H723ZG/SrcWrapper/src/stm32/uart.c.o
                0x08007d50                UART8_IRQHandler
 .text.UART9_IRQHandler
                0x08007d68       0x18 .pio/build/genericSTM32H723ZG/SrcWrapper/src/stm32/uart.c.o
                0x08007d68                UART9_IRQHandler
 .text.USART10_IRQHandler
                0x08007d80       0x18 .pio/build/genericSTM32H723ZG/SrcWrapper/src/stm32/uart.c.o
                0x08007d80                USART10_IRQHandler
 .text.HAL_UARTEx_WakeupCallback
                0x08007d98        0xa .pio/build/genericSTM32H723ZG/SrcWrapper/src/stm32/uart.c.o
                0x08007d98                HAL_UARTEx_WakeupCallback
 *fill*         0x08007da2        0x2 
 .text.uart_get_clock_source_freq
                0x08007da4       0xc0 .pio/build/genericSTM32H723ZG/SrcWrapper/src/stm32/uart.c.o
                0x08007da4                uart_get_clock_source_freq
 .text.uart_compute_prescaler
                0x08007e64       0xac .pio/build/genericSTM32H723ZG/SrcWrapper/src/stm32/uart.c.o
                0x08007e64                uart_compute_prescaler
 .text.uart_init
                0x08007f10      0x668 .pio/build/genericSTM32H723ZG/SrcWrapper/src/stm32/uart.c.o
                0x08007f10                uart_init
 .text._sbrk    0x08008578       0x3c .pio/build/genericSTM32H723ZG/SrcWrapper/src/syscalls.c.o
                0x08008578                _sbrk
 .text._exit    0x080085b4        0x2 .pio/build/genericSTM32H723ZG/SrcWrapper/src/syscalls.c.o
                0x080085b4                _exit
 *fill*         0x080085b6        0x2 
 .text._kill    0x080085b8       0x10 .pio/build/genericSTM32H723ZG/SrcWrapper/src/syscalls.c.o
                0x080085b8                _kill
 .text._getpid  0x080085c8        0x4 .pio/build/genericSTM32H723ZG/SrcWrapper/src/syscalls.c.o
                0x080085c8                _getpid
 .text.setup    0x080085cc       0x18 .pio/build/genericSTM32H723ZG/src/main.cpp.o
                0x080085cc                setup
 .text.loop     0x080085e4       0xb8 .pio/build/genericSTM32H723ZG/src/main.cpp.o
                0x080085e4                loop
 .text._ZN5HLSCLC2Ev
                0x0800869c       0x18 .pio/build/genericSTM32H723ZG/liba0e/libFTServo.a(HLSCL.cpp.o)
                0x0800869c                HLSCL::HLSCL()
                0x0800869c                HLSCL::HLSCL()
 .text._ZN5HLSCL12SyncWriteSpeEPhhPsS0_Pt
                0x080086b4       0xa0 .pio/build/genericSTM32H723ZG/liba0e/libFTServo.a(HLSCL.cpp.o)
                0x080086b4                HLSCL::SyncWriteSpe(unsigned char*, unsigned char, short*, unsigned char*, unsigned short*)
 .text._ZN5HLSCL9WheelModeEh
                0x08008754        0x8 .pio/build/genericSTM32H723ZG/liba0e/libFTServo.a(HLSCL.cpp.o)
                0x08008754                HLSCL::WheelMode(unsigned char)
 .text._ZN3SCSC2Ev
                0x0800875c       0x14 .pio/build/genericSTM32H723ZG/liba0e/libFTServo.a(SCS.cpp.o)
                0x0800875c                SCS::SCS()
                0x0800875c                SCS::SCS()
 .text._ZN3SCS8Host2SCSEPhS0_t
                0x08008770       0x16 .pio/build/genericSTM32H723ZG/liba0e/libFTServo.a(SCS.cpp.o)
                0x08008770                SCS::Host2SCS(unsigned char*, unsigned char*, unsigned short)
 .text._ZN3SCS8writeBufEhhPhhh
                0x08008786       0x92 .pio/build/genericSTM32H723ZG/liba0e/libFTServo.a(SCS.cpp.o)
                0x08008786                SCS::writeBuf(unsigned char, unsigned char, unsigned char*, unsigned char, unsigned char)
 .text._ZN3SCS9syncWriteEPhhhS0_h
                0x08008818       0xa8 .pio/build/genericSTM32H723ZG/liba0e/libFTServo.a(SCS.cpp.o)
                0x08008818                SCS::syncWrite(unsigned char*, unsigned char, unsigned char, unsigned char*, unsigned char)
 .text._ZN3SCS9checkHeadEv
                0x080088c0       0x38 .pio/build/genericSTM32H723ZG/liba0e/libFTServo.a(SCS.cpp.o)
                0x080088c0                SCS::checkHead()
 .text._ZN3SCS3AckEh
                0x080088f8       0x6c .pio/build/genericSTM32H723ZG/liba0e/libFTServo.a(SCS.cpp.o)
                0x080088f8                SCS::Ack(unsigned char)
 .text._ZN3SCS9writeByteEhhh
                0x08008964       0x3c .pio/build/genericSTM32H723ZG/liba0e/libFTServo.a(SCS.cpp.o)
                0x08008964                SCS::writeByte(unsigned char, unsigned char, unsigned char)
 .text._ZN8SCSerial8writeSCSEPhi
                0x080089a0       0x10 .pio/build/genericSTM32H723ZG/liba0e/libFTServo.a(SCSerial.cpp.o)
                0x080089a0                SCSerial::writeSCS(unsigned char*, int)
 .text._ZN8SCSerial8writeSCSEh
                0x080089b0       0x1a .pio/build/genericSTM32H723ZG/liba0e/libFTServo.a(SCSerial.cpp.o)
                0x080089b0                SCSerial::writeSCS(unsigned char)
 .text._ZN8SCSerial9rFlushSCSEv
                0x080089ca       0x12 .pio/build/genericSTM32H723ZG/liba0e/libFTServo.a(SCSerial.cpp.o)
                0x080089ca                SCSerial::rFlushSCS()
 .text._ZN8SCSerial9wFlushSCSEv
                0x080089dc        0x2 .pio/build/genericSTM32H723ZG/liba0e/libFTServo.a(SCSerial.cpp.o)
                0x080089dc                SCSerial::wFlushSCS()
 .text._ZN8SCSerial7readSCSEPhim
                0x080089de       0x3c .pio/build/genericSTM32H723ZG/liba0e/libFTServo.a(SCSerial.cpp.o)
                0x080089de                SCSerial::readSCS(unsigned char*, int, unsigned long)
 .text._ZN8SCSerial7readSCSEPhi
                0x08008a1a       0x40 .pio/build/genericSTM32H723ZG/liba0e/libFTServo.a(SCSerial.cpp.o)
                0x08008a1a                SCSerial::readSCS(unsigned char*, int)
 *fill*         0x08008a5a        0x2 
 .text._ZN8SCSerialC2Ev
                0x08008a5c       0x1c .pio/build/genericSTM32H723ZG/liba0e/libFTServo.a(SCSerial.cpp.o)
                0x08008a5c                SCSerial::SCSerial()
                0x08008a5c                SCSerial::SCSerial()
 .text._ZN6forLib5beginEv
                0x08008a78       0xd0 .pio/build/genericSTM32H723ZG/libff2/libforLib.a(forLib.cpp.o)
                0x08008a78                forLib::begin()
 .text.startup._GLOBAL__sub_I_S9706
                0x08008b48       0x84 .pio/build/genericSTM32H723ZG/libff2/libforLib.a(forLib.cpp.o)
 .text.exit._GLOBAL__sub_D_S9706
                0x08008bcc       0x24 .pio/build/genericSTM32H723ZG/libff2/libforLib.a(forLib.cpp.o)
 .text._ZN14HardwareSerial9availableEv
                0x08008bf0       0x10 .pio/build/genericSTM32H723ZG/libFrameworkArduino.a(HardwareSerial.cpp.o)
                0x08008bf0                HardwareSerial::available()
 .text._ZN14HardwareSerial4peekEv
                0x08008c00       0x1a .pio/build/genericSTM32H723ZG/libFrameworkArduino.a(HardwareSerial.cpp.o)
                0x08008c00                HardwareSerial::peek()
 .text._ZN14HardwareSerial17availableForWriteEv
                0x08008c1a       0x1c .pio/build/genericSTM32H723ZG/libFrameworkArduino.a(HardwareSerial.cpp.o)
                0x08008c1a                HardwareSerial::availableForWrite()
 .text._ZN14HardwareSerial5writeEh
                0x08008c36       0x18 .pio/build/genericSTM32H723ZG/libFrameworkArduino.a(HardwareSerial.cpp.o)
                0x08008c36                HardwareSerial::write(unsigned char)
 .text._ZN14HardwareSerial16_rx_complete_irqEP8serial_s
                0x08008c4e       0x38 .pio/build/genericSTM32H723ZG/libFrameworkArduino.a(HardwareSerial.cpp.o)
                0x08008c4e                HardwareSerial::_rx_complete_irq(serial_s*)
 *fill*         0x08008c86        0x2 
 .text._ZN14HardwareSerial16_tx_complete_irqEP8serial_s
                0x08008c88       0x64 .pio/build/genericSTM32H723ZG/libFrameworkArduino.a(HardwareSerial.cpp.o)
                0x08008c88                HardwareSerial::_tx_complete_irq(serial_s*)
 .text._ZN14HardwareSerial5writeEPKhj
                0x08008cec       0xe4 .pio/build/genericSTM32H723ZG/libFrameworkArduino.a(HardwareSerial.cpp.o)
                0x08008cec                HardwareSerial::write(unsigned char const*, unsigned int)
 .text._ZN14HardwareSerial4initE7PinNameS0_S0_S0_
                0x08008dd0       0x32 .pio/build/genericSTM32H723ZG/libFrameworkArduino.a(HardwareSerial.cpp.o)
                0x08008dd0                HardwareSerial::init(PinName, PinName, PinName, PinName)
 *fill*         0x08008e02        0x2 
 .text._ZN14HardwareSerialC2Emmmm
                0x08008e04      0x110 .pio/build/genericSTM32H723ZG/libFrameworkArduino.a(HardwareSerial.cpp.o)
                0x08008e04                HardwareSerial::HardwareSerial(unsigned long, unsigned long, unsigned long, unsigned long)
                0x08008e04                HardwareSerial::HardwareSerial(unsigned long, unsigned long, unsigned long, unsigned long)
 .text._ZN14HardwareSerial5flushEm
                0x08008f14       0x36 .pio/build/genericSTM32H723ZG/libFrameworkArduino.a(HardwareSerial.cpp.o)
                0x08008f14                HardwareSerial::flush(unsigned long)
 .text._ZN14HardwareSerial5flushEv
                0x08008f4a        0x6 .pio/build/genericSTM32H723ZG/libFrameworkArduino.a(HardwareSerial.cpp.o)
                0x08008f4a                HardwareSerial::flush()
 .text._ZN14HardwareSerial5setRxEm
                0x08008f50       0x48 .pio/build/genericSTM32H723ZG/libFrameworkArduino.a(HardwareSerial.cpp.o)
                0x08008f50                HardwareSerial::setRx(unsigned long)
 .text._ZN14HardwareSerial5setTxEm
                0x08008f98       0x48 .pio/build/genericSTM32H723ZG/libFrameworkArduino.a(HardwareSerial.cpp.o)
                0x08008f98                HardwareSerial::setTx(unsigned long)
 .text._ZN14HardwareSerialC2EPv16HalfDuplexMode_t
                0x08008fe0       0x9c .pio/build/genericSTM32H723ZG/libFrameworkArduino.a(HardwareSerial.cpp.o)
                0x08008fe0                HardwareSerial::HardwareSerial(void*, HalfDuplexMode_t)
                0x08008fe0                HardwareSerial::HardwareSerial(void*, HalfDuplexMode_t)
 .text._ZN14HardwareSerial18enableHalfDuplexRxEv
                0x0800907c       0x2c .pio/build/genericSTM32H723ZG/libFrameworkArduino.a(HardwareSerial.cpp.o)
                0x0800907c                HardwareSerial::enableHalfDuplexRx()
 .text._ZN14HardwareSerial5beginEmh
                0x080090a8       0x90 .pio/build/genericSTM32H723ZG/libFrameworkArduino.a(HardwareSerial.cpp.o)
                0x080090a8                HardwareSerial::begin(unsigned long, unsigned char)
 .text._ZN14HardwareSerial4readEv
                0x08009138       0x2e .pio/build/genericSTM32H723ZG/libFrameworkArduino.a(HardwareSerial.cpp.o)
                0x08009138                HardwareSerial::read()
 *fill*         0x08009166        0x2 
 .text.startup._GLOBAL__sub_I_Serial4
                0x08009168       0x14 .pio/build/genericSTM32H723ZG/libFrameworkArduino.a(HardwareSerial.cpp.o)
 .text._ZN5Print17availableForWriteEv
                0x0800917c        0x4 .pio/build/genericSTM32H723ZG/libFrameworkArduino.a(Stream.cpp.o)
                0x0800917c                Print::availableForWrite()
 .text._ZN6Stream9timedReadEv
                0x08009180       0x2a .pio/build/genericSTM32H723ZG/libFrameworkArduino.a(Stream.cpp.o)
                0x08009180                Stream::timedRead()
 .text._ZN6Stream9readBytesEPcj
                0x080091aa       0x22 .pio/build/genericSTM32H723ZG/libFrameworkArduino.a(Stream.cpp.o)
                0x080091aa                Stream::readBytes(char*, unsigned int)
 .text._ZN6Stream14readBytesUntilEcPcj
                0x080091cc       0x30 .pio/build/genericSTM32H723ZG/libFrameworkArduino.a(Stream.cpp.o)
                0x080091cc                Stream::readBytesUntil(char, char*, unsigned int)
 .text.startup._Z7premainv
                0x080091fc       0x94 .pio/build/genericSTM32H723ZG/libFrameworkArduino.a(main.cpp.o)
                0x080091fc                premain()
 .text.startup.main
                0x08009290       0x14 .pio/build/genericSTM32H723ZG/libFrameworkArduino.a(main.cpp.o)
                0x08009290                main
 .text.Reset_Handler
                0x080092a4       0x54 .pio/build/genericSTM32H723ZG/libFrameworkArduino.a(startup_stm32yyxx.S.o)
                0x080092a4                Reset_Handler
 .text.Default_Handler
                0x080092f8        0x2 .pio/build/genericSTM32H723ZG/libFrameworkArduino.a(startup_stm32yyxx.S.o)
                0x080092f8                RTC_Alarm_IRQHandler
                0x080092f8                DebugMon_Handler
                0x080092f8                SPI4_IRQHandler
                0x080092f8                FDCAN3_IT0_IRQHandler
                0x080092f8                BDMA_Channel6_IRQHandler
                0x080092f8                DMA2_Stream5_IRQHandler
                0x080092f8                HardFault_Handler
                0x080092f8                DMA1_Stream5_IRQHandler
                0x080092f8                CORDIC_IRQHandler
                0x080092f8                BDMA_Channel1_IRQHandler
                0x080092f8                TAMP_STAMP_IRQHandler
                0x080092f8                PendSV_Handler
                0x080092f8                NMI_Handler
                0x080092f8                LPTIM4_IRQHandler
                0x080092f8                LPTIM2_IRQHandler
                0x080092f8                DFSDM1_FLT1_IRQHandler
                0x080092f8                DMAMUX2_OVR_IRQHandler
                0x080092f8                DFSDM1_FLT2_IRQHandler
                0x080092f8                MDMA_IRQHandler
                0x080092f8                LPTIM3_IRQHandler
                0x080092f8                HSEM1_IRQHandler
                0x080092f8                DMA1_Stream2_IRQHandler
                0x080092f8                FPU_IRQHandler
                0x080092f8                OTG_HS_WKUP_IRQHandler
                0x080092f8                FDCAN1_IT1_IRQHandler
                0x080092f8                UsageFault_Handler
                0x080092f8                LTDC_ER_IRQHandler
                0x080092f8                DMA2_Stream2_IRQHandler
                0x080092f8                SPI1_IRQHandler
                0x080092f8                OCTOSPI1_IRQHandler
                0x080092f8                DMA2_Stream3_IRQHandler
                0x080092f8                OCTOSPI2_IRQHandler
                0x080092f8                DFSDM1_FLT3_IRQHandler
                0x080092f8                TIM23_IRQHandler
                0x080092f8                BDMA_Channel7_IRQHandler
                0x080092f8                LPTIM5_IRQHandler
                0x080092f8                ADC3_IRQHandler
                0x080092f8                DMA2_Stream0_IRQHandler
                0x080092f8                BDMA_Channel2_IRQHandler
                0x080092f8                DMA1_Stream6_IRQHandler
                0x080092f8                DMAMUX1_OVR_IRQHandler
                0x080092f8                DMA1_Stream1_IRQHandler
                0x080092f8                BDMA_Channel5_IRQHandler
                0x080092f8                RCC_IRQHandler
                0x080092f8                TIM1_TRG_COM_IRQHandler
                0x080092f8                Default_Handler
                0x080092f8                ECC_IRQHandler
                0x080092f8                FMAC_IRQHandler
                0x080092f8                CEC_IRQHandler
                0x080092f8                BDMA_Channel0_IRQHandler
                0x080092f8                ADC_IRQHandler
                0x080092f8                DMA1_Stream7_IRQHandler
                0x080092f8                SPI5_IRQHandler
                0x080092f8                FDCAN3_IT1_IRQHandler
                0x080092f8                SDMMC1_IRQHandler
                0x080092f8                DMA2_Stream7_IRQHandler
                0x080092f8                PVD_AVD_IRQHandler
                0x080092f8                RTC_WKUP_IRQHandler
                0x080092f8                LTDC_IRQHandler
                0x080092f8                ETH_WKUP_IRQHandler
                0x080092f8                SPDIF_RX_IRQHandler
                0x080092f8                SPI2_IRQHandler
                0x080092f8                OTG_HS_EP1_IN_IRQHandler
                0x080092f8                MemManage_Handler
                0x080092f8                DMA1_Stream0_IRQHandler
                0x080092f8                TIM24_IRQHandler
                0x080092f8                SVC_Handler
                0x080092f8                CRS_IRQHandler
                0x080092f8                RNG_IRQHandler
                0x080092f8                FDCAN2_IT1_IRQHandler
                0x080092f8                ETH_IRQHandler
                0x080092f8                BDMA_Channel4_IRQHandler
                0x080092f8                OTG_HS_EP1_OUT_IRQHandler
                0x080092f8                WWDG_IRQHandler
                0x080092f8                SPI6_IRQHandler
                0x080092f8                MDIOS_IRQHandler
                0x080092f8                FDCAN2_IT0_IRQHandler
                0x080092f8                FDCAN1_IT0_IRQHandler
                0x080092f8                OTG_HS_IRQHandler
                0x080092f8                DMA2D_IRQHandler
                0x080092f8                TIM1_BRK_IRQHandler
                0x080092f8                SDMMC2_IRQHandler
                0x080092f8                BDMA_Channel3_IRQHandler
                0x080092f8                DTS_IRQHandler
                0x080092f8                MDIOS_WKUP_IRQHandler
                0x080092f8                DFSDM1_FLT0_IRQHandler
                0x080092f8                SAI4_IRQHandler
                0x080092f8                DMA2_Stream1_IRQHandler
                0x080092f8                FLASH_IRQHandler
                0x080092f8                DMA2_Stream4_IRQHandler
                0x080092f8                BusFault_Handler
                0x080092f8                SPI3_IRQHandler
                0x080092f8                WAKEUP_PIN_IRQHandler
                0x080092f8                DMA1_Stream4_IRQHandler
                0x080092f8                FMC_IRQHandler
                0x080092f8                FDCAN_CAL_IRQHandler
                0x080092f8                SWPMI1_IRQHandler
                0x080092f8                COMP1_IRQHandler
                0x080092f8                LPTIM1_IRQHandler
                0x080092f8                DCMI_PSSI_IRQHandler
                0x080092f8                DMA2_Stream6_IRQHandler
                0x080092f8                SAI1_IRQHandler
                0x080092f8                DMA1_Stream3_IRQHandler
 .text.mapResolution
                0x080092fa       0x26 .pio/build/genericSTM32H723ZG/libFrameworkArduino.a(wiring_analog.c.o)
 .text.analogRead
                0x08009320       0x2c .pio/build/genericSTM32H723ZG/libFrameworkArduino.a(wiring_analog.c.o)
                0x08009320                analogRead
 .text.pinMode  0x0800934c       0xd4 .pio/build/genericSTM32H723ZG/libFrameworkArduino.a(wiring_digital.c.o)
                0x0800934c                pinMode
 .text.digitalWrite
                0x08009420       0x6c .pio/build/genericSTM32H723ZG/libFrameworkArduino.a(wiring_digital.c.o)
                0x08009420                digitalWrite
 .text.millis   0x0800948c        0x4 .pio/build/genericSTM32H723ZG/libFrameworkArduino.a(wiring_time.c.o)
                0x0800948c                millis
 .text._Z14serialEventRunv
                0x08009490       0x1c .pio/build/genericSTM32H723ZG/libFrameworkArduino.a(WSerial.cpp.o)
                0x08009490                serialEventRun()
 .text.init     0x080094ac        0x4 .pio/build/genericSTM32H723ZG/libFrameworkArduino.a(board.c.o)
                0x080094ac                init
 .text.pinNametoDigitalPin
                0x080094b0       0x34 .pio/build/genericSTM32H723ZG/libFrameworkArduino.a(pins_arduino.c.o)
                0x080094b0                pinNametoDigitalPin
 .text.analogInputToPinName
                0x080094e4       0x78 .pio/build/genericSTM32H723ZG/libFrameworkArduino.a(pins_arduino.c.o)
                0x080094e4                analogInputToPinName
 .text.__udivmoddi4
                0x0800955c      0x2bc c:/users/yutar/.platformio/packages/toolchain-gccarmnoneeabi/bin/../lib/gcc/arm-none-eabi/12.3.1/thumb/v7e-m+fp/hard\libgcc.a(_udivmoddi4.o)
                0x0800955c                __udivmoddi4
 .text.unlikely._ZSt25__throw_bad_function_callv
                0x08009818        0x6 c:/users/yutar/.platformio/packages/toolchain-gccarmnoneeabi/bin/../lib/gcc/arm-none-eabi/12.3.1/../../../../arm-none-eabi/lib/thumb/v7e-m+fp/hard\libstdc++_nano.a(functional.o)
                0x08009818                std::__throw_bad_function_call()
 .text._ZN5Color5beginEhhhh
                0x0800981e       0x64 .pio/build/genericSTM32H723ZG/libc1f/libColor.a(Color.cpp.o)
                0x0800981e                Color::begin(unsigned char, unsigned char, unsigned char, unsigned char)
 .text._ZN17Adafruit_NeoPixelD2Ev
                0x08009882       0x1c .pio/build/genericSTM32H723ZG/lib4b1/libAdafruit_NeoPixel.a(Adafruit_NeoPixel.cpp.o)
                0x08009882                Adafruit_NeoPixel::~Adafruit_NeoPixel()
                0x08009882                Adafruit_NeoPixel::~Adafruit_NeoPixel()
 .text._ZN17Adafruit_NeoPixel12updateLengthEt
                0x0800989e       0x3c .pio/build/genericSTM32H723ZG/lib4b1/libAdafruit_NeoPixel.a(Adafruit_NeoPixel.cpp.o)
                0x0800989e                Adafruit_NeoPixel::updateLength(unsigned short)
 .text._ZN17Adafruit_NeoPixel10updateTypeEt
                0x080098da       0x48 .pio/build/genericSTM32H723ZG/lib4b1/libAdafruit_NeoPixel.a(Adafruit_NeoPixel.cpp.o)
                0x080098da                Adafruit_NeoPixel::updateType(unsigned short)
 *fill*         0x08009922        0x2 
 .text._ZN17Adafruit_NeoPixel6setPinEs
                0x08009924       0x9c .pio/build/genericSTM32H723ZG/lib4b1/libAdafruit_NeoPixel.a(Adafruit_NeoPixel.cpp.o)
                0x08009924                Adafruit_NeoPixel::setPin(short)
 .text._ZN17Adafruit_NeoPixelC2Etst
                0x080099c0       0x2c .pio/build/genericSTM32H723ZG/lib4b1/libAdafruit_NeoPixel.a(Adafruit_NeoPixel.cpp.o)
                0x080099c0                Adafruit_NeoPixel::Adafruit_NeoPixel(unsigned short, short, unsigned short)
                0x080099c0                Adafruit_NeoPixel::Adafruit_NeoPixel(unsigned short, short, unsigned short)
 .text._ZN7TwoWire9availableEv
                0x080099ec        0x8 .pio/build/genericSTM32H723ZG/lib6c9/libWire.a(Wire.cpp.o)
                0x080099ec                TwoWire::available()
 .text._ZN7TwoWire4readEv
                0x080099f4       0x1a .pio/build/genericSTM32H723ZG/lib6c9/libWire.a(Wire.cpp.o)
                0x080099f4                TwoWire::read()
 .text._ZN7TwoWire4peekEv
                0x08009a0e       0x12 .pio/build/genericSTM32H723ZG/lib6c9/libWire.a(Wire.cpp.o)
                0x08009a0e                TwoWire::peek()
 .text._ZN7TwoWire16onRequestServiceEP5i2c_s
                0x08009a20       0x16 .pio/build/genericSTM32H723ZG/lib6c9/libWire.a(Wire.cpp.o)
                0x08009a20                TwoWire::onRequestService(i2c_s*)
 *fill*         0x08009a36        0x2 
 .text._ZN7TwoWireC2Emm
                0x08009a38       0xcc .pio/build/genericSTM32H723ZG/lib6c9/libWire.a(Wire.cpp.o)
                0x08009a38                TwoWire::TwoWire(unsigned long, unsigned long)
                0x08009a38                TwoWire::TwoWire(unsigned long, unsigned long)
 .text._ZN7TwoWire3endEv
                0x08009b04       0x28 .pio/build/genericSTM32H723ZG/lib6c9/libWire.a(Wire.cpp.o)
                0x08009b04                TwoWire::end()
 .text._ZN7TwoWireD2Ev
                0x08009b2c       0x28 .pio/build/genericSTM32H723ZG/lib6c9/libWire.a(Wire.cpp.o)
                0x08009b2c                TwoWire::~TwoWire()
                0x08009b2c                TwoWire::~TwoWire()
 .text._ZN7TwoWire16allocateRxBufferEj
                0x08009b54       0x24 .pio/build/genericSTM32H723ZG/lib6c9/libWire.a(Wire.cpp.o)
                0x08009b54                TwoWire::allocateRxBuffer(unsigned int)
 .text._ZN7TwoWire16onReceiveServiceEP5i2c_s
                0x08009b78       0x4c .pio/build/genericSTM32H723ZG/lib6c9/libWire.a(Wire.cpp.o)
                0x08009b78                TwoWire::onReceiveService(i2c_s*)
 .text._ZN7TwoWire16allocateTxBufferEj
                0x08009bc4       0x32 .pio/build/genericSTM32H723ZG/lib6c9/libWire.a(Wire.cpp.o)
                0x08009bc4                TwoWire::allocateTxBuffer(unsigned int)
 .text._ZN7TwoWire5writeEh
                0x08009bf6       0x42 .pio/build/genericSTM32H723ZG/lib6c9/libWire.a(Wire.cpp.o)
                0x08009bf6                TwoWire::write(unsigned char)
 .text._ZN7TwoWire5writeEPKhj
                0x08009c38       0x42 .pio/build/genericSTM32H723ZG/lib6c9/libWire.a(Wire.cpp.o)
                0x08009c38                TwoWire::write(unsigned char const*, unsigned int)
 .text._ZN7TwoWire13resetRxBufferEv
                0x08009c7a       0x10 .pio/build/genericSTM32H723ZG/lib6c9/libWire.a(Wire.cpp.o)
                0x08009c7a                TwoWire::resetRxBuffer()
 .text._ZN7TwoWire13resetTxBufferEv
                0x08009c8a       0x10 .pio/build/genericSTM32H723ZG/lib6c9/libWire.a(Wire.cpp.o)
                0x08009c8a                TwoWire::resetTxBuffer()
 .text._ZN7TwoWire5flushEv
                0x08009c9a       0x18 .pio/build/genericSTM32H723ZG/lib6c9/libWire.a(Wire.cpp.o)
                0x08009c9a                TwoWire::flush()
 *fill*         0x08009cb2        0x2 
 .text._ZN7TwoWire10recoverBusEv
                0x08009cb4       0xcc .pio/build/genericSTM32H723ZG/lib6c9/libWire.a(Wire.cpp.o)
                0x08009cb4                TwoWire::recoverBus()
 .text._ZN7TwoWire5beginEhbb
                0x08009d80       0x9c .pio/build/genericSTM32H723ZG/lib6c9/libWire.a(Wire.cpp.o)
                0x08009d80                TwoWire::begin(unsigned char, bool, bool)
 .text._ZN7TwoWire5beginEb
                0x08009e1c        0xa .pio/build/genericSTM32H723ZG/lib6c9/libWire.a(Wire.cpp.o)
                0x08009e1c                TwoWire::begin(bool)
 *fill*         0x08009e26        0x2 
 .text.startup._GLOBAL__sub_I__ZN7TwoWireC2Emm
                0x08009e28       0x10 .pio/build/genericSTM32H723ZG/lib6c9/libWire.a(Wire.cpp.o)
 .text.exit._GLOBAL__sub_D__ZN7TwoWireC2Emm
                0x08009e38        0xc .pio/build/genericSTM32H723ZG/lib6c9/libWire.a(Wire.cpp.o)
 .text.i2c_getClkFreq
                0x08009e44      0x15c .pio/build/genericSTM32H723ZG/lib6c9/libWire.a(twi.c.o)
 .text.i2c_computeTiming
                0x08009fa0      0x23c .pio/build/genericSTM32H723ZG/lib6c9/libWire.a(twi.c.o)
 .text.i2c_getTiming
                0x0800a1dc       0x48 .pio/build/genericSTM32H723ZG/lib6c9/libWire.a(twi.c.o)
 .text.i2c_init
                0x0800a224      0x250 .pio/build/genericSTM32H723ZG/lib6c9/libWire.a(twi.c.o)
                0x0800a224                i2c_init
 .text.i2c_deinit
                0x0800a474      0x120 .pio/build/genericSTM32H723ZG/lib6c9/libWire.a(twi.c.o)
                0x0800a474                i2c_deinit
 .text.i2c_slave_write_IT
                0x0800a594       0x34 .pio/build/genericSTM32H723ZG/lib6c9/libWire.a(twi.c.o)
                0x0800a594                i2c_slave_write_IT
 .text.i2c_attachSlaveRxEvent
                0x0800a5c8        0xe .pio/build/genericSTM32H723ZG/lib6c9/libWire.a(twi.c.o)
                0x0800a5c8                i2c_attachSlaveRxEvent
 .text.i2c_attachSlaveTxEvent
                0x0800a5d6        0xe .pio/build/genericSTM32H723ZG/lib6c9/libWire.a(twi.c.o)
                0x0800a5d6                i2c_attachSlaveTxEvent
 .text.HAL_I2C_AddrCallback
                0x0800a5e4       0x6e .pio/build/genericSTM32H723ZG/lib6c9/libWire.a(twi.c.o)
                0x0800a5e4                HAL_I2C_AddrCallback
 .text.HAL_I2C_ListenCpltCallback
                0x0800a652       0x2a .pio/build/genericSTM32H723ZG/lib6c9/libWire.a(twi.c.o)
                0x0800a652                HAL_I2C_ListenCpltCallback
 .text.HAL_I2C_SlaveRxCpltCallback
                0x0800a67c       0x26 .pio/build/genericSTM32H723ZG/lib6c9/libWire.a(twi.c.o)
                0x0800a67c                HAL_I2C_SlaveRxCpltCallback
 .text.HAL_I2C_SlaveTxCpltCallback
                0x0800a6a2        0x8 .pio/build/genericSTM32H723ZG/lib6c9/libWire.a(twi.c.o)
                0x0800a6a2                HAL_I2C_SlaveTxCpltCallback
 .text.HAL_I2C_ErrorCallback
                0x0800a6aa        0xc .pio/build/genericSTM32H723ZG/lib6c9/libWire.a(twi.c.o)
                0x0800a6aa                HAL_I2C_ErrorCallback
 *fill*         0x0800a6b6        0x2 
 .text.I2C1_EV_IRQHandler
                0x0800a6b8        0xc .pio/build/genericSTM32H723ZG/lib6c9/libWire.a(twi.c.o)
                0x0800a6b8                I2C1_EV_IRQHandler
 .text.I2C1_ER_IRQHandler
                0x0800a6c4        0xc .pio/build/genericSTM32H723ZG/lib6c9/libWire.a(twi.c.o)
                0x0800a6c4                I2C1_ER_IRQHandler
 .text.I2C2_EV_IRQHandler
                0x0800a6d0        0xc .pio/build/genericSTM32H723ZG/lib6c9/libWire.a(twi.c.o)
                0x0800a6d0                I2C2_EV_IRQHandler
 .text.I2C2_ER_IRQHandler
                0x0800a6dc        0xc .pio/build/genericSTM32H723ZG/lib6c9/libWire.a(twi.c.o)
                0x0800a6dc                I2C2_ER_IRQHandler
 .text.I2C3_EV_IRQHandler
                0x0800a6e8        0xc .pio/build/genericSTM32H723ZG/lib6c9/libWire.a(twi.c.o)
                0x0800a6e8                I2C3_EV_IRQHandler
 .text.I2C3_ER_IRQHandler
                0x0800a6f4        0xc .pio/build/genericSTM32H723ZG/lib6c9/libWire.a(twi.c.o)
                0x0800a6f4                I2C3_ER_IRQHandler
 .text.I2C4_EV_IRQHandler
                0x0800a700       0x1c .pio/build/genericSTM32H723ZG/lib6c9/libWire.a(twi.c.o)
                0x0800a700                I2C4_EV_IRQHandler
 .text.I2C4_ER_IRQHandler
                0x0800a71c        0xc .pio/build/genericSTM32H723ZG/lib6c9/libWire.a(twi.c.o)
                0x0800a71c                I2C4_ER_IRQHandler
 .text.I2C5_EV_IRQHandler
                0x0800a728        0xc .pio/build/genericSTM32H723ZG/lib6c9/libWire.a(twi.c.o)
                0x0800a728                I2C5_EV_IRQHandler
 .text.I2C5_ER_IRQHandler
                0x0800a734        0xc .pio/build/genericSTM32H723ZG/lib6c9/libWire.a(twi.c.o)
                0x0800a734                I2C5_ER_IRQHandler
 .text._ZN7VL53L1XC2Ev
                0x0800a740       0x1c .pio/build/genericSTM32H723ZG/libe82/libVL53L1X.a(VL53L1X.cpp.o)
                0x0800a740                VL53L1X::VL53L1X()
                0x0800a740                VL53L1X::VL53L1X()
 .text.abort    0x0800a75c        0xe c:/users/yutar/.platformio/packages/toolchain-gccarmnoneeabi/bin/../lib/gcc/arm-none-eabi/12.3.1/../../../../arm-none-eabi/lib/thumb/v7e-m+fp/hard\libc_nano.a(libc_a-abort.o)
                0x0800a75c                abort
 *fill*         0x0800a76a        0x2 
 .text.malloc   0x0800a76c       0x10 c:/users/yutar/.platformio/packages/toolchain-gccarmnoneeabi/bin/../lib/gcc/arm-none-eabi/12.3.1/../../../../arm-none-eabi/lib/thumb/v7e-m+fp/hard\libc_nano.a(libc_a-malloc.o)
                0x0800a76c                malloc
 .text.free     0x0800a77c       0x10 c:/users/yutar/.platformio/packages/toolchain-gccarmnoneeabi/bin/../lib/gcc/arm-none-eabi/12.3.1/../../../../arm-none-eabi/lib/thumb/v7e-m+fp/hard\libc_nano.a(libc_a-malloc.o)
                0x0800a77c                free
 .text.sbrk_aligned
                0x0800a78c       0x44 c:/users/yutar/.platformio/packages/toolchain-gccarmnoneeabi/bin/../lib/gcc/arm-none-eabi/12.3.1/../../../../arm-none-eabi/lib/thumb/v7e-m+fp/hard\libc_nano.a(libc_a-mallocr.o)
 .text._malloc_r
                0x0800a7d0      0x100 c:/users/yutar/.platformio/packages/toolchain-gccarmnoneeabi/bin/../lib/gcc/arm-none-eabi/12.3.1/../../../../arm-none-eabi/lib/thumb/v7e-m+fp/hard\libc_nano.a(libc_a-mallocr.o)
                0x0800a7d0                _malloc_r
 .text.__malloc_lock
                0x0800a8d0        0xc c:/users/yutar/.platformio/packages/toolchain-gccarmnoneeabi/bin/../lib/gcc/arm-none-eabi/12.3.1/../../../../arm-none-eabi/lib/thumb/v7e-m+fp/hard\libc_nano.a(libc_a-mlock.o)
                0x0800a8d0                __malloc_lock
 .text.__malloc_unlock
                0x0800a8dc        0xc c:/users/yutar/.platformio/packages/toolchain-gccarmnoneeabi/bin/../lib/gcc/arm-none-eabi/12.3.1/../../../../arm-none-eabi/lib/thumb/v7e-m+fp/hard\libc_nano.a(libc_a-mlock.o)
                0x0800a8dc                __malloc_unlock
 .text.realloc  0x0800a8e8       0x10 c:/users/yutar/.platformio/packages/toolchain-gccarmnoneeabi/bin/../lib/gcc/arm-none-eabi/12.3.1/../../../../arm-none-eabi/lib/thumb/v7e-m+fp/hard\libc_nano.a(libc_a-realloc.o)
                0x0800a8e8                realloc
 .text._realloc_r
                0x0800a8f8       0x5c c:/users/yutar/.platformio/packages/toolchain-gccarmnoneeabi/bin/../lib/gcc/arm-none-eabi/12.3.1/../../../../arm-none-eabi/lib/thumb/v7e-m+fp/hard\libc_nano.a(libc_a-reallocr.o)
                0x0800a8f8                _realloc_r
 .text.memset   0x0800a954       0x10 c:/users/yutar/.platformio/packages/toolchain-gccarmnoneeabi/bin/../lib/gcc/arm-none-eabi/12.3.1/../../../../arm-none-eabi/lib/thumb/v7e-m+fp/hard\libc_nano.a(libc_a-memset.o)
                0x0800a954                memset
 .text._raise_r
                0x0800a964       0x50 c:/users/yutar/.platformio/packages/toolchain-gccarmnoneeabi/bin/../lib/gcc/arm-none-eabi/12.3.1/../../../../arm-none-eabi/lib/thumb/v7e-m+fp/hard\libc_nano.a(libc_a-signal.o)
                0x0800a964                _raise_r
 .text.raise    0x0800a9b4       0x10 c:/users/yutar/.platformio/packages/toolchain-gccarmnoneeabi/bin/../lib/gcc/arm-none-eabi/12.3.1/../../../../arm-none-eabi/lib/thumb/v7e-m+fp/hard\libc_nano.a(libc_a-signal.o)
                0x0800a9b4                raise
 .text._kill_r  0x0800a9c4       0x24 c:/users/yutar/.platformio/packages/toolchain-gccarmnoneeabi/bin/../lib/gcc/arm-none-eabi/12.3.1/../../../../arm-none-eabi/lib/thumb/v7e-m+fp/hard\libc_nano.a(libc_a-signalr.o)
                0x0800a9c4                _kill_r
 .text._getpid_r
                0x0800a9e8        0x4 c:/users/yutar/.platformio/packages/toolchain-gccarmnoneeabi/bin/../lib/gcc/arm-none-eabi/12.3.1/../../../../arm-none-eabi/lib/thumb/v7e-m+fp/hard\libc_nano.a(libc_a-signalr.o)
                0x0800a9e8                _getpid_r
 .text._sbrk_r  0x0800a9ec       0x20 c:/users/yutar/.platformio/packages/toolchain-gccarmnoneeabi/bin/../lib/gcc/arm-none-eabi/12.3.1/../../../../arm-none-eabi/lib/thumb/v7e-m+fp/hard\libc_nano.a(libc_a-sbrkr.o)
                0x0800a9ec                _sbrk_r
 .text.__libc_init_array
                0x0800aa0c       0x48 c:/users/yutar/.platformio/packages/toolchain-gccarmnoneeabi/bin/../lib/gcc/arm-none-eabi/12.3.1/../../../../arm-none-eabi/lib/thumb/v7e-m+fp/hard\libc_nano.a(libc_a-init.o)
                0x0800aa0c                __libc_init_array
 .text.__retarget_lock_acquire_recursive
                0x0800aa54        0x2 c:/users/yutar/.platformio/packages/toolchain-gccarmnoneeabi/bin/../lib/gcc/arm-none-eabi/12.3.1/../../../../arm-none-eabi/lib/thumb/v7e-m+fp/hard\libc_nano.a(libc_a-lock.o)
                0x0800aa54                __retarget_lock_acquire_recursive
 .text.__retarget_lock_release_recursive
                0x0800aa56        0x2 c:/users/yutar/.platformio/packages/toolchain-gccarmnoneeabi/bin/../lib/gcc/arm-none-eabi/12.3.1/../../../../arm-none-eabi/lib/thumb/v7e-m+fp/hard\libc_nano.a(libc_a-lock.o)
                0x0800aa56                __retarget_lock_release_recursive
 .text.memcpy   0x0800aa58       0x1c c:/users/yutar/.platformio/packages/toolchain-gccarmnoneeabi/bin/../lib/gcc/arm-none-eabi/12.3.1/../../../../arm-none-eabi/lib/thumb/v7e-m+fp/hard\libc_nano.a(libc_a-memcpy-stub.o)
                0x0800aa58                memcpy
 .text._free_r  0x0800aa74       0x94 c:/users/yutar/.platformio/packages/toolchain-gccarmnoneeabi/bin/../lib/gcc/arm-none-eabi/12.3.1/../../../../arm-none-eabi/lib/thumb/v7e-m+fp/hard\libc_nano.a(libc_a-freer.o)
                0x0800aa74                _free_r
 .text._malloc_usable_size_r
                0x0800ab08       0x10 c:/users/yutar/.platformio/packages/toolchain-gccarmnoneeabi/bin/../lib/gcc/arm-none-eabi/12.3.1/../../../../arm-none-eabi/lib/thumb/v7e-m+fp/hard\libc_nano.a(libc_a-msizer.o)
                0x0800ab08                _malloc_usable_size_r
 *(.glue_7)
 .glue_7        0x0800ab18        0x0 linker stubs
 *(.glue_7t)
 .glue_7t       0x0800ab18        0x0 linker stubs
 *(.eh_frame)
 .eh_frame      0x0800ab18        0x0 c:/users/yutar/.platformio/packages/toolchain-gccarmnoneeabi/bin/../lib/gcc/arm-none-eabi/12.3.1/thumb/v7e-m+fp/hard/crtbegin.o
 *(.init)
 .init          0x0800ab18        0x4 c:/users/yutar/.platformio/packages/toolchain-gccarmnoneeabi/bin/../lib/gcc/arm-none-eabi/12.3.1/thumb/v7e-m+fp/hard/crti.o
                0x0800ab18                _init
 .init          0x0800ab1c        0x8 c:/users/yutar/.platformio/packages/toolchain-gccarmnoneeabi/bin/../lib/gcc/arm-none-eabi/12.3.1/thumb/v7e-m+fp/hard/crtn.o
 *(.fini)
 .fini          0x0800ab24        0x4 c:/users/yutar/.platformio/packages/toolchain-gccarmnoneeabi/bin/../lib/gcc/arm-none-eabi/12.3.1/thumb/v7e-m+fp/hard/crti.o
                0x0800ab24                _fini
 .fini          0x0800ab28        0x8 c:/users/yutar/.platformio/packages/toolchain-gccarmnoneeabi/bin/../lib/gcc/arm-none-eabi/12.3.1/thumb/v7e-m+fp/hard/crtn.o
                0x0800ab30                        . = ALIGN (0x4)
                0x0800ab30                        _etext = .

.vfp11_veneer   0x0800ab30        0x0
 .vfp11_veneer  0x0800ab30        0x0 linker stubs

.v4_bx          0x0800ab30        0x0
 .v4_bx         0x0800ab30        0x0 linker stubs

.iplt           0x0800ab30        0x0
 .iplt          0x0800ab30        0x0 c:/users/yutar/.platformio/packages/toolchain-gccarmnoneeabi/bin/../lib/gcc/arm-none-eabi/12.3.1/thumb/v7e-m+fp/hard/crtbegin.o

.rodata         0x0800ab30     0x11a4
                0x0800ab30                        . = ALIGN (0x4)
 *(.rodata)
 *(.rodata*)
 .rodata.PinMap_UART_CTS
                0x0800ab30       0xcc .pio/build/genericSTM32H723ZG/FrameworkArduinoVariant/PeripheralPins.c.o
                0x0800ab30                PinMap_UART_CTS
 .rodata.PinMap_UART_RTS
                0x0800abfc       0xcc .pio/build/genericSTM32H723ZG/FrameworkArduinoVariant/PeripheralPins.c.o
                0x0800abfc                PinMap_UART_RTS
 .rodata.PinMap_UART_RX
                0x0800acc8      0x168 .pio/build/genericSTM32H723ZG/FrameworkArduinoVariant/PeripheralPins.c.o
                0x0800acc8                PinMap_UART_RX
 .rodata.PinMap_UART_TX
                0x0800ae30      0x168 .pio/build/genericSTM32H723ZG/FrameworkArduinoVariant/PeripheralPins.c.o
                0x0800ae30                PinMap_UART_TX
 .rodata.PinMap_TIM
                0x0800af98      0x474 .pio/build/genericSTM32H723ZG/FrameworkArduinoVariant/PeripheralPins.c.o
                0x0800af98                PinMap_TIM
 .rodata.PinMap_I2C_SCL
                0x0800b40c       0x9c .pio/build/genericSTM32H723ZG/FrameworkArduinoVariant/PeripheralPins.c.o
                0x0800b40c                PinMap_I2C_SCL
 .rodata.PinMap_I2C_SDA
                0x0800b4a8       0x9c .pio/build/genericSTM32H723ZG/FrameworkArduinoVariant/PeripheralPins.c.o
                0x0800b4a8                PinMap_I2C_SDA
 .rodata.PinMap_DAC
                0x0800b544       0x24 .pio/build/genericSTM32H723ZG/FrameworkArduinoVariant/PeripheralPins.c.o
                0x0800b544                PinMap_DAC
 .rodata.PinMap_ADC
                0x0800b568      0x204 .pio/build/genericSTM32H723ZG/FrameworkArduinoVariant/PeripheralPins.c.o
                0x0800b568                PinMap_ADC
 .rodata.analogInputPin
                0x0800b76c       0x70 .pio/build/genericSTM32H723ZG/FrameworkArduinoVariant/variant_generic.cpp.o
                0x0800b76c                analogInputPin
 .rodata.digitalPin
                0x0800b7dc      0x1c8 .pio/build/genericSTM32H723ZG/FrameworkArduinoVariant/variant_generic.cpp.o
                0x0800b7dc                digitalPin
 .rodata.CSWTCH.197
                0x0800b9a4       0x11 .pio/build/genericSTM32H723ZG/SrcWrapper/src/HAL/stm32yyxx_hal_adc.c.o
 *fill*         0x0800b9b5        0x1 
 .rodata.UARTPrescTable
                0x0800b9b6       0x18 .pio/build/genericSTM32H723ZG/SrcWrapper/src/HAL/stm32yyxx_hal_uart.c.o
                0x0800b9b6                UARTPrescTable
 *fill*         0x0800b9ce        0x2 
 .rodata.CSWTCH.26
                0x0800b9d0        0xc .pio/build/genericSTM32H723ZG/SrcWrapper/src/stm32/analog.cpp.o
 .rodata.CSWTCH.24
                0x0800b9dc       0x50 .pio/build/genericSTM32H723ZG/SrcWrapper/src/stm32/analog.cpp.o
 .rodata.pin_map_ll
                0x0800ba2c       0x40 .pio/build/genericSTM32H723ZG/SrcWrapper/src/stm32/pinmap.c.o
                0x0800ba2c                pin_map_ll
 .rodata.PinMapAnalogSwitch
                0x0800ba6c       0x28 .pio/build/genericSTM32H723ZG/SrcWrapper/src/stm32/pinmap.c.o
                0x0800ba6c                PinMapAnalogSwitch
 .rodata.D1CorePrescTable
                0x0800ba94       0x10 .pio/build/genericSTM32H723ZG/SrcWrapper/src/stm32/system_stm32yyxx.c.o
                0x0800ba94                D1CorePrescTable
 .rodata.presc_div.0
                0x0800baa4       0x18 .pio/build/genericSTM32H723ZG/SrcWrapper/src/stm32/uart.c.o
 .rodata._ZL4gain
                0x0800babc       0x50 .pio/build/genericSTM32H723ZG/src/main.cpp.o
 .rodata._ZL5Photo
                0x0800bb0c       0x54 .pio/build/genericSTM32H723ZG/src/main.cpp.o
 .rodata._ZTV5HLSCL
                0x0800bb60       0x20 .pio/build/genericSTM32H723ZG/liba0e/libFTServo.a(HLSCL.cpp.o)
                0x0800bb60                vtable for HLSCL
 .rodata._ZTV3SCS
                0x0800bb80       0x20 .pio/build/genericSTM32H723ZG/liba0e/libFTServo.a(SCS.cpp.o)
                0x0800bb80                vtable for SCS
 .rodata._ZTV8SCSerial
                0x0800bba0       0x20 .pio/build/genericSTM32H723ZG/liba0e/libFTServo.a(SCSerial.cpp.o)
                0x0800bba0                vtable for SCSerial
 .rodata._ZL5Photo
                0x0800bbc0       0x54 .pio/build/genericSTM32H723ZG/libff2/libforLib.a(forLib.cpp.o)
 .rodata.CSWTCH.73
                0x0800bc14        0xc .pio/build/genericSTM32H723ZG/libFrameworkArduino.a(HardwareSerial.cpp.o)
 .rodata.CSWTCH.72
                0x0800bc20        0x5 .pio/build/genericSTM32H723ZG/libFrameworkArduino.a(HardwareSerial.cpp.o)
 *fill*         0x0800bc25        0x3 
 .rodata._ZTV14HardwareSerial
                0x0800bc28       0x2c .pio/build/genericSTM32H723ZG/libFrameworkArduino.a(HardwareSerial.cpp.o)
                0x0800bc28                vtable for HardwareSerial
 .rodata._ZTV7TwoWire
                0x0800bc54       0x2c .pio/build/genericSTM32H723ZG/lib6c9/libWire.a(Wire.cpp.o)
                0x0800bc54                vtable for TwoWire
 .rodata.I2C_Charac
                0x0800bc80       0x54 .pio/build/genericSTM32H723ZG/lib6c9/libWire.a(twi.c.o)
                0x0800bcd4                        . = ALIGN (0x4)

.ARM.extab
 *(.ARM.extab* .gnu.linkonce.armextab.*)

.ARM            0x0800bcd4        0x8
                0x0800bcd4                        __exidx_start = .
 *(.ARM.exidx*)
 .ARM.exidx.text.__udivmoddi4
                0x0800bcd4        0x8 c:/users/yutar/.platformio/packages/toolchain-gccarmnoneeabi/bin/../lib/gcc/arm-none-eabi/12.3.1/thumb/v7e-m+fp/hard\libgcc.a(_udivmoddi4.o)
                0x0800bcdc                        __exidx_end = .

.preinit_array  0x0800bcdc        0x0
                0x0800bcdc                        PROVIDE (__preinit_array_start = .)
 *(.preinit_array*)
                0x0800bcdc                        PROVIDE (__preinit_array_end = .)

.init_array     0x0800bcdc       0x18
                0x0800bcdc                        PROVIDE (__init_array_start = .)
 *(SORT_BY_NAME(.init_array.*))
 .init_array.00101
                0x0800bcdc        0x4 .pio/build/genericSTM32H723ZG/libFrameworkArduino.a(main.cpp.o)
 *(.init_array*)
 .init_array    0x0800bce0        0x4 c:/users/yutar/.platformio/packages/toolchain-gccarmnoneeabi/bin/../lib/gcc/arm-none-eabi/12.3.1/thumb/v7e-m+fp/hard/crtbegin.o
 .init_array    0x0800bce4        0x4 .pio/build/genericSTM32H723ZG/SrcWrapper/src/stm32/interrupt.cpp.o
 .init_array    0x0800bce8        0x4 .pio/build/genericSTM32H723ZG/libff2/libforLib.a(forLib.cpp.o)
 .init_array    0x0800bcec        0x4 .pio/build/genericSTM32H723ZG/libFrameworkArduino.a(HardwareSerial.cpp.o)
 .init_array    0x0800bcf0        0x4 .pio/build/genericSTM32H723ZG/lib6c9/libWire.a(Wire.cpp.o)
                0x0800bcf4                        PROVIDE (__init_array_end = .)

.fini_array     0x0800bcf4       0x10
                0x0800bcf4                        PROVIDE (__fini_array_start = .)
 *(SORT_BY_NAME(.fini_array.*))
 *(.fini_array*)
 .fini_array    0x0800bcf4        0x4 c:/users/yutar/.platformio/packages/toolchain-gccarmnoneeabi/bin/../lib/gcc/arm-none-eabi/12.3.1/thumb/v7e-m+fp/hard/crtbegin.o
 .fini_array    0x0800bcf8        0x4 .pio/build/genericSTM32H723ZG/SrcWrapper/src/stm32/interrupt.cpp.o
 .fini_array    0x0800bcfc        0x4 .pio/build/genericSTM32H723ZG/libff2/libforLib.a(forLib.cpp.o)
 .fini_array    0x0800bd00        0x4 .pio/build/genericSTM32H723ZG/lib6c9/libWire.a(Wire.cpp.o)
                0x0800bd04                        PROVIDE (__fini_array_end = .)
                0x0800bd04                        _sidata = LOADADDR (.data)

.rel.dyn        0x0800bd04        0x0
 .rel.iplt      0x0800bd04        0x0 c:/users/yutar/.platformio/packages/toolchain-gccarmnoneeabi/bin/../lib/gcc/arm-none-eabi/12.3.1/thumb/v7e-m+fp/hard/crtbegin.o

.data           0x24000000       0xc4 load address 0x0800bd04
                0x24000000                        . = ALIGN (0x4)
                0x24000000                        _sdata = .
 *(.data)
 *(.data*)
 .data.uwTickFreq
                0x24000000        0x1 .pio/build/genericSTM32H723ZG/SrcWrapper/src/HAL/stm32yyxx_hal.c.o
                0x24000000                uwTickFreq
 *fill*         0x24000001        0x3 
 .data.uwTickPrio
                0x24000004        0x4 .pio/build/genericSTM32H723ZG/SrcWrapper/src/HAL/stm32yyxx_hal.c.o
                0x24000004                uwTickPrio
 .data.GPIOPort_list
                0x24000008       0x28 .pio/build/genericSTM32H723ZG/SrcWrapper/src/stm32/PortNames.c.o
                0x24000008                GPIOPort_list
 .data._ZL13g_current_pin
                0x24000030        0x4 .pio/build/genericSTM32H723ZG/SrcWrapper/src/stm32/analog.cpp.o
 .data.hcrc     0x24000034       0x24 .pio/build/genericSTM32H723ZG/SrcWrapper/src/stm32/hw_config.c.o
                0x24000034                hcrc
 .data.SystemD2Clock
                0x24000058        0x4 .pio/build/genericSTM32H723ZG/SrcWrapper/src/stm32/system_stm32yyxx.c.o
                0x24000058                SystemD2Clock
 .data.SystemCoreClock
                0x2400005c        0x4 .pio/build/genericSTM32H723ZG/SrcWrapper/src/stm32/system_stm32yyxx.c.o
                0x2400005c                SystemCoreClock
 .data.heap_end.0
                0x24000060        0x4 .pio/build/genericSTM32H723ZG/SrcWrapper/src/syscalls.c.o
 .data.Torque   0x24000064        0x4 .pio/build/genericSTM32H723ZG/src/main.cpp.o
                0x24000064                Torque
 .data.ID       0x24000068        0x2 .pio/build/genericSTM32H723ZG/src/main.cpp.o
                0x24000068                ID
 *fill*         0x2400006a        0x2 
 .data._internalReadResolution
                0x2400006c        0x4 .pio/build/genericSTM32H723ZG/libFrameworkArduino.a(wiring_analog.c.o)
 .data._readResolution
                0x24000070        0x4 .pio/build/genericSTM32H723ZG/libFrameworkArduino.a(wiring_analog.c.o)